  Determining projects to restore...
  All projects are up-to-date for restore.
  GymDAL -> C:\Meno\Projects\MVC.Net\GymMVC\GymDAL\bin\Debug\net9.0\GymDAL.dll
C:\Meno\Projects\MVC.Net\GymMVC\GymBLL\Common\ModularBusinessAccessLayer.cs(15,7): warning CS0105: The using directive for 'GymBLL.Service.Implementation.Trainer' appeared previously in this namespace [C:\Meno\Projects\MVC.Net\GymMVC\GymBLL\GymBLL.csproj]
C:\Meno\Projects\MVC.Net\GymMVC\GymBLL\Global\Global.cs(9,14): warning CS0105: The using directive for 'System.Threading.Tasks' appeared previously in this namespace [C:\Meno\Projects\MVC.Net\GymMVC\GymBLL\GymBLL.csproj]
C:\Meno\Projects\MVC.Net\GymMVC\GymBLL\Service\Abstract\Financial\IMembershipService.cs(4,7): warning CS0105: The using directive for 'GymBLL.ModelVM.Financial' appeared previously in this namespace [C:\Meno\Projects\MVC.Net\GymMVC\GymBLL\GymBLL.csproj]
C:\Meno\Projects\MVC.Net\GymMVC\GymBLL\Service\Abstract\Financial\IPaymentService.cs(4,7): warning CS0105: The using directive for 'GymBLL.ModelVM.Financial' appeared previously in this namespace [C:\Meno\Projects\MVC.Net\GymMVC\GymBLL\GymBLL.csproj]
C:\Meno\Projects\MVC.Net\GymMVC\GymBLL\Service\Abstract\Financial\ISubscriptionService.cs(4,7): warning CS0105: The using directive for 'GymBLL.ModelVM.Financial' appeared previously in this namespace [C:\Meno\Projects\MVC.Net\GymMVC\GymBLL\GymBLL.csproj]
C:\Meno\Projects\MVC.Net\GymMVC\GymBLL\Service\Abstract\Nutrition\IDietPlanItemService.cs(4,7): warning CS0105: The using directive for 'GymBLL.ModelVM.Nutrition' appeared previously in this namespace [C:\Meno\Projects\MVC.Net\GymMVC\GymBLL\GymBLL.csproj]
C:\Meno\Projects\MVC.Net\GymMVC\GymBLL\Service\Abstract\Nutrition\IMealLogService.cs(4,7): warning CS0105: The using directive for 'GymBLL.ModelVM.Nutrition' appeared previously in this namespace [C:\Meno\Projects\MVC.Net\GymMVC\GymBLL\GymBLL.csproj]
C:\Meno\Projects\MVC.Net\GymMVC\GymBLL\Service\Abstract\Trainer\ITrainerService.cs(5,7): warning CS0105: The using directive for 'GymBLL.ModelVM.Trainer' appeared previously in this namespace [C:\Meno\Projects\MVC.Net\GymMVC\GymBLL\GymBLL.csproj]
C:\Meno\Projects\MVC.Net\GymMVC\GymBLL\Service\Abstract\Workout\IWorkoutAssignmentService.cs(4,7): warning CS0105: The using directive for 'GymBLL.ModelVM.Workout' appeared previously in this namespace [C:\Meno\Projects\MVC.Net\GymMVC\GymBLL\GymBLL.csproj]
C:\Meno\Projects\MVC.Net\GymMVC\GymBLL\Service\Abstract\Workout\IWorkoutPlanItemService.cs(4,7): warning CS0105: The using directive for 'GymBLL.ModelVM.Workout' appeared previously in this namespace [C:\Meno\Projects\MVC.Net\GymMVC\GymBLL\GymBLL.csproj]
C:\Meno\Projects\MVC.Net\GymMVC\GymBLL\Service\Implementation\Communication\EmailService.cs(12,7): warning CS0105: The using directive for 'GymBLL.Service.Abstract.Communication' appeared previously in this namespace [C:\Meno\Projects\MVC.Net\GymMVC\GymBLL\GymBLL.csproj]
C:\Meno\Projects\MVC.Net\GymMVC\GymBLL\Common\StripeSettings.cs(5,23): warning CS8618: Non-nullable property 'PublishableKey' must contain a non-null value when exiting constructor. Consider adding the 'required' modifier or declaring the property as nullable. [C:\Meno\Projects\MVC.Net\GymMVC\GymBLL\GymBLL.csproj]
C:\Meno\Projects\MVC.Net\GymMVC\GymBLL\Common\StripeSettings.cs(6,23): warning CS8618: Non-nullable property 'SecretKey' must contain a non-null value when exiting constructor. Consider adding the 'required' modifier or declaring the property as nullable. [C:\Meno\Projects\MVC.Net\GymMVC\GymBLL\GymBLL.csproj]
C:\Meno\Projects\MVC.Net\GymMVC\GymBLL\Common\StripeSettings.cs(7,23): warning CS8618: Non-nullable property 'WebhookSecret' must contain a non-null value when exiting constructor. Consider adding the 'required' modifier or declaring the property as nullable. [C:\Meno\Projects\MVC.Net\GymMVC\GymBLL\GymBLL.csproj]
C:\Meno\Projects\MVC.Net\GymMVC\GymBLL\ModelVM\Workout\WorkoutPlanVM.cs(12,23): warning CS8618: Non-nullable property 'Name' must contain a non-null value when exiting constructor. Consider adding the 'required' modifier or declaring the property as nullable. [C:\Meno\Projects\MVC.Net\GymMVC\GymBLL\GymBLL.csproj]
C:\Meno\Projects\MVC.Net\GymMVC\GymBLL\ModelVM\Workout\WorkoutPlanItemVM.cs(20,23): warning CS8618: Non-nullable property 'ExerciseName' must contain a non-null value when exiting constructor. Consider adding the 'required' modifier or declaring the property as nullable. [C:\Meno\Projects\MVC.Net\GymMVC\GymBLL\GymBLL.csproj]
C:\Meno\Projects\MVC.Net\GymMVC\GymBLL\ModelVM\Workout\WorkoutLogVM.cs(24,23): warning CS8618: Non-nullable property 'ExerciseName' must contain a non-null value when exiting constructor. Consider adding the 'required' modifier or declaring the property as nullable. [C:\Meno\Projects\MVC.Net\GymMVC\GymBLL\GymBLL.csproj]
C:\Meno\Projects\MVC.Net\GymMVC\GymBLL\ModelVM\Workout\WorkoutLogVM.cs(9,23): warning CS8618: Non-nullable property 'MemberId' must contain a non-null value when exiting constructor. Consider adding the 'required' modifier or declaring the property as nullable. [C:\Meno\Projects\MVC.Net\GymMVC\GymBLL\GymBLL.csproj]
C:\Meno\Projects\MVC.Net\GymMVC\GymBLL\ModelVM\Workout\WorkoutLogVM.cs(11,23): warning CS8618: Non-nullable property 'WorkoutPlanName' must contain a non-null value when exiting constructor. Consider adding the 'required' modifier or declaring the property as nullable. [C:\Meno\Projects\MVC.Net\GymMVC\GymBLL\GymBLL.csproj]
C:\Meno\Projects\MVC.Net\GymMVC\GymBLL\ModelVM\AI\AIChatModels.cs(13,23): warning CS8618: Non-nullable property 'Reply' must contain a non-null value when exiting constructor. Consider adding the 'required' modifier or declaring the property as nullable. [C:\Meno\Projects\MVC.Net\GymMVC\GymBLL\GymBLL.csproj]
C:\Meno\Projects\MVC.Net\GymMVC\GymBLL\ModelVM\Trainer\TrainerReviewVM.cs(10,23): warning CS8618: Non-nullable property 'TrainerId' must contain a non-null value when exiting constructor. Consider adding the 'required' modifier or declaring the property as nullable. [C:\Meno\Projects\MVC.Net\GymMVC\GymBLL\GymBLL.csproj]
C:\Meno\Projects\MVC.Net\GymMVC\GymBLL\ModelVM\Trainer\TrainerReviewVM.cs(13,23): warning CS8618: Non-nullable property 'MemberId' must contain a non-null value when exiting constructor. Consider adding the 'required' modifier or declaring the property as nullable. [C:\Meno\Projects\MVC.Net\GymMVC\GymBLL\GymBLL.csproj]
C:\Meno\Projects\MVC.Net\GymMVC\GymBLL\ModelVM\AI\AIChatModels.cs(7,23): warning CS8618: Non-nullable property 'Message' must contain a non-null value when exiting constructor. Consider adding the 'required' modifier or declaring the property as nullable. [C:\Meno\Projects\MVC.Net\GymMVC\GymBLL\GymBLL.csproj]
C:\Meno\Projects\MVC.Net\GymMVC\GymBLL\ModelVM\Trainer\TrainerProfileVM.cs(8,23): warning CS8618: Non-nullable property 'Id' must contain a non-null value when exiting constructor. Consider adding the 'required' modifier or declaring the property as nullable. [C:\Meno\Projects\MVC.Net\GymMVC\GymBLL\GymBLL.csproj]
C:\Meno\Projects\MVC.Net\GymMVC\GymBLL\ModelVM\Trainer\TrainerProfileVM.cs(11,23): warning CS8618: Non-nullable property 'FullName' must contain a non-null value when exiting constructor. Consider adding the 'required' modifier or declaring the property as nullable. [C:\Meno\Projects\MVC.Net\GymMVC\GymBLL\GymBLL.csproj]
C:\Meno\Projects\MVC.Net\GymMVC\GymBLL\ModelVM\Trainer\TrainerProfileVM.cs(14,23): warning CS8618: Non-nullable property 'Email' must contain a non-null value when exiting constructor. Consider adding the 'required' modifier or declaring the property as nullable. [C:\Meno\Projects\MVC.Net\GymMVC\GymBLL\GymBLL.csproj]
C:\Meno\Projects\MVC.Net\GymMVC\GymBLL\ModelVM\Trainer\TrainerProfileVM.cs(16,23): warning CS8618: Non-nullable property 'Phone' must contain a non-null value when exiting constructor. Consider adding the 'required' modifier or declaring the property as nullable. [C:\Meno\Projects\MVC.Net\GymMVC\GymBLL\GymBLL.csproj]
C:\Meno\Projects\MVC.Net\GymMVC\GymBLL\ModelVM\Trainer\TrainerProfileVM.cs(17,23): warning CS8618: Non-nullable property 'ProfilePicture' must contain a non-null value when exiting constructor. Consider adding the 'required' modifier or declaring the property as nullable. [C:\Meno\Projects\MVC.Net\GymMVC\GymBLL\GymBLL.csproj]
C:\Meno\Projects\MVC.Net\GymMVC\GymBLL\ModelVM\Trainer\TrainerProfileVM.cs(19,23): warning CS8618: Non-nullable property 'Bio' must contain a non-null value when exiting constructor. Consider adding the 'required' modifier or declaring the property as nullable. [C:\Meno\Projects\MVC.Net\GymMVC\GymBLL\GymBLL.csproj]
C:\Meno\Projects\MVC.Net\GymMVC\GymBLL\ModelVM\Trainer\TrainerProfileVM.cs(24,26): warning CS8618: Non-nullable property 'ProfileImageFile' must contain a non-null value when exiting constructor. Consider adding the 'required' modifier or declaring the property as nullable. [C:\Meno\Projects\MVC.Net\GymMVC\GymBLL\GymBLL.csproj]
C:\Meno\Projects\MVC.Net\GymMVC\GymBLL\ModelVM\Communication\NotificationVM.cs(11,23): warning CS8618: Non-nullable property 'UserId' must contain a non-null value when exiting constructor. Consider adding the 'required' modifier or declaring the property as nullable. [C:\Meno\Projects\MVC.Net\GymMVC\GymBLL\GymBLL.csproj]
C:\Meno\Projects\MVC.Net\GymMVC\GymBLL\ModelVM\Communication\NotificationVM.cs(19,23): warning CS8618: Non-nullable property 'Message' must contain a non-null value when exiting constructor. Consider adding the 'required' modifier or declaring the property as nullable. [C:\Meno\Projects\MVC.Net\GymMVC\GymBLL\GymBLL.csproj]
C:\Meno\Projects\MVC.Net\GymMVC\GymBLL\ModelVM\Communication\ConversationVM.cs(7,23): warning CS8618: Non-nullable property 'OtherUserId' must contain a non-null value when exiting constructor. Consider adding the 'required' modifier or declaring the property as nullable. [C:\Meno\Projects\MVC.Net\GymMVC\GymBLL\GymBLL.csproj]
C:\Meno\Projects\MVC.Net\GymMVC\GymBLL\ModelVM\Communication\ConversationVM.cs(8,23): warning CS8618: Non-nullable property 'OtherUserName' must contain a non-null value when exiting constructor. Consider adding the 'required' modifier or declaring the property as nullable. [C:\Meno\Projects\MVC.Net\GymMVC\GymBLL\GymBLL.csproj]
C:\Meno\Projects\MVC.Net\GymMVC\GymBLL\ModelVM\Communication\ConversationVM.cs(10,23): warning CS8618: Non-nullable property 'LastMessage' must contain a non-null value when exiting constructor. Consider adding the 'required' modifier or declaring the property as nullable. [C:\Meno\Projects\MVC.Net\GymMVC\GymBLL\GymBLL.csproj]
C:\Meno\Projects\MVC.Net\GymMVC\GymBLL\ModelVM\TempRegistrationVM.cs(9,23): warning CS8618: Non-nullable property 'Email' must contain a non-null value when exiting constructor. Consider adding the 'required' modifier or declaring the property as nullable. [C:\Meno\Projects\MVC.Net\GymMVC\GymBLL\GymBLL.csproj]
C:\Meno\Projects\MVC.Net\GymMVC\GymBLL\ModelVM\Financial\UpgradeSubscriptionVM.cs(12,23): warning CS8618: Non-nullable property 'MemberId' must contain a non-null value when exiting constructor. Consider adding the 'required' modifier or declaring the property as nullable. [C:\Meno\Projects\MVC.Net\GymMVC\GymBLL\GymBLL.csproj]
C:\Meno\Projects\MVC.Net\GymMVC\GymBLL\ModelVM\Financial\UpgradeSubscriptionVM.cs(18,23): warning CS8618: Non-nullable property 'CurrentMembershipType' must contain a non-null value when exiting constructor. Consider adding the 'required' modifier or declaring the property as nullable. [C:\Meno\Projects\MVC.Net\GymMVC\GymBLL\GymBLL.csproj]
C:\Meno\Projects\MVC.Net\GymMVC\GymBLL\ModelVM\Financial\UpgradeSubscriptionVM.cs(25,23): warning CS8618: Non-nullable property 'NewMembershipType' must contain a non-null value when exiting constructor. Consider adding the 'required' modifier or declaring the property as nullable. [C:\Meno\Projects\MVC.Net\GymMVC\GymBLL\GymBLL.csproj]
C:\Meno\Projects\MVC.Net\GymMVC\GymBLL\ModelVM\Financial\UpgradeSubscriptionVM.cs(33,23): warning CS8618: Non-nullable property 'PaymentMethod' must contain a non-null value when exiting constructor. Consider adding the 'required' modifier or declaring the property as nullable. [C:\Meno\Projects\MVC.Net\GymMVC\GymBLL\GymBLL.csproj]
C:\Meno\Projects\MVC.Net\GymMVC\GymBLL\ModelVM\Financial\UpgradeSubscriptionVM.cs(47,23): warning CS8618: Non-nullable property 'BillingName' must contain a non-null value when exiting constructor. Consider adding the 'required' modifier or declaring the property as nullable. [C:\Meno\Projects\MVC.Net\GymMVC\GymBLL\GymBLL.csproj]
C:\Meno\Projects\MVC.Net\GymMVC\GymBLL\ModelVM\Financial\UpgradeSubscriptionVM.cs(50,23): warning CS8618: Non-nullable property 'BillingAddress' must contain a non-null value when exiting constructor. Consider adding the 'required' modifier or declaring the property as nullable. [C:\Meno\Projects\MVC.Net\GymMVC\GymBLL\GymBLL.csproj]
C:\Meno\Projects\MVC.Net\GymMVC\GymBLL\ModelVM\Financial\UpgradeSubscriptionVM.cs(54,23): warning CS8618: Non-nullable property 'BillingEmail' must contain a non-null value when exiting constructor. Consider adding the 'required' modifier or declaring the property as nullable. [C:\Meno\Projects\MVC.Net\GymMVC\GymBLL\GymBLL.csproj]
C:\Meno\Projects\MVC.Net\GymMVC\GymBLL\ModelVM\Report\WeightLogVM.cs(10,23): warning CS8618: Non-nullable property 'Notes' must contain a non-null value when exiting constructor. Consider adding the 'required' modifier or declaring the property as nullable. [C:\Meno\Projects\MVC.Net\GymMVC\GymBLL\GymBLL.csproj]
C:\Meno\Projects\MVC.Net\GymMVC\GymBLL\ModelVM\Financial\SubscriptionVM.cs(11,23): warning CS8618: Non-nullable property 'MemberId' must contain a non-null value when exiting constructor. Consider adding the 'required' modifier or declaring the property as nullable. [C:\Meno\Projects\MVC.Net\GymMVC\GymBLL\GymBLL.csproj]
C:\Meno\Projects\MVC.Net\GymMVC\GymBLL\ModelVM\Communication\ChatMessageVM.cs(8,23): warning CS8618: Non-nullable property 'SenderId' must contain a non-null value when exiting constructor. Consider adding the 'required' modifier or declaring the property as nullable. [C:\Meno\Projects\MVC.Net\GymMVC\GymBLL\GymBLL.csproj]
C:\Meno\Projects\MVC.Net\GymMVC\GymBLL\ModelVM\Communication\ChatMessageVM.cs(9,23): warning CS8618: Non-nullable property 'SenderName' must contain a non-null value when exiting constructor. Consider adding the 'required' modifier or declaring the property as nullable. [C:\Meno\Projects\MVC.Net\GymMVC\GymBLL\GymBLL.csproj]
C:\Meno\Projects\MVC.Net\GymMVC\GymBLL\ModelVM\Communication\ChatMessageVM.cs(10,23): warning CS8618: Non-nullable property 'ReceiverId' must contain a non-null value when exiting constructor. Consider adding the 'required' modifier or declaring the property as nullable. [C:\Meno\Projects\MVC.Net\GymMVC\GymBLL\GymBLL.csproj]
C:\Meno\Projects\MVC.Net\GymMVC\GymBLL\ModelVM\Communication\ChatMessageVM.cs(11,23): warning CS8618: Non-nullable property 'ReceiverName' must contain a non-null value when exiting constructor. Consider adding the 'required' modifier or declaring the property as nullable. [C:\Meno\Projects\MVC.Net\GymMVC\GymBLL\GymBLL.csproj]
C:\Meno\Projects\MVC.Net\GymMVC\GymBLL\ModelVM\Report\MemberReportVM.cs(11,25): warning CS8618: Non-nullable property 'Member' must contain a non-null value when exiting constructor. Consider adding the 'required' modifier or declaring the property as nullable. [C:\Meno\Projects\MVC.Net\GymMVC\GymBLL\GymBLL.csproj]
C:\Meno\Projects\MVC.Net\GymMVC\GymBLL\ModelVM\Report\MemberReportVM.cs(12,23): warning CS8618: Non-nullable property 'MembershipType' must contain a non-null value when exiting constructor. Consider adding the 'required' modifier or declaring the property as nullable. [C:\Meno\Projects\MVC.Net\GymMVC\GymBLL\GymBLL.csproj]
C:\Meno\Projects\MVC.Net\GymMVC\GymBLL\ModelVM\Financial\SubscriptionStatusVM.cs(9,23): warning CS8618: Non-nullable property 'MemberId' must contain a non-null value when exiting constructor. Consider adding the 'required' modifier or declaring the property as nullable. [C:\Meno\Projects\MVC.Net\GymMVC\GymBLL\GymBLL.csproj]
C:\Meno\Projects\MVC.Net\GymMVC\GymBLL\ModelVM\Financial\SubscriptionStatusVM.cs(10,23): warning CS8618: Non-nullable property 'MembershipType' must contain a non-null value when exiting constructor. Consider adding the 'required' modifier or declaring the property as nullable. [C:\Meno\Projects\MVC.Net\GymMVC\GymBLL\GymBLL.csproj]
C:\Meno\Projects\MVC.Net\GymMVC\GymBLL\ModelVM\Financial\SubscriptionStatusVM.cs(11,23): warning CS8618: Non-nullable property 'Status' must contain a non-null value when exiting constructor. Consider adding the 'required' modifier or declaring the property as nullable. [C:\Meno\Projects\MVC.Net\GymMVC\GymBLL\GymBLL.csproj]
C:\Meno\Projects\MVC.Net\GymMVC\GymBLL\ModelVM\Financial\SubscriptionStatusVM.cs(20,23): warning CS8618: Non-nullable property 'StatusBadgeClass' must contain a non-null value when exiting constructor. Consider adding the 'required' modifier or declaring the property as nullable. [C:\Meno\Projects\MVC.Net\GymMVC\GymBLL\GymBLL.csproj]
C:\Meno\Projects\MVC.Net\GymMVC\GymBLL\ModelVM\Financial\SubscriptionStatusVM.cs(21,23): warning CS8618: Non-nullable property 'ProgressPercentage' must contain a non-null value when exiting constructor. Consider adding the 'required' modifier or declaring the property as nullable. [C:\Meno\Projects\MVC.Net\GymMVC\GymBLL\GymBLL.csproj]
C:\Meno\Projects\MVC.Net\GymMVC\GymBLL\ModelVM\Report\MealLogVM.cs(10,23): warning CS8618: Non-nullable property 'Notes' must contain a non-null value when exiting constructor. Consider adding the 'required' modifier or declaring the property as nullable. [C:\Meno\Projects\MVC.Net\GymMVC\GymBLL\GymBLL.csproj]
C:\Meno\Projects\MVC.Net\GymMVC\GymBLL\ModelVM\Dashboard\DashboardVM.cs(25,23): warning CS8618: Non-nullable property 'MemberName' must contain a non-null value when exiting constructor. Consider adding the 'required' modifier or declaring the property as nullable. [C:\Meno\Projects\MVC.Net\GymMVC\GymBLL\GymBLL.csproj]
C:\Meno\Projects\MVC.Net\GymMVC\GymBLL\ModelVM\Dashboard\DashboardVM.cs(26,46): warning CS8618: Non-nullable property 'SubscriptionStatus' must contain a non-null value when exiting constructor. Consider adding the 'required' modifier or declaring the property as nullable. [C:\Meno\Projects\MVC.Net\GymMVC\GymBLL\GymBLL.csproj]
C:\Meno\Projects\MVC.Net\GymMVC\GymBLL\ModelVM\Dashboard\DashboardVM.cs(28,23): warning CS8618: Non-nullable property 'TodayWorkoutName' must contain a non-null value when exiting constructor. Consider adding the 'required' modifier or declaring the property as nullable. [C:\Meno\Projects\MVC.Net\GymMVC\GymBLL\GymBLL.csproj]
C:\Meno\Projects\MVC.Net\GymMVC\GymBLL\ModelVM\Dashboard\DashboardVM.cs(30,23): warning CS8618: Non-nullable property 'TodayDietName' must contain a non-null value when exiting constructor. Consider adding the 'required' modifier or declaring the property as nullable. [C:\Meno\Projects\MVC.Net\GymMVC\GymBLL\GymBLL.csproj]
C:\Meno\Projects\MVC.Net\GymMVC\GymBLL\ModelVM\Dashboard\DashboardVM.cs(31,23): warning CS8618: Non-nullable property 'TrainerId' must contain a non-null value when exiting constructor. Consider adding the 'required' modifier or declaring the property as nullable. [C:\Meno\Projects\MVC.Net\GymMVC\GymBLL\GymBLL.csproj]
C:\Meno\Projects\MVC.Net\GymMVC\GymBLL\ModelVM\Dashboard\DashboardVM.cs(32,23): warning CS8618: Non-nullable property 'TrainerName' must contain a non-null value when exiting constructor. Consider adding the 'required' modifier or declaring the property as nullable. [C:\Meno\Projects\MVC.Net\GymMVC\GymBLL\GymBLL.csproj]
C:\Meno\Projects\MVC.Net\GymMVC\GymBLL\ModelVM\Dashboard\DashboardVM.cs(35,40): warning CS8618: Non-nullable property 'TodayExercises' must contain a non-null value when exiting constructor. Consider adding the 'required' modifier or declaring the property as nullable. [C:\Meno\Projects\MVC.Net\GymMVC\GymBLL\GymBLL.csproj]
C:\Meno\Projects\MVC.Net\GymMVC\GymBLL\ModelVM\Dashboard\DashboardVM.cs(36,37): warning CS8618: Non-nullable property 'TodayMeals' must contain a non-null value when exiting constructor. Consider adding the 'required' modifier or declaring the property as nullable. [C:\Meno\Projects\MVC.Net\GymMVC\GymBLL\GymBLL.csproj]
C:\Meno\Projects\MVC.Net\GymMVC\GymBLL\ModelVM\Financial\RenewSubscriptionVM.cs(11,23): warning CS8618: Non-nullable property 'MemberId' must contain a non-null value when exiting constructor. Consider adding the 'required' modifier or declaring the property as nullable. [C:\Meno\Projects\MVC.Net\GymMVC\GymBLL\GymBLL.csproj]
C:\Meno\Projects\MVC.Net\GymMVC\GymBLL\ModelVM\Financial\RenewSubscriptionVM.cs(13,23): warning CS8618: Non-nullable property 'MemberName' must contain a non-null value when exiting constructor. Consider adding the 'required' modifier or declaring the property as nullable. [C:\Meno\Projects\MVC.Net\GymMVC\GymBLL\GymBLL.csproj]
C:\Meno\Projects\MVC.Net\GymMVC\GymBLL\ModelVM\Financial\RenewSubscriptionVM.cs(17,23): warning CS8618: Non-nullable property 'MembershipType' must contain a non-null value when exiting constructor. Consider adding the 'required' modifier or declaring the property as nullable. [C:\Meno\Projects\MVC.Net\GymMVC\GymBLL\GymBLL.csproj]
C:\Meno\Projects\MVC.Net\GymMVC\GymBLL\ModelVM\Financial\RenewSubscriptionVM.cs(21,23): warning CS8618: Non-nullable property 'PaymentMethod' must contain a non-null value when exiting constructor. Consider adding the 'required' modifier or declaring the property as nullable. [C:\Meno\Projects\MVC.Net\GymMVC\GymBLL\GymBLL.csproj]
C:\Meno\Projects\MVC.Net\GymMVC\GymBLL\ModelVM\Financial\RenewSubscriptionVM.cs(34,23): warning CS8618: Non-nullable property 'Notes' must contain a non-null value when exiting constructor. Consider adding the 'required' modifier or declaring the property as nullable. [C:\Meno\Projects\MVC.Net\GymMVC\GymBLL\GymBLL.csproj]
C:\Meno\Projects\MVC.Net\GymMVC\GymBLL\ModelVM\Financial\RenewSubscriptionVM.cs(38,23): warning CS8618: Non-nullable property 'BillingName' must contain a non-null value when exiting constructor. Consider adding the 'required' modifier or declaring the property as nullable. [C:\Meno\Projects\MVC.Net\GymMVC\GymBLL\GymBLL.csproj]
C:\Meno\Projects\MVC.Net\GymMVC\GymBLL\ModelVM\Financial\RenewSubscriptionVM.cs(41,23): warning CS8618: Non-nullable property 'BillingAddress' must contain a non-null value when exiting constructor. Consider adding the 'required' modifier or declaring the property as nullable. [C:\Meno\Projects\MVC.Net\GymMVC\GymBLL\GymBLL.csproj]
C:\Meno\Projects\MVC.Net\GymMVC\GymBLL\ModelVM\Financial\RenewSubscriptionVM.cs(45,23): warning CS8618: Non-nullable property 'BillingEmail' must contain a non-null value when exiting constructor. Consider adding the 'required' modifier or declaring the property as nullable. [C:\Meno\Projects\MVC.Net\GymMVC\GymBLL\GymBLL.csproj]
C:\Meno\Projects\MVC.Net\GymMVC\GymBLL\ModelVM\Dashboard\DashboardVM.cs(60,26): warning CS8618: Non-nullable property 'ProfilePictureFile' must contain a non-null value when exiting constructor. Consider adding the 'required' modifier or declaring the property as nullable. [C:\Meno\Projects\MVC.Net\GymMVC\GymBLL\GymBLL.csproj]
C:\Meno\Projects\MVC.Net\GymMVC\GymBLL\ModelVM\Dashboard\DashboardVM.cs(61,23): warning CS8618: Non-nullable property 'ProfilePicture' must contain a non-null value when exiting constructor. Consider adding the 'required' modifier or declaring the property as nullable. [C:\Meno\Projects\MVC.Net\GymMVC\GymBLL\GymBLL.csproj]
C:\Meno\Projects\MVC.Net\GymMVC\GymBLL\ModelVM\Dashboard\DashboardVM.cs(62,23): warning CS8618: Non-nullable property 'MemberId' must contain a non-null value when exiting constructor. Consider adding the 'required' modifier or declaring the property as nullable. [C:\Meno\Projects\MVC.Net\GymMVC\GymBLL\GymBLL.csproj]
C:\Meno\Projects\MVC.Net\GymMVC\GymBLL\ModelVM\Dashboard\DashboardVM.cs(63,23): warning CS8618: Non-nullable property 'FullName' must contain a non-null value when exiting constructor. Consider adding the 'required' modifier or declaring the property as nullable. [C:\Meno\Projects\MVC.Net\GymMVC\GymBLL\GymBLL.csproj]
C:\Meno\Projects\MVC.Net\GymMVC\GymBLL\ModelVM\Dashboard\DashboardVM.cs(64,23): warning CS8618: Non-nullable property 'Email' must contain a non-null value when exiting constructor. Consider adding the 'required' modifier or declaring the property as nullable. [C:\Meno\Projects\MVC.Net\GymMVC\GymBLL\GymBLL.csproj]
C:\Meno\Projects\MVC.Net\GymMVC\GymBLL\ModelVM\Dashboard\DashboardVM.cs(68,23): warning CS8618: Non-nullable property 'FitnessGoal' must contain a non-null value when exiting constructor. Consider adding the 'required' modifier or declaring the property as nullable. [C:\Meno\Projects\MVC.Net\GymMVC\GymBLL\GymBLL.csproj]
C:\Meno\Projects\MVC.Net\GymMVC\GymBLL\ModelVM\Dashboard\DashboardVM.cs(69,23): warning CS8618: Non-nullable property 'Gender' must contain a non-null value when exiting constructor. Consider adding the 'required' modifier or declaring the property as nullable. [C:\Meno\Projects\MVC.Net\GymMVC\GymBLL\GymBLL.csproj]
C:\Meno\Projects\MVC.Net\GymMVC\GymBLL\ModelVM\Dashboard\DashboardVM.cs(72,46): warning CS8618: Non-nullable property 'SubscriptionStatus' must contain a non-null value when exiting constructor. Consider adding the 'required' modifier or declaring the property as nullable. [C:\Meno\Projects\MVC.Net\GymMVC\GymBLL\GymBLL.csproj]
C:\Meno\Projects\MVC.Net\GymMVC\GymBLL\ModelVM\Nutrition\MealLogVM.cs(17,23): warning CS8618: Non-nullable property 'MealsConsumed' must contain a non-null value when exiting constructor. Consider adding the 'required' modifier or declaring the property as nullable. [C:\Meno\Projects\MVC.Net\GymMVC\GymBLL\GymBLL.csproj]
C:\Meno\Projects\MVC.Net\GymMVC\GymBLL\ModelVM\Financial\MembershipVM.cs(12,23): warning CS8618: Non-nullable property 'MembershipType' must contain a non-null value when exiting constructor. Consider adding the 'required' modifier or declaring the property as nullable. [C:\Meno\Projects\MVC.Net\GymMVC\GymBLL\GymBLL.csproj]
C:\Meno\Projects\MVC.Net\GymMVC\GymBLL\ModelVM\Financial\PaymentVM.cs(11,23): warning CS8618: Non-nullable property 'MemberId' must contain a non-null value when exiting constructor. Consider adding the 'required' modifier or declaring the property as nullable. [C:\Meno\Projects\MVC.Net\GymMVC\GymBLL\GymBLL.csproj]
C:\Meno\Projects\MVC.Net\GymMVC\GymBLL\ModelVM\Financial\PaymentVM.cs(15,23): warning CS8618: Non-nullable property 'PaymentType' must contain a non-null value when exiting constructor. Consider adding the 'required' modifier or declaring the property as nullable. [C:\Meno\Projects\MVC.Net\GymMVC\GymBLL\GymBLL.csproj]
C:\Meno\Projects\MVC.Net\GymMVC\GymBLL\ModelVM\Financial\PaymentVM.cs(30,23): warning CS8618: Non-nullable property 'PaymentMethod' must contain a non-null value when exiting constructor. Consider adding the 'required' modifier or declaring the property as nullable. [C:\Meno\Projects\MVC.Net\GymMVC\GymBLL\GymBLL.csproj]
C:\Meno\Projects\MVC.Net\GymMVC\GymBLL\ModelVM\Nutrition\DietPlanVM.cs(12,23): warning CS8618: Non-nullable property 'Name' must contain a non-null value when exiting constructor. Consider adding the 'required' modifier or declaring the property as nullable. [C:\Meno\Projects\MVC.Net\GymMVC\GymBLL\GymBLL.csproj]
C:\Meno\Projects\MVC.Net\GymMVC\GymBLL\ModelVM\Dashboard\DashboardVM.cs(42,23): warning CS8618: Non-nullable property 'SubscriptionId' must contain a non-null value when exiting constructor. Consider adding the 'required' modifier or declaring the property as nullable. [C:\Meno\Projects\MVC.Net\GymMVC\GymBLL\GymBLL.csproj]
C:\Meno\Projects\MVC.Net\GymMVC\GymBLL\ModelVM\Dashboard\DashboardVM.cs(43,23): warning CS8618: Non-nullable property 'MemberId' must contain a non-null value when exiting constructor. Consider adding the 'required' modifier or declaring the property as nullable. [C:\Meno\Projects\MVC.Net\GymMVC\GymBLL\GymBLL.csproj]
C:\Meno\Projects\MVC.Net\GymMVC\GymBLL\ModelVM\Dashboard\DashboardVM.cs(44,23): warning CS8618: Non-nullable property 'MembershipType' must contain a non-null value when exiting constructor. Consider adding the 'required' modifier or declaring the property as nullable. [C:\Meno\Projects\MVC.Net\GymMVC\GymBLL\GymBLL.csproj]
C:\Meno\Projects\MVC.Net\GymMVC\GymBLL\ModelVM\Dashboard\DashboardVM.cs(45,23): warning CS8618: Non-nullable property 'Status' must contain a non-null value when exiting constructor. Consider adding the 'required' modifier or declaring the property as nullable. [C:\Meno\Projects\MVC.Net\GymMVC\GymBLL\GymBLL.csproj]
C:\Meno\Projects\MVC.Net\GymMVC\GymBLL\ModelVM\Dashboard\DashboardVM.cs(54,23): warning CS8618: Non-nullable property 'StatusBadgeClass' must contain a non-null value when exiting constructor. Consider adding the 'required' modifier or declaring the property as nullable. [C:\Meno\Projects\MVC.Net\GymMVC\GymBLL\GymBLL.csproj]
C:\Meno\Projects\MVC.Net\GymMVC\GymBLL\ModelVM\Dashboard\DashboardVM.cs(55,23): warning CS8618: Non-nullable property 'ProgressPercentage' must contain a non-null value when exiting constructor. Consider adding the 'required' modifier or declaring the property as nullable. [C:\Meno\Projects\MVC.Net\GymMVC\GymBLL\GymBLL.csproj]
C:\Meno\Projects\MVC.Net\GymMVC\GymBLL\ModelVM\Nutrition\DietPlanItemVM.cs(18,23): warning CS8618: Non-nullable property 'MealType' must contain a non-null value when exiting constructor. Consider adding the 'required' modifier or declaring the property as nullable. [C:\Meno\Projects\MVC.Net\GymMVC\GymBLL\GymBLL.csproj]
C:\Meno\Projects\MVC.Net\GymMVC\GymBLL\ModelVM\Nutrition\DietPlanItemVM.cs(22,23): warning CS8618: Non-nullable property 'MealName' must contain a non-null value when exiting constructor. Consider adding the 'required' modifier or declaring the property as nullable. [C:\Meno\Projects\MVC.Net\GymMVC\GymBLL\GymBLL.csproj]
C:\Meno\Projects\MVC.Net\GymMVC\GymBLL\ModelVM\Identity\UserVM.cs(12,23): warning CS8618: Non-nullable property 'Id' must contain a non-null value when exiting constructor. Consider adding the 'required' modifier or declaring the property as nullable. [C:\Meno\Projects\MVC.Net\GymMVC\GymBLL\GymBLL.csproj]
C:\Meno\Projects\MVC.Net\GymMVC\GymBLL\ModelVM\Identity\RoleVM.cs(11,23): warning CS8618: Non-nullable property 'Name' must contain a non-null value when exiting constructor. Consider adding the 'required' modifier or declaring the property as nullable. [C:\Meno\Projects\MVC.Net\GymMVC\GymBLL\GymBLL.csproj]
C:\Meno\Projects\MVC.Net\GymMVC\GymBLL\ModelVM\Member\WeightLogVM.cs(8,23): warning CS8618: Non-nullable property 'MemberId' must contain a non-null value when exiting constructor. Consider adding the 'required' modifier or declaring the property as nullable. [C:\Meno\Projects\MVC.Net\GymMVC\GymBLL\GymBLL.csproj]
C:\Meno\Projects\MVC.Net\GymMVC\GymBLL\ModelVM\Identity\RegisterUserVM.cs(11,23): warning CS8618: Non-nullable property 'FullName' must contain a non-null value when exiting constructor. Consider adding the 'required' modifier or declaring the property as nullable. [C:\Meno\Projects\MVC.Net\GymMVC\GymBLL\GymBLL.csproj]
C:\Meno\Projects\MVC.Net\GymMVC\GymBLL\ModelVM\Identity\RegisterUserVM.cs(12,23): warning CS8618: Non-nullable property 'Password' must contain a non-null value when exiting constructor. Consider adding the 'required' modifier or declaring the property as nullable. [C:\Meno\Projects\MVC.Net\GymMVC\GymBLL\GymBLL.csproj]
C:\Meno\Projects\MVC.Net\GymMVC\GymBLL\ModelVM\Identity\RegisterUserVM.cs(13,23): warning CS8618: Non-nullable property 'ConfirmPassword' must contain a non-null value when exiting constructor. Consider adding the 'required' modifier or declaring the property as nullable. [C:\Meno\Projects\MVC.Net\GymMVC\GymBLL\GymBLL.csproj]
C:\Meno\Projects\MVC.Net\GymMVC\GymBLL\ModelVM\Identity\RegisterUserVM.cs(14,23): warning CS8618: Non-nullable property 'Email' must contain a non-null value when exiting constructor. Consider adding the 'required' modifier or declaring the property as nullable. [C:\Meno\Projects\MVC.Net\GymMVC\GymBLL\GymBLL.csproj]
C:\Meno\Projects\MVC.Net\GymMVC\GymBLL\ModelVM\Identity\RegisterEmployeeVM.cs(11,23): warning CS8618: Non-nullable property 'Name' must contain a non-null value when exiting constructor. Consider adding the 'required' modifier or declaring the property as nullable. [C:\Meno\Projects\MVC.Net\GymMVC\GymBLL\GymBLL.csproj]
C:\Meno\Projects\MVC.Net\GymMVC\GymBLL\ModelVM\Identity\RegisterEmployeeVM.cs(13,23): warning CS8618: Non-nullable property 'UserName' must contain a non-null value when exiting constructor. Consider adding the 'required' modifier or declaring the property as nullable. [C:\Meno\Projects\MVC.Net\GymMVC\GymBLL\GymBLL.csproj]
C:\Meno\Projects\MVC.Net\GymMVC\GymBLL\ModelVM\Identity\RegisterEmployeeVM.cs(14,23): warning CS8618: Non-nullable property 'Password' must contain a non-null value when exiting constructor. Consider adding the 'required' modifier or declaring the property as nullable. [C:\Meno\Projects\MVC.Net\GymMVC\GymBLL\GymBLL.csproj]
C:\Meno\Projects\MVC.Net\GymMVC\GymBLL\ModelVM\Identity\PasswordVM.cs(38,23): warning CS8618: Non-nullable property 'Message' must contain a non-null value when exiting constructor. Consider adding the 'required' modifier or declaring the property as nullable. [C:\Meno\Projects\MVC.Net\GymMVC\GymBLL\GymBLL.csproj]
C:\Meno\Projects\MVC.Net\GymMVC\GymBLL\ModelVM\Identity\GetAccountVM.cs(11,23): warning CS8618: Non-nullable property 'FullName' must contain a non-null value when exiting constructor. Consider adding the 'required' modifier or declaring the property as nullable. [C:\Meno\Projects\MVC.Net\GymMVC\GymBLL\GymBLL.csproj]
C:\Meno\Projects\MVC.Net\GymMVC\GymBLL\ModelVM\Identity\GetAccountVM.cs(12,23): warning CS8618: Non-nullable property 'Password' must contain a non-null value when exiting constructor. Consider adding the 'required' modifier or declaring the property as nullable. [C:\Meno\Projects\MVC.Net\GymMVC\GymBLL\GymBLL.csproj]
C:\Meno\Projects\MVC.Net\GymMVC\GymBLL\ModelVM\Identity\GetAccountVM.cs(13,23): warning CS8618: Non-nullable property 'Email' must contain a non-null value when exiting constructor. Consider adding the 'required' modifier or declaring the property as nullable. [C:\Meno\Projects\MVC.Net\GymMVC\GymBLL\GymBLL.csproj]
C:\Meno\Projects\MVC.Net\GymMVC\GymBLL\ModelVM\Identity\LoginEmployeeVM.cs(12,23): warning CS8618: Non-nullable property 'UserName' must contain a non-null value when exiting constructor. Consider adding the 'required' modifier or declaring the property as nullable. [C:\Meno\Projects\MVC.Net\GymMVC\GymBLL\GymBLL.csproj]
C:\Meno\Projects\MVC.Net\GymMVC\GymBLL\ModelVM\Identity\LoginEmployeeVM.cs(13,23): warning CS8618: Non-nullable property 'Password' must contain a non-null value when exiting constructor. Consider adding the 'required' modifier or declaring the property as nullable. [C:\Meno\Projects\MVC.Net\GymMVC\GymBLL\GymBLL.csproj]
C:\Meno\Projects\MVC.Net\GymMVC\GymBLL\Service\Implementation\Workout\WorkoutPlanService.cs(52,56): warning CS8625: Cannot convert null literal to non-nullable reference type. [C:\Meno\Projects\MVC.Net\GymMVC\GymBLL\GymBLL.csproj]
C:\Meno\Projects\MVC.Net\GymMVC\GymBLL\Service\Implementation\Workout\WorkoutPlanService.cs(58,52): warning CS8625: Cannot convert null literal to non-nullable reference type. [C:\Meno\Projects\MVC.Net\GymMVC\GymBLL\GymBLL.csproj]
C:\Meno\Projects\MVC.Net\GymMVC\GymBLL\ModelVM\Identity\LoginUserVM.cs(11,23): warning CS8618: Non-nullable property 'Email' must contain a non-null value when exiting constructor. Consider adding the 'required' modifier or declaring the property as nullable. [C:\Meno\Projects\MVC.Net\GymMVC\GymBLL\GymBLL.csproj]
C:\Meno\Projects\MVC.Net\GymMVC\GymBLL\ModelVM\Identity\LoginUserVM.cs(12,23): warning CS8618: Non-nullable property 'Password' must contain a non-null value when exiting constructor. Consider adding the 'required' modifier or declaring the property as nullable. [C:\Meno\Projects\MVC.Net\GymMVC\GymBLL\GymBLL.csproj]
C:\Meno\Projects\MVC.Net\GymMVC\GymBLL\ModelVM\Identity\PasswordVM.cs(32,23): warning CS8618: Non-nullable property 'Message' must contain a non-null value when exiting constructor. Consider adding the 'required' modifier or declaring the property as nullable. [C:\Meno\Projects\MVC.Net\GymMVC\GymBLL\GymBLL.csproj]
C:\Meno\Projects\MVC.Net\GymMVC\GymBLL\ModelVM\Identity\PasswordVM.cs(23,23): warning CS8618: Non-nullable property 'Email' must contain a non-null value when exiting constructor. Consider adding the 'required' modifier or declaring the property as nullable. [C:\Meno\Projects\MVC.Net\GymMVC\GymBLL\GymBLL.csproj]
C:\Meno\Projects\MVC.Net\GymMVC\GymBLL\ModelVM\Identity\PasswordVM.cs(24,23): warning CS8618: Non-nullable property 'Password' must contain a non-null value when exiting constructor. Consider adding the 'required' modifier or declaring the property as nullable. [C:\Meno\Projects\MVC.Net\GymMVC\GymBLL\GymBLL.csproj]
C:\Meno\Projects\MVC.Net\GymMVC\GymBLL\ModelVM\Identity\PasswordVM.cs(25,23): warning CS8618: Non-nullable property 'ConfirmPassword' must contain a non-null value when exiting constructor. Consider adding the 'required' modifier or declaring the property as nullable. [C:\Meno\Projects\MVC.Net\GymMVC\GymBLL\GymBLL.csproj]
C:\Meno\Projects\MVC.Net\GymMVC\GymBLL\ModelVM\Identity\PasswordVM.cs(26,23): warning CS8618: Non-nullable property 'Token' must contain a non-null value when exiting constructor. Consider adding the 'required' modifier or declaring the property as nullable. [C:\Meno\Projects\MVC.Net\GymMVC\GymBLL\GymBLL.csproj]
C:\Meno\Projects\MVC.Net\GymMVC\GymBLL\ModelVM\Identity\PasswordVM.cs(7,23): warning CS8618: Non-nullable property 'Email' must contain a non-null value when exiting constructor. Consider adding the 'required' modifier or declaring the property as nullable. [C:\Meno\Projects\MVC.Net\GymMVC\GymBLL\GymBLL.csproj]
C:\Meno\Projects\MVC.Net\GymMVC\GymBLL\ModelVM\Identity\PasswordVM.cs(8,23): warning CS8618: Non-nullable property 'CurrentPassword' must contain a non-null value when exiting constructor. Consider adding the 'required' modifier or declaring the property as nullable. [C:\Meno\Projects\MVC.Net\GymMVC\GymBLL\GymBLL.csproj]
C:\Meno\Projects\MVC.Net\GymMVC\GymBLL\ModelVM\Identity\PasswordVM.cs(9,23): warning CS8618: Non-nullable property 'NewPassword' must contain a non-null value when exiting constructor. Consider adding the 'required' modifier or declaring the property as nullable. [C:\Meno\Projects\MVC.Net\GymMVC\GymBLL\GymBLL.csproj]
C:\Meno\Projects\MVC.Net\GymMVC\GymBLL\ModelVM\Identity\PasswordVM.cs(10,23): warning CS8618: Non-nullable property 'ConfirmPassword' must contain a non-null value when exiting constructor. Consider adding the 'required' modifier or declaring the property as nullable. [C:\Meno\Projects\MVC.Net\GymMVC\GymBLL\GymBLL.csproj]
C:\Meno\Projects\MVC.Net\GymMVC\GymBLL\ModelVM\Identity\PasswordVM.cs(18,23): warning CS8618: Non-nullable property 'ResetLink' must contain a non-null value when exiting constructor. Consider adding the 'required' modifier or declaring the property as nullable. [C:\Meno\Projects\MVC.Net\GymMVC\GymBLL\GymBLL.csproj]
C:\Meno\Projects\MVC.Net\GymMVC\GymBLL\ModelVM\Identity\PasswordVM.cs(19,23): warning CS8618: Non-nullable property 'UserName' must contain a non-null value when exiting constructor. Consider adding the 'required' modifier or declaring the property as nullable. [C:\Meno\Projects\MVC.Net\GymMVC\GymBLL\GymBLL.csproj]
C:\Meno\Projects\MVC.Net\GymMVC\GymBLL\ModelVM\Identity\PasswordVM.cs(14,23): warning CS8618: Non-nullable property 'Email' must contain a non-null value when exiting constructor. Consider adding the 'required' modifier or declaring the property as nullable. [C:\Meno\Projects\MVC.Net\GymMVC\GymBLL\GymBLL.csproj]
C:\Meno\Projects\MVC.Net\GymMVC\GymBLL\Service\Implementation\Financial\SubscriptionService.cs(48,53): warning CS8625: Cannot convert null literal to non-nullable reference type. [C:\Meno\Projects\MVC.Net\GymMVC\GymBLL\GymBLL.csproj]
C:\Meno\Projects\MVC.Net\GymMVC\GymBLL\Service\Implementation\Financial\SubscriptionService.cs(52,53): warning CS8625: Cannot convert null literal to non-nullable reference type. [C:\Meno\Projects\MVC.Net\GymMVC\GymBLL\GymBLL.csproj]
C:\Meno\Projects\MVC.Net\GymMVC\GymBLL\Service\Implementation\Workout\WorkoutPlanService.cs(74,56): warning CS8625: Cannot convert null literal to non-nullable reference type. [C:\Meno\Projects\MVC.Net\GymMVC\GymBLL\GymBLL.csproj]
C:\Meno\Projects\MVC.Net\GymMVC\GymBLL\Service\Implementation\Workout\WorkoutPlanService.cs(79,52): warning CS8625: Cannot convert null literal to non-nullable reference type. [C:\Meno\Projects\MVC.Net\GymMVC\GymBLL\GymBLL.csproj]
C:\Meno\Projects\MVC.Net\GymMVC\GymBLL\Service\Implementation\Financial\MembershipService.cs(42,51): warning CS8625: Cannot convert null literal to non-nullable reference type. [C:\Meno\Projects\MVC.Net\GymMVC\GymBLL\GymBLL.csproj]
C:\Meno\Projects\MVC.Net\GymMVC\GymBLL\Service\Implementation\Financial\MembershipService.cs(46,51): warning CS8625: Cannot convert null literal to non-nullable reference type. [C:\Meno\Projects\MVC.Net\GymMVC\GymBLL\GymBLL.csproj]
C:\Meno\Projects\MVC.Net\GymMVC\GymBLL\Service\Implementation\Communication\ChatService.cs(67,52): warning CS8625: Cannot convert null literal to non-nullable reference type. [C:\Meno\Projects\MVC.Net\GymMVC\GymBLL\GymBLL.csproj]
C:\Meno\Projects\MVC.Net\GymMVC\GymBLL\Service\Implementation\Communication\ChatService.cs(71,52): warning CS8625: Cannot convert null literal to non-nullable reference type. [C:\Meno\Projects\MVC.Net\GymMVC\GymBLL\GymBLL.csproj]
C:\Meno\Projects\MVC.Net\GymMVC\GymBLL\Service\Implementation\Financial\SubscriptionService.cs(69,60): warning CS8625: Cannot convert null literal to non-nullable reference type. [C:\Meno\Projects\MVC.Net\GymMVC\GymBLL\GymBLL.csproj]
C:\Meno\Projects\MVC.Net\GymMVC\GymBLL\Service\Implementation\Financial\SubscriptionService.cs(73,60): warning CS8625: Cannot convert null literal to non-nullable reference type. [C:\Meno\Projects\MVC.Net\GymMVC\GymBLL\GymBLL.csproj]
C:\Meno\Projects\MVC.Net\GymMVC\GymBLL\Service\Implementation\Workout\WorkoutPlanService.cs(92,58): warning CS8625: Cannot convert null literal to non-nullable reference type. [C:\Meno\Projects\MVC.Net\GymMVC\GymBLL\GymBLL.csproj]
C:\Meno\Projects\MVC.Net\GymMVC\GymBLL\Service\Implementation\Financial\MembershipService.cs(59,51): warning CS8625: Cannot convert null literal to non-nullable reference type. [C:\Meno\Projects\MVC.Net\GymMVC\GymBLL\GymBLL.csproj]
C:\Meno\Projects\MVC.Net\GymMVC\GymBLL\Service\Implementation\Financial\MembershipService.cs(63,51): warning CS8625: Cannot convert null literal to non-nullable reference type. [C:\Meno\Projects\MVC.Net\GymMVC\GymBLL\GymBLL.csproj]
C:\Meno\Projects\MVC.Net\GymMVC\GymBLL\Service\Implementation\Financial\PaymentService.cs(52,48): warning CS8625: Cannot convert null literal to non-nullable reference type. [C:\Meno\Projects\MVC.Net\GymMVC\GymBLL\GymBLL.csproj]
C:\Meno\Projects\MVC.Net\GymMVC\GymBLL\Service\Implementation\Financial\PaymentService.cs(56,48): warning CS8625: Cannot convert null literal to non-nullable reference type. [C:\Meno\Projects\MVC.Net\GymMVC\GymBLL\GymBLL.csproj]
C:\Meno\Projects\MVC.Net\GymMVC\GymBLL\Service\Implementation\Communication\NotificationService.cs(70,53): warning CS8625: Cannot convert null literal to non-nullable reference type. [C:\Meno\Projects\MVC.Net\GymMVC\GymBLL\GymBLL.csproj]
C:\Meno\Projects\MVC.Net\GymMVC\GymBLL\Service\Implementation\Communication\NotificationService.cs(74,53): warning CS8625: Cannot convert null literal to non-nullable reference type. [C:\Meno\Projects\MVC.Net\GymMVC\GymBLL\GymBLL.csproj]
C:\Meno\Projects\MVC.Net\GymMVC\GymBLL\Service\Implementation\Communication\ChatService.cs(85,58): warning CS8625: Cannot convert null literal to non-nullable reference type. [C:\Meno\Projects\MVC.Net\GymMVC\GymBLL\GymBLL.csproj]
C:\Meno\Projects\MVC.Net\GymMVC\GymBLL\Service\Implementation\Financial\PaymentService.cs(69,48): warning CS8625: Cannot convert null literal to non-nullable reference type. [C:\Meno\Projects\MVC.Net\GymMVC\GymBLL\GymBLL.csproj]
C:\Meno\Projects\MVC.Net\GymMVC\GymBLL\Service\Implementation\Financial\PaymentService.cs(73,48): warning CS8625: Cannot convert null literal to non-nullable reference type. [C:\Meno\Projects\MVC.Net\GymMVC\GymBLL\GymBLL.csproj]
C:\Meno\Projects\MVC.Net\GymMVC\GymBLL\Service\Implementation\Workout\WorkoutPlanService.cs(105,58): warning CS8625: Cannot convert null literal to non-nullable reference type. [C:\Meno\Projects\MVC.Net\GymMVC\GymBLL\GymBLL.csproj]
C:\Meno\Projects\MVC.Net\GymMVC\GymBLL\Service\Implementation\Communication\NotificationService.cs(87,53): warning CS8625: Cannot convert null literal to non-nullable reference type. [C:\Meno\Projects\MVC.Net\GymMVC\GymBLL\GymBLL.csproj]
C:\Meno\Projects\MVC.Net\GymMVC\GymBLL\Service\Implementation\Financial\MembershipService.cs(76,57): warning CS8625: Cannot convert null literal to non-nullable reference type. [C:\Meno\Projects\MVC.Net\GymMVC\GymBLL\GymBLL.csproj]
C:\Meno\Projects\MVC.Net\GymMVC\GymBLL\Service\Implementation\Communication\NotificationService.cs(91,53): warning CS8625: Cannot convert null literal to non-nullable reference type. [C:\Meno\Projects\MVC.Net\GymMVC\GymBLL\GymBLL.csproj]
C:\Meno\Projects\MVC.Net\GymMVC\GymBLL\Service\Implementation\Financial\PaymentService.cs(86,54): warning CS8625: Cannot convert null literal to non-nullable reference type. [C:\Meno\Projects\MVC.Net\GymMVC\GymBLL\GymBLL.csproj]
C:\Meno\Projects\MVC.Net\GymMVC\GymBLL\Service\Implementation\Communication\NotificationService.cs(104,59): warning CS8625: Cannot convert null literal to non-nullable reference type. [C:\Meno\Projects\MVC.Net\GymMVC\GymBLL\GymBLL.csproj]
C:\Meno\Projects\MVC.Net\GymMVC\GymBLL\Service\Implementation\Financial\MembershipService.cs(89,57): warning CS8625: Cannot convert null literal to non-nullable reference type. [C:\Meno\Projects\MVC.Net\GymMVC\GymBLL\GymBLL.csproj]
C:\Meno\Projects\MVC.Net\GymMVC\GymBLL\Service\Implementation\AI\AIService.cs(55,30): warning CS0168: The variable 'ex' is declared but never used [C:\Meno\Projects\MVC.Net\GymMVC\GymBLL\GymBLL.csproj]
C:\Meno\Projects\MVC.Net\GymMVC\GymBLL\Service\Implementation\Financial\MembershipService.cs(97,75): warning CS8625: Cannot convert null literal to non-nullable reference type. [C:\Meno\Projects\MVC.Net\GymMVC\GymBLL\GymBLL.csproj]
C:\Meno\Projects\MVC.Net\GymMVC\GymBLL\Service\Implementation\Financial\MembershipService.cs(111,51): warning CS8625: Cannot convert null literal to non-nullable reference type. [C:\Meno\Projects\MVC.Net\GymMVC\GymBLL\GymBLL.csproj]
C:\Meno\Projects\MVC.Net\GymMVC\GymBLL\Service\Implementation\Financial\MembershipService.cs(115,51): warning CS8625: Cannot convert null literal to non-nullable reference type. [C:\Meno\Projects\MVC.Net\GymMVC\GymBLL\GymBLL.csproj]
C:\Meno\Projects\MVC.Net\GymMVC\GymBLL\Service\Implementation\Communication\ChatService.cs(99,58): warning CS8625: Cannot convert null literal to non-nullable reference type. [C:\Meno\Projects\MVC.Net\GymMVC\GymBLL\GymBLL.csproj]
C:\Meno\Projects\MVC.Net\GymMVC\GymBLL\Service\Implementation\AI\AIService.cs(102,51): warning CS8602: Dereference of a possibly null reference. [C:\Meno\Projects\MVC.Net\GymMVC\GymBLL\GymBLL.csproj]
C:\Meno\Projects\MVC.Net\GymMVC\GymBLL\Service\Implementation\AI\AIService.cs(138,44): warning CS1998: This async method lacks 'await' operators and will run synchronously. Consider using the 'await' operator to await non-blocking API calls, or 'await Task.Run(...)' to do CPU-bound work on a background thread. [C:\Meno\Projects\MVC.Net\GymMVC\GymBLL\GymBLL.csproj]
C:\Meno\Projects\MVC.Net\GymMVC\GymBLL\Service\Implementation\Financial\SubscriptionService.cs(87,52): warning CS8602: Dereference of a possibly null reference. [C:\Meno\Projects\MVC.Net\GymMVC\GymBLL\GymBLL.csproj]
C:\Meno\Projects\MVC.Net\GymMVC\GymBLL\Service\Implementation\Financial\SubscriptionService.cs(89,53): warning CS8602: Dereference of a possibly null reference. [C:\Meno\Projects\MVC.Net\GymMVC\GymBLL\GymBLL.csproj]
C:\Meno\Projects\MVC.Net\GymMVC\GymBLL\Service\Implementation\Financial\SubscriptionService.cs(99,64): warning CS8625: Cannot convert null literal to non-nullable reference type. [C:\Meno\Projects\MVC.Net\GymMVC\GymBLL\GymBLL.csproj]
C:\Meno\Projects\MVC.Net\GymMVC\GymBLL\Service\Implementation\Financial\SubscriptionService.cs(126,60): warning CS8625: Cannot convert null literal to non-nullable reference type. [C:\Meno\Projects\MVC.Net\GymMVC\GymBLL\GymBLL.csproj]
C:\Meno\Projects\MVC.Net\GymMVC\GymBLL\Service\Implementation\Financial\PaymentService.cs(99,54): warning CS8625: Cannot convert null literal to non-nullable reference type. [C:\Meno\Projects\MVC.Net\GymMVC\GymBLL\GymBLL.csproj]
C:\Meno\Projects\MVC.Net\GymMVC\GymBLL\Service\Implementation\Financial\SubscriptionService.cs(159,59): warning CS8625: Cannot convert null literal to non-nullable reference type. [C:\Meno\Projects\MVC.Net\GymMVC\GymBLL\GymBLL.csproj]
C:\Meno\Projects\MVC.Net\GymMVC\GymBLL\Service\Implementation\Member\WeightLogService.cs(86,63): warning CS8625: Cannot convert null literal to non-nullable reference type. [C:\Meno\Projects\MVC.Net\GymMVC\GymBLL\GymBLL.csproj]
C:\Meno\Projects\MVC.Net\GymMVC\GymBLL\Service\Implementation\Communication\ChatService.cs(183,41): warning CS8601: Possible null reference assignment. [C:\Meno\Projects\MVC.Net\GymMVC\GymBLL\GymBLL.csproj]
C:\Meno\Projects\MVC.Net\GymMVC\GymBLL\Service\Implementation\Communication\ChatService.cs(185,39): warning CS8601: Possible null reference assignment. [C:\Meno\Projects\MVC.Net\GymMVC\GymBLL\GymBLL.csproj]
C:\Meno\Projects\MVC.Net\GymMVC\GymBLL\Service\Implementation\Communication\ChatService.cs(196,59): warning CS8625: Cannot convert null literal to non-nullable reference type. [C:\Meno\Projects\MVC.Net\GymMVC\GymBLL\GymBLL.csproj]
C:\Meno\Projects\MVC.Net\GymMVC\GymBLL\Service\Implementation\Financial\PaymentService.cs(112,54): warning CS8625: Cannot convert null literal to non-nullable reference type. [C:\Meno\Projects\MVC.Net\GymMVC\GymBLL\GymBLL.csproj]
C:\Meno\Projects\MVC.Net\GymMVC\GymBLL\Service\Implementation\Workout\WorkoutPlanService.cs(115,56): warning CS8625: Cannot convert null literal to non-nullable reference type. [C:\Meno\Projects\MVC.Net\GymMVC\GymBLL\GymBLL.csproj]
C:\Meno\Projects\MVC.Net\GymMVC\GymBLL\Service\Implementation\Workout\WorkoutPlanService.cs(132,56): warning CS8625: Cannot convert null literal to non-nullable reference type. [C:\Meno\Projects\MVC.Net\GymMVC\GymBLL\GymBLL.csproj]
C:\Meno\Projects\MVC.Net\GymMVC\GymBLL\Service\Implementation\Workout\WorkoutPlanService.cs(137,52): warning CS8625: Cannot convert null literal to non-nullable reference type. [C:\Meno\Projects\MVC.Net\GymMVC\GymBLL\GymBLL.csproj]
C:\Meno\Projects\MVC.Net\GymMVC\GymBLL\Service\Implementation\Financial\SubscriptionService.cs(172,59): warning CS8625: Cannot convert null literal to non-nullable reference type. [C:\Meno\Projects\MVC.Net\GymMVC\GymBLL\GymBLL.csproj]
C:\Meno\Projects\MVC.Net\GymMVC\GymBLL\Service\Implementation\Financial\PaymentService.cs(120,69): warning CS8625: Cannot convert null literal to non-nullable reference type. [C:\Meno\Projects\MVC.Net\GymMVC\GymBLL\GymBLL.csproj]
C:\Meno\Projects\MVC.Net\GymMVC\GymBLL\Service\Implementation\Financial\PaymentService.cs(122,39): warning CS8601: Possible null reference assignment. [C:\Meno\Projects\MVC.Net\GymMVC\GymBLL\GymBLL.csproj]
C:\Meno\Projects\MVC.Net\GymMVC\GymBLL\Service\Implementation\Financial\PaymentService.cs(135,48): warning CS8625: Cannot convert null literal to non-nullable reference type. [C:\Meno\Projects\MVC.Net\GymMVC\GymBLL\GymBLL.csproj]
C:\Meno\Projects\MVC.Net\GymMVC\GymBLL\Service\Implementation\Financial\PaymentService.cs(139,48): warning CS8625: Cannot convert null literal to non-nullable reference type. [C:\Meno\Projects\MVC.Net\GymMVC\GymBLL\GymBLL.csproj]
C:\Meno\Projects\MVC.Net\GymMVC\GymBLL\Service\Implementation\Workout\WorkoutPlanService.cs(194,65): warning CS8625: Cannot convert null literal to non-nullable reference type. [C:\Meno\Projects\MVC.Net\GymMVC\GymBLL\GymBLL.csproj]
C:\Meno\Projects\MVC.Net\GymMVC\GymBLL\Service\Implementation\Member\FitnessGoalsService.cs(37,53): warning CS8625: Cannot convert null literal to non-nullable reference type. [C:\Meno\Projects\MVC.Net\GymMVC\GymBLL\GymBLL.csproj]
C:\Meno\Projects\MVC.Net\GymMVC\GymBLL\Service\Implementation\Nutrition\MealLogService.cs(46,48): warning CS8625: Cannot convert null literal to non-nullable reference type. [C:\Meno\Projects\MVC.Net\GymMVC\GymBLL\GymBLL.csproj]
C:\Meno\Projects\MVC.Net\GymMVC\GymBLL\Service\Implementation\Nutrition\MealLogService.cs(50,48): warning CS8625: Cannot convert null literal to non-nullable reference type. [C:\Meno\Projects\MVC.Net\GymMVC\GymBLL\GymBLL.csproj]
C:\Meno\Projects\MVC.Net\GymMVC\GymBLL\Service\Implementation\Member\FitnessGoalsService.cs(50,59): warning CS8625: Cannot convert null literal to non-nullable reference type. [C:\Meno\Projects\MVC.Net\GymMVC\GymBLL\GymBLL.csproj]
C:\Meno\Projects\MVC.Net\GymMVC\GymBLL\Service\Implementation\Communication\NotificationService.cs(117,59): warning CS8625: Cannot convert null literal to non-nullable reference type. [C:\Meno\Projects\MVC.Net\GymMVC\GymBLL\GymBLL.csproj]
C:\Meno\Projects\MVC.Net\GymMVC\GymBLL\Service\Implementation\Member\FitnessGoalsService.cs(64,75): warning CS8625: Cannot convert null literal to non-nullable reference type. [C:\Meno\Projects\MVC.Net\GymMVC\GymBLL\GymBLL.csproj]
C:\Meno\Projects\MVC.Net\GymMVC\GymBLL\Service\Implementation\Workout\WorkoutPlanItemService.cs(42,56): warning CS8625: Cannot convert null literal to non-nullable reference type. [C:\Meno\Projects\MVC.Net\GymMVC\GymBLL\GymBLL.csproj]
C:\Meno\Projects\MVC.Net\GymMVC\GymBLL\Service\Implementation\Workout\WorkoutPlanItemService.cs(46,56): warning CS8625: Cannot convert null literal to non-nullable reference type. [C:\Meno\Projects\MVC.Net\GymMVC\GymBLL\GymBLL.csproj]
C:\Meno\Projects\MVC.Net\GymMVC\GymBLL\Service\Implementation\Member\FitnessGoalsService.cs(73,57): warning CS8625: Cannot convert null literal to non-nullable reference type. [C:\Meno\Projects\MVC.Net\GymMVC\GymBLL\GymBLL.csproj]
C:\Meno\Projects\MVC.Net\GymMVC\GymBLL\Service\Implementation\Member\FitnessGoalsService.cs(80,53): warning CS8625: Cannot convert null literal to non-nullable reference type. [C:\Meno\Projects\MVC.Net\GymMVC\GymBLL\GymBLL.csproj]
C:\Meno\Projects\MVC.Net\GymMVC\GymBLL\Service\Implementation\Workout\WorkoutPlanItemService.cs(59,56): warning CS8625: Cannot convert null literal to non-nullable reference type. [C:\Meno\Projects\MVC.Net\GymMVC\GymBLL\GymBLL.csproj]
C:\Meno\Projects\MVC.Net\GymMVC\GymBLL\Service\Implementation\Workout\WorkoutPlanItemService.cs(63,56): warning CS8625: Cannot convert null literal to non-nullable reference type. [C:\Meno\Projects\MVC.Net\GymMVC\GymBLL\GymBLL.csproj]
C:\Meno\Projects\MVC.Net\GymMVC\GymBLL\Service\Implementation\Communication\NotificationService.cs(130,59): warning CS8625: Cannot convert null literal to non-nullable reference type. [C:\Meno\Projects\MVC.Net\GymMVC\GymBLL\GymBLL.csproj]
C:\Meno\Projects\MVC.Net\GymMVC\GymBLL\Service\Implementation\Workout\WorkoutPlanItemService.cs(76,62): warning CS8625: Cannot convert null literal to non-nullable reference type. [C:\Meno\Projects\MVC.Net\GymMVC\GymBLL\GymBLL.csproj]
C:\Meno\Projects\MVC.Net\GymMVC\GymBLL\Service\Implementation\Communication\NotificationService.cs(138,79): warning CS8625: Cannot convert null literal to non-nullable reference type. [C:\Meno\Projects\MVC.Net\GymMVC\GymBLL\GymBLL.csproj]
C:\Meno\Projects\MVC.Net\GymMVC\GymBLL\Service\Implementation\Communication\NotificationService.cs(145,53): warning CS8625: Cannot convert null literal to non-nullable reference type. [C:\Meno\Projects\MVC.Net\GymMVC\GymBLL\GymBLL.csproj]
C:\Meno\Projects\MVC.Net\GymMVC\GymBLL\Service\Implementation\Communication\NotificationService.cs(149,53): warning CS8625: Cannot convert null literal to non-nullable reference type. [C:\Meno\Projects\MVC.Net\GymMVC\GymBLL\GymBLL.csproj]
C:\Meno\Projects\MVC.Net\GymMVC\GymBLL\Service\Implementation\Nutrition\DietPlanAssignmentService.cs(51,59): warning CS8625: Cannot convert null literal to non-nullable reference type. [C:\Meno\Projects\MVC.Net\GymMVC\GymBLL\GymBLL.csproj]
C:\Meno\Projects\MVC.Net\GymMVC\GymBLL\Service\Implementation\Nutrition\DietPlanAssignmentService.cs(55,59): warning CS8625: Cannot convert null literal to non-nullable reference type. [C:\Meno\Projects\MVC.Net\GymMVC\GymBLL\GymBLL.csproj]
C:\Meno\Projects\MVC.Net\GymMVC\GymBLL\Service\Implementation\Workout\WorkoutPlanItemService.cs(89,62): warning CS8625: Cannot convert null literal to non-nullable reference type. [C:\Meno\Projects\MVC.Net\GymMVC\GymBLL\GymBLL.csproj]
C:\Meno\Projects\MVC.Net\GymMVC\GymBLL\Service\Implementation\Financial\SubscriptionService.cs(185,59): warning CS8625: Cannot convert null literal to non-nullable reference type. [C:\Meno\Projects\MVC.Net\GymMVC\GymBLL\GymBLL.csproj]
C:\Meno\Projects\MVC.Net\GymMVC\GymBLL\Service\Implementation\Nutrition\DietPlanAssignmentService.cs(68,59): warning CS8625: Cannot convert null literal to non-nullable reference type. [C:\Meno\Projects\MVC.Net\GymMVC\GymBLL\GymBLL.csproj]
C:\Meno\Projects\MVC.Net\GymMVC\GymBLL\Service\Implementation\Nutrition\DietPlanAssignmentService.cs(72,59): warning CS8625: Cannot convert null literal to non-nullable reference type. [C:\Meno\Projects\MVC.Net\GymMVC\GymBLL\GymBLL.csproj]
C:\Meno\Projects\MVC.Net\GymMVC\GymBLL\Service\Implementation\Financial\SubscriptionService.cs(193,79): warning CS8625: Cannot convert null literal to non-nullable reference type. [C:\Meno\Projects\MVC.Net\GymMVC\GymBLL\GymBLL.csproj]
C:\Meno\Projects\MVC.Net\GymMVC\GymBLL\Service\Implementation\Financial\SubscriptionService.cs(201,53): warning CS8625: Cannot convert null literal to non-nullable reference type. [C:\Meno\Projects\MVC.Net\GymMVC\GymBLL\GymBLL.csproj]
C:\Meno\Projects\MVC.Net\GymMVC\GymBLL\Service\Implementation\Financial\SubscriptionService.cs(205,53): warning CS8625: Cannot convert null literal to non-nullable reference type. [C:\Meno\Projects\MVC.Net\GymMVC\GymBLL\GymBLL.csproj]
C:\Meno\Projects\MVC.Net\GymMVC\GymBLL\Service\Implementation\Workout\WorkoutPlanItemService.cs(97,74): warning CS8625: Cannot convert null literal to non-nullable reference type. [C:\Meno\Projects\MVC.Net\GymMVC\GymBLL\GymBLL.csproj]
C:\Meno\Projects\MVC.Net\GymMVC\GymBLL\Service\Implementation\Workout\WorkoutPlanItemService.cs(111,56): warning CS8625: Cannot convert null literal to non-nullable reference type. [C:\Meno\Projects\MVC.Net\GymMVC\GymBLL\GymBLL.csproj]
C:\Meno\Projects\MVC.Net\GymMVC\GymBLL\Service\Implementation\Workout\WorkoutPlanItemService.cs(115,56): warning CS8625: Cannot convert null literal to non-nullable reference type. [C:\Meno\Projects\MVC.Net\GymMVC\GymBLL\GymBLL.csproj]
C:\Meno\Projects\MVC.Net\GymMVC\GymBLL\Service\Implementation\Nutrition\DietPlanAssignmentService.cs(85,65): warning CS8625: Cannot convert null literal to non-nullable reference type. [C:\Meno\Projects\MVC.Net\GymMVC\GymBLL\GymBLL.csproj]
C:\Meno\Projects\MVC.Net\GymMVC\GymBLL\Service\Implementation\Financial\SubscriptionService.cs(213,86): warning CS8625: Cannot convert null literal to non-nullable reference type. [C:\Meno\Projects\MVC.Net\GymMVC\GymBLL\GymBLL.csproj]
C:\Meno\Projects\MVC.Net\GymMVC\GymBLL\Service\Implementation\Financial\SubscriptionService.cs(223,60): warning CS8625: Cannot convert null literal to non-nullable reference type. [C:\Meno\Projects\MVC.Net\GymMVC\GymBLL\GymBLL.csproj]
C:\Meno\Projects\MVC.Net\GymMVC\GymBLL\Service\Implementation\Financial\SubscriptionService.cs(227,60): warning CS8625: Cannot convert null literal to non-nullable reference type. [C:\Meno\Projects\MVC.Net\GymMVC\GymBLL\GymBLL.csproj]
C:\Meno\Projects\MVC.Net\GymMVC\GymBLL\Service\Implementation\Nutrition\DietPlanAssignmentService.cs(98,65): warning CS8625: Cannot convert null literal to non-nullable reference type. [C:\Meno\Projects\MVC.Net\GymMVC\GymBLL\GymBLL.csproj]
C:\Meno\Projects\MVC.Net\GymMVC\GymBLL\Service\Implementation\Member\MemberService.cs(56,30): warning CS0168: The variable 'ex' is declared but never used [C:\Meno\Projects\MVC.Net\GymMVC\GymBLL\GymBLL.csproj]
C:\Meno\Projects\MVC.Net\GymMVC\GymBLL\Service\Implementation\Nutrition\DietPlanAssignmentService.cs(106,83): warning CS8625: Cannot convert null literal to non-nullable reference type. [C:\Meno\Projects\MVC.Net\GymMVC\GymBLL\GymBLL.csproj]
C:\Meno\Projects\MVC.Net\GymMVC\GymBLL\Service\Implementation\Nutrition\DietPlanAssignmentService.cs(114,59): warning CS8625: Cannot convert null literal to non-nullable reference type. [C:\Meno\Projects\MVC.Net\GymMVC\GymBLL\GymBLL.csproj]
C:\Meno\Projects\MVC.Net\GymMVC\GymBLL\Service\Implementation\Nutrition\DietPlanAssignmentService.cs(118,59): warning CS8625: Cannot convert null literal to non-nullable reference type. [C:\Meno\Projects\MVC.Net\GymMVC\GymBLL\GymBLL.csproj]
C:\Meno\Projects\MVC.Net\GymMVC\GymBLL\Service\Implementation\Member\MemberService.cs(78,51): warning CS8625: Cannot convert null literal to non-nullable reference type. [C:\Meno\Projects\MVC.Net\GymMVC\GymBLL\GymBLL.csproj]
C:\Meno\Projects\MVC.Net\GymMVC\GymBLL\Service\Implementation\Member\MemberService.cs(83,47): warning CS8625: Cannot convert null literal to non-nullable reference type. [C:\Meno\Projects\MVC.Net\GymMVC\GymBLL\GymBLL.csproj]
C:\Meno\Projects\MVC.Net\GymMVC\GymBLL\Service\Implementation\Member\MemberService.cs(98,51): warning CS8625: Cannot convert null literal to non-nullable reference type. [C:\Meno\Projects\MVC.Net\GymMVC\GymBLL\GymBLL.csproj]
C:\Meno\Projects\MVC.Net\GymMVC\GymBLL\Service\Implementation\Member\MemberService.cs(103,47): warning CS8625: Cannot convert null literal to non-nullable reference type. [C:\Meno\Projects\MVC.Net\GymMVC\GymBLL\GymBLL.csproj]
C:\Meno\Projects\MVC.Net\GymMVC\GymBLL\Service\Implementation\Report\ReportService.cs(82,89): error CS1061: 'Member' does not contain a definition for 'Weight' and no accessible extension method 'Weight' accepting a first argument of type 'Member' could be found (are you missing a using directive or an assembly reference?) [C:\Meno\Projects\MVC.Net\GymMVC\GymBLL\GymBLL.csproj]
C:\Meno\Projects\MVC.Net\GymMVC\GymBLL\Service\Implementation\Report\ReportService.cs(84,64): error CS0104: 'WeightLogVM' is an ambiguous reference between 'GymBLL.ModelVM.Member.WeightLogVM' and 'GymBLL.ModelVM.Report.WeightLogVM' [C:\Meno\Projects\MVC.Net\GymMVC\GymBLL\GymBLL.csproj]
C:\Meno\Projects\MVC.Net\GymMVC\GymBLL\Service\Implementation\Report\ReportService.cs(106,60): error CS0104: 'MealLogVM' is an ambiguous reference between 'GymBLL.ModelVM.Nutrition.MealLogVM' and 'GymBLL.ModelVM.Report.MealLogVM' [C:\Meno\Projects\MVC.Net\GymMVC\GymBLL\GymBLL.csproj]
C:\Meno\Projects\MVC.Net\GymMVC\GymBLL\Service\Implementation\Report\ReportService.cs(34,57): warning CS8625: Cannot convert null literal to non-nullable reference type. [C:\Meno\Projects\MVC.Net\GymMVC\GymBLL\GymBLL.csproj]
C:\Meno\Projects\MVC.Net\GymMVC\GymBLL\Service\Implementation\Report\ReportService.cs(41,60): warning CS8625: Cannot convert null literal to non-nullable reference type. [C:\Meno\Projects\MVC.Net\GymMVC\GymBLL\GymBLL.csproj]
C:\Meno\Projects\MVC.Net\GymMVC\GymBLL\Service\Implementation\Report\ReportService.cs(96,34): warning CS8629: Nullable value type may be null. [C:\Meno\Projects\MVC.Net\GymMVC\GymBLL\GymBLL.csproj]
C:\Meno\Projects\MVC.Net\GymMVC\GymBLL\Service\Implementation\Report\ReportService.cs(133,53): warning CS8625: Cannot convert null literal to non-nullable reference type. [C:\Meno\Projects\MVC.Net\GymMVC\GymBLL\GymBLL.csproj]
C:\Meno\Projects\MVC.Net\GymMVC\GymBLL\Service\Implementation\Member\MemberService.cs(113,51): warning CS8625: Cannot convert null literal to non-nullable reference type. [C:\Meno\Projects\MVC.Net\GymMVC\GymBLL\GymBLL.csproj]
C:\Meno\Projects\MVC.Net\GymMVC\GymBLL\Service\Implementation\Member\MemberService.cs(115,43): warning CS8601: Possible null reference assignment. [C:\Meno\Projects\MVC.Net\GymMVC\GymBLL\GymBLL.csproj]
C:\Meno\Projects\MVC.Net\GymMVC\GymBLL\Service\Implementation\Member\MemberService.cs(118,48): warning CS8629: Nullable value type may be null. [C:\Meno\Projects\MVC.Net\GymMVC\GymBLL\GymBLL.csproj]
C:\Meno\Projects\MVC.Net\GymMVC\GymBLL\Service\Implementation\Member\MemberService.cs(119,41): warning CS8629: Nullable value type may be null. [C:\Meno\Projects\MVC.Net\GymMVC\GymBLL\GymBLL.csproj]
C:\Meno\Projects\MVC.Net\GymMVC\GymBLL\Service\Implementation\Member\MemberService.cs(130,51): warning CS8625: Cannot convert null literal to non-nullable reference type. [C:\Meno\Projects\MVC.Net\GymMVC\GymBLL\GymBLL.csproj]
C:\Meno\Projects\MVC.Net\GymMVC\GymBLL\Service\Implementation\Member\MemberService.cs(135,47): warning CS8625: Cannot convert null literal to non-nullable reference type. [C:\Meno\Projects\MVC.Net\GymMVC\GymBLL\GymBLL.csproj]
C:\Meno\Projects\MVC.Net\GymMVC\GymBLL\Service\Implementation\Financial\SubscriptionService.cs(296,59): warning CS8625: Cannot convert null literal to non-nullable reference type. [C:\Meno\Projects\MVC.Net\GymMVC\GymBLL\GymBLL.csproj]
C:\Meno\Projects\MVC.Net\GymMVC\GymBLL\Service\Implementation\Nutrition\DietPlanItemService.cs(42,53): warning CS8625: Cannot convert null literal to non-nullable reference type. [C:\Meno\Projects\MVC.Net\GymMVC\GymBLL\GymBLL.csproj]
C:\Meno\Projects\MVC.Net\GymMVC\GymBLL\Service\Implementation\Nutrition\DietPlanItemService.cs(46,53): warning CS8625: Cannot convert null literal to non-nullable reference type. [C:\Meno\Projects\MVC.Net\GymMVC\GymBLL\GymBLL.csproj]
C:\Meno\Projects\MVC.Net\GymMVC\GymBLL\Service\Implementation\Nutrition\DietPlanService.cs(51,53): warning CS8625: Cannot convert null literal to non-nullable reference type. [C:\Meno\Projects\MVC.Net\GymMVC\GymBLL\GymBLL.csproj]
C:\Meno\Projects\MVC.Net\GymMVC\GymBLL\Service\Implementation\Nutrition\DietPlanService.cs(57,49): warning CS8625: Cannot convert null literal to non-nullable reference type. [C:\Meno\Projects\MVC.Net\GymMVC\GymBLL\GymBLL.csproj]
C:\Meno\Projects\MVC.Net\GymMVC\GymBLL\Service\Implementation\Nutrition\DietPlanItemService.cs(59,53): warning CS8625: Cannot convert null literal to non-nullable reference type. [C:\Meno\Projects\MVC.Net\GymMVC\GymBLL\GymBLL.csproj]
C:\Meno\Projects\MVC.Net\GymMVC\GymBLL\Service\Implementation\Nutrition\DietPlanItemService.cs(63,53): warning CS8625: Cannot convert null literal to non-nullable reference type. [C:\Meno\Projects\MVC.Net\GymMVC\GymBLL\GymBLL.csproj]
C:\Meno\Projects\MVC.Net\GymMVC\GymBLL\Service\Implementation\Financial\SubscriptionService.cs(309,59): warning CS8625: Cannot convert null literal to non-nullable reference type. [C:\Meno\Projects\MVC.Net\GymMVC\GymBLL\GymBLL.csproj]
C:\Meno\Projects\MVC.Net\GymMVC\GymBLL\Service\Implementation\Nutrition\DietPlanService.cs(76,53): warning CS8625: Cannot convert null literal to non-nullable reference type. [C:\Meno\Projects\MVC.Net\GymMVC\GymBLL\GymBLL.csproj]
C:\Meno\Projects\MVC.Net\GymMVC\GymBLL\Service\Implementation\Nutrition\DietPlanService.cs(81,49): warning CS8625: Cannot convert null literal to non-nullable reference type. [C:\Meno\Projects\MVC.Net\GymMVC\GymBLL\GymBLL.csproj]
C:\Meno\Projects\MVC.Net\GymMVC\GymBLL\Service\Implementation\Nutrition\DietPlanItemService.cs(76,59): warning CS8625: Cannot convert null literal to non-nullable reference type. [C:\Meno\Projects\MVC.Net\GymMVC\GymBLL\GymBLL.csproj]
C:\Meno\Projects\MVC.Net\GymMVC\GymBLL\Service\Implementation\Member\MemberService.cs(191,53): warning CS8625: Cannot convert null literal to non-nullable reference type. [C:\Meno\Projects\MVC.Net\GymMVC\GymBLL\GymBLL.csproj]
C:\Meno\Projects\MVC.Net\GymMVC\GymBLL\Service\Implementation\Financial\SubscriptionService.cs(323,53): warning CS8625: Cannot convert null literal to non-nullable reference type. [C:\Meno\Projects\MVC.Net\GymMVC\GymBLL\GymBLL.csproj]
C:\Meno\Projects\MVC.Net\GymMVC\GymBLL\Service\Implementation\Financial\SubscriptionService.cs(327,53): warning CS8625: Cannot convert null literal to non-nullable reference type. [C:\Meno\Projects\MVC.Net\GymMVC\GymBLL\GymBLL.csproj]
C:\Meno\Projects\MVC.Net\GymMVC\GymBLL\Service\Implementation\Member\MemberService.cs(224,30): warning CS0168: The variable 'ex' is declared but never used [C:\Meno\Projects\MVC.Net\GymMVC\GymBLL\GymBLL.csproj]
C:\Meno\Projects\MVC.Net\GymMVC\GymBLL\Service\Implementation\Trainer\TrainerService.cs(56,30): warning CS0168: The variable 'ex' is declared but never used [C:\Meno\Projects\MVC.Net\GymMVC\GymBLL\GymBLL.csproj]
C:\Meno\Projects\MVC.Net\GymMVC\GymBLL\Service\Implementation\Nutrition\DietPlanItemService.cs(89,59): warning CS8625: Cannot convert null literal to non-nullable reference type. [C:\Meno\Projects\MVC.Net\GymMVC\GymBLL\GymBLL.csproj]
C:\Meno\Projects\MVC.Net\GymMVC\GymBLL\Service\Implementation\TempRegistrationService.cs(67,57): warning CS8625: Cannot convert null literal to non-nullable reference type. [C:\Meno\Projects\MVC.Net\GymMVC\GymBLL\GymBLL.csproj]
C:\Meno\Projects\MVC.Net\GymMVC\GymBLL\Service\Implementation\Trainer\TrainerService.cs(74,52): warning CS8625: Cannot convert null literal to non-nullable reference type. [C:\Meno\Projects\MVC.Net\GymMVC\GymBLL\GymBLL.csproj]
C:\Meno\Projects\MVC.Net\GymMVC\GymBLL\Service\Implementation\Trainer\TrainerService.cs(79,48): warning CS8625: Cannot convert null literal to non-nullable reference type. [C:\Meno\Projects\MVC.Net\GymMVC\GymBLL\GymBLL.csproj]
C:\Meno\Projects\MVC.Net\GymMVC\GymBLL\Service\Implementation\Trainer\TrainerService.cs(77,30): warning CS0168: The variable 'ex' is declared but never used [C:\Meno\Projects\MVC.Net\GymMVC\GymBLL\GymBLL.csproj]
C:\Meno\Projects\MVC.Net\GymMVC\GymBLL\Service\Implementation\Member\MemberService.cs(235,71): warning CS8604: Possible null reference argument for parameter 'email' in 'Task<Member> IMemberRepository.GetByEmailAsync(string email)'. [C:\Meno\Projects\MVC.Net\GymMVC\GymBLL\GymBLL.csproj]
C:\Meno\Projects\MVC.Net\GymMVC\GymBLL\Service\Implementation\Member\MemberService.cs(236,67): warning CS8625: Cannot convert null literal to non-nullable reference type. [C:\Meno\Projects\MVC.Net\GymMVC\GymBLL\GymBLL.csproj]
C:\Meno\Projects\MVC.Net\GymMVC\GymBLL\Service\Implementation\Member\MemberService.cs(254,47): warning CS8625: Cannot convert null literal to non-nullable reference type. [C:\Meno\Projects\MVC.Net\GymMVC\GymBLL\GymBLL.csproj]
C:\Meno\Projects\MVC.Net\GymMVC\GymBLL\Service\Implementation\Financial\SubscriptionService.cs(339,86): warning CS8625: Cannot convert null literal to non-nullable reference type. [C:\Meno\Projects\MVC.Net\GymMVC\GymBLL\GymBLL.csproj]
C:\Meno\Projects\MVC.Net\GymMVC\GymBLL\Service\Implementation\Financial\SubscriptionService.cs(345,80): warning CS8625: Cannot convert null literal to non-nullable reference type. [C:\Meno\Projects\MVC.Net\GymMVC\GymBLL\GymBLL.csproj]
C:\Meno\Projects\MVC.Net\GymMVC\GymBLL\Service\Implementation\Financial\SubscriptionService.cs(382,53): warning CS8625: Cannot convert null literal to non-nullable reference type. [C:\Meno\Projects\MVC.Net\GymMVC\GymBLL\GymBLL.csproj]
C:\Meno\Projects\MVC.Net\GymMVC\GymBLL\Service\Implementation\Financial\SubscriptionService.cs(386,53): warning CS8625: Cannot convert null literal to non-nullable reference type. [C:\Meno\Projects\MVC.Net\GymMVC\GymBLL\GymBLL.csproj]
C:\Meno\Projects\MVC.Net\GymMVC\GymBLL\Service\Implementation\Nutrition\DietPlanAssignmentService.cs(161,35): warning CS8619: Nullability of reference types in value of type 'IIncludableQueryable<DietPlanAssignment, DietPlan?>' doesn't match target type 'IIncludableQueryable<DietPlanAssignment, object>'. [C:\Meno\Projects\MVC.Net\GymMVC\GymBLL\GymBLL.csproj]
C:\Meno\Projects\MVC.Net\GymMVC\GymBLL\Service\Implementation\Nutrition\DietPlanAssignmentService.cs(164,83): warning CS8625: Cannot convert null literal to non-nullable reference type. [C:\Meno\Projects\MVC.Net\GymMVC\GymBLL\GymBLL.csproj]
C:\Meno\Projects\MVC.Net\GymMVC\GymBLL\Service\Implementation\Nutrition\DietPlanAssignmentService.cs(170,59): warning CS8625: Cannot convert null literal to non-nullable reference type. [C:\Meno\Projects\MVC.Net\GymMVC\GymBLL\GymBLL.csproj]
C:\Meno\Projects\MVC.Net\GymMVC\GymBLL\Service\Implementation\Nutrition\DietPlanItemService.cs(97,71): warning CS8625: Cannot convert null literal to non-nullable reference type. [C:\Meno\Projects\MVC.Net\GymMVC\GymBLL\GymBLL.csproj]
C:\Meno\Projects\MVC.Net\GymMVC\GymBLL\Service\Implementation\Nutrition\DietPlanItemService.cs(112,53): warning CS8625: Cannot convert null literal to non-nullable reference type. [C:\Meno\Projects\MVC.Net\GymMVC\GymBLL\GymBLL.csproj]
C:\Meno\Projects\MVC.Net\GymMVC\GymBLL\Service\Implementation\Nutrition\DietPlanItemService.cs(116,53): warning CS8625: Cannot convert null literal to non-nullable reference type. [C:\Meno\Projects\MVC.Net\GymMVC\GymBLL\GymBLL.csproj]
C:\Meno\Projects\MVC.Net\GymMVC\GymBLL\Service\Implementation\TempRegistrationService.cs(75,57): warning CS8625: Cannot convert null literal to non-nullable reference type. [C:\Meno\Projects\MVC.Net\GymMVC\GymBLL\GymBLL.csproj]
C:\Meno\Projects\MVC.Net\GymMVC\GymBLL\Service\Implementation\TempRegistrationService.cs(78,57): warning CS8625: Cannot convert null literal to non-nullable reference type. [C:\Meno\Projects\MVC.Net\GymMVC\GymBLL\GymBLL.csproj]
C:\Meno\Projects\MVC.Net\GymMVC\GymBLL\Service\Implementation\Financial\SubscriptionService.cs(399,53): warning CS8625: Cannot convert null literal to non-nullable reference type. [C:\Meno\Projects\MVC.Net\GymMVC\GymBLL\GymBLL.csproj]
C:\Meno\Projects\MVC.Net\GymMVC\GymBLL\Service\Implementation\Financial\SubscriptionService.cs(403,53): warning CS8625: Cannot convert null literal to non-nullable reference type. [C:\Meno\Projects\MVC.Net\GymMVC\GymBLL\GymBLL.csproj]
C:\Meno\Projects\MVC.Net\GymMVC\GymBLL\Service\Implementation\Trainer\TrainerService.cs(89,52): warning CS8625: Cannot convert null literal to non-nullable reference type. [C:\Meno\Projects\MVC.Net\GymMVC\GymBLL\GymBLL.csproj]
C:\Meno\Projects\MVC.Net\GymMVC\GymBLL\Service\Implementation\Trainer\TrainerService.cs(93,44): warning CS8601: Possible null reference assignment. [C:\Meno\Projects\MVC.Net\GymMVC\GymBLL\GymBLL.csproj]
C:\Meno\Projects\MVC.Net\GymMVC\GymBLL\Service\Implementation\Trainer\TrainerService.cs(106,52): warning CS8625: Cannot convert null literal to non-nullable reference type. [C:\Meno\Projects\MVC.Net\GymMVC\GymBLL\GymBLL.csproj]
C:\Meno\Projects\MVC.Net\GymMVC\GymBLL\Service\Implementation\Trainer\TrainerService.cs(111,48): warning CS8625: Cannot convert null literal to non-nullable reference type. [C:\Meno\Projects\MVC.Net\GymMVC\GymBLL\GymBLL.csproj]
C:\Meno\Projects\MVC.Net\GymMVC\GymBLL\Service\Implementation\Nutrition\MealLogService.cs(63,48): warning CS8625: Cannot convert null literal to non-nullable reference type. [C:\Meno\Projects\MVC.Net\GymMVC\GymBLL\GymBLL.csproj]
C:\Meno\Projects\MVC.Net\GymMVC\GymBLL\Service\Implementation\Nutrition\MealLogService.cs(67,48): warning CS8625: Cannot convert null literal to non-nullable reference type. [C:\Meno\Projects\MVC.Net\GymMVC\GymBLL\GymBLL.csproj]
C:\Meno\Projects\MVC.Net\GymMVC\GymBLL\Service\Implementation\Trainer\TrainerService.cs(126,52): warning CS8625: Cannot convert null literal to non-nullable reference type. [C:\Meno\Projects\MVC.Net\GymMVC\GymBLL\GymBLL.csproj]
C:\Meno\Projects\MVC.Net\GymMVC\GymBLL\Service\Implementation\Trainer\TrainerService.cs(131,48): warning CS8625: Cannot convert null literal to non-nullable reference type. [C:\Meno\Projects\MVC.Net\GymMVC\GymBLL\GymBLL.csproj]
C:\Meno\Projects\MVC.Net\GymMVC\GymBLL\Service\Implementation\Trainer\TrainerService.cs(129,30): warning CS0168: The variable 'ex' is declared but never used [C:\Meno\Projects\MVC.Net\GymMVC\GymBLL\GymBLL.csproj]
C:\Meno\Projects\MVC.Net\GymMVC\GymBLL\Service\Implementation\Member\MemberService.cs(289,53): warning CS8625: Cannot convert null literal to non-nullable reference type. [C:\Meno\Projects\MVC.Net\GymMVC\GymBLL\GymBLL.csproj]
C:\Meno\Projects\MVC.Net\GymMVC\GymBLL\Service\Implementation\Member\FitnessGoalsService.cs(88,90): warning CS8629: Nullable value type may be null. [C:\Meno\Projects\MVC.Net\GymMVC\GymBLL\GymBLL.csproj]
C:\Meno\Projects\MVC.Net\GymMVC\GymBLL\Service\Implementation\Member\FitnessGoalsService.cs(90,57): warning CS8625: Cannot convert null literal to non-nullable reference type. [C:\Meno\Projects\MVC.Net\GymMVC\GymBLL\GymBLL.csproj]
C:\Meno\Projects\MVC.Net\GymMVC\GymBLL\Service\Implementation\Member\FitnessGoalsService.cs(103,53): warning CS8625: Cannot convert null literal to non-nullable reference type. [C:\Meno\Projects\MVC.Net\GymMVC\GymBLL\GymBLL.csproj]
C:\Meno\Projects\MVC.Net\GymMVC\GymBLL\Service\Implementation\Nutrition\MealLogService.cs(77,35): warning CS8619: Nullability of reference types in value of type 'IIncludableQueryable<MealLog, DietPlan?>' doesn't match target type 'IIncludableQueryable<MealLog, object>'. [C:\Meno\Projects\MVC.Net\GymMVC\GymBLL\GymBLL.csproj]
C:\Meno\Projects\MVC.Net\GymMVC\GymBLL\Service\Implementation\Nutrition\MealLogService.cs(82,54): warning CS8625: Cannot convert null literal to non-nullable reference type. [C:\Meno\Projects\MVC.Net\GymMVC\GymBLL\GymBLL.csproj]
C:\Meno\Projects\MVC.Net\GymMVC\GymBLL\Service\Implementation\Nutrition\MealLogService.cs(70,54): warning CS1998: This async method lacks 'await' operators and will run synchronously. Consider using the 'await' operator to await non-blocking API calls, or 'await Task.Run(...)' to do CPU-bound work on a background thread. [C:\Meno\Projects\MVC.Net\GymMVC\GymBLL\GymBLL.csproj]
C:\Meno\Projects\MVC.Net\GymMVC\GymBLL\Service\Implementation\Member\MemberService.cs(319,53): warning CS8625: Cannot convert null literal to non-nullable reference type. [C:\Meno\Projects\MVC.Net\GymMVC\GymBLL\GymBLL.csproj]
C:\Meno\Projects\MVC.Net\GymMVC\GymBLL\Service\Implementation\Workout\WorkoutLogService.cs(92,57): warning CS8625: Cannot convert null literal to non-nullable reference type. [C:\Meno\Projects\MVC.Net\GymMVC\GymBLL\GymBLL.csproj]
C:\Meno\Projects\MVC.Net\GymMVC\GymBLL\Service\Implementation\Nutrition\MealLogService.cs(95,54): warning CS8625: Cannot convert null literal to non-nullable reference type. [C:\Meno\Projects\MVC.Net\GymMVC\GymBLL\GymBLL.csproj]
C:\Meno\Projects\MVC.Net\GymMVC\GymBLL\Service\Implementation\Workout\WorkoutAssignmentService.cs(40,58): warning CS8625: Cannot convert null literal to non-nullable reference type. [C:\Meno\Projects\MVC.Net\GymMVC\GymBLL\GymBLL.csproj]
C:\Meno\Projects\MVC.Net\GymMVC\GymBLL\Service\Implementation\Workout\WorkoutAssignmentService.cs(44,58): warning CS8625: Cannot convert null literal to non-nullable reference type. [C:\Meno\Projects\MVC.Net\GymMVC\GymBLL\GymBLL.csproj]
C:\Meno\Projects\MVC.Net\GymMVC\GymBLL\Service\Implementation\Member\MemberService.cs(354,60): warning CS8625: Cannot convert null literal to non-nullable reference type. [C:\Meno\Projects\MVC.Net\GymMVC\GymBLL\GymBLL.csproj]
C:\Meno\Projects\MVC.Net\GymMVC\GymBLL\Service\Implementation\Nutrition\MealLogService.cs(103,65): warning CS8625: Cannot convert null literal to non-nullable reference type. [C:\Meno\Projects\MVC.Net\GymMVC\GymBLL\GymBLL.csproj]
C:\Meno\Projects\MVC.Net\GymMVC\GymBLL\Service\Implementation\Nutrition\MealLogService.cs(113,48): warning CS8625: Cannot convert null literal to non-nullable reference type. [C:\Meno\Projects\MVC.Net\GymMVC\GymBLL\GymBLL.csproj]
C:\Meno\Projects\MVC.Net\GymMVC\GymBLL\Service\Implementation\Nutrition\MealLogService.cs(117,48): warning CS8625: Cannot convert null literal to non-nullable reference type. [C:\Meno\Projects\MVC.Net\GymMVC\GymBLL\GymBLL.csproj]
C:\Meno\Projects\MVC.Net\GymMVC\GymBLL\Service\Implementation\Workout\WorkoutAssignmentService.cs(58,58): warning CS8625: Cannot convert null literal to non-nullable reference type. [C:\Meno\Projects\MVC.Net\GymMVC\GymBLL\GymBLL.csproj]
C:\Meno\Projects\MVC.Net\GymMVC\GymBLL\Service\Implementation\Workout\WorkoutAssignmentService.cs(62,58): warning CS8625: Cannot convert null literal to non-nullable reference type. [C:\Meno\Projects\MVC.Net\GymMVC\GymBLL\GymBLL.csproj]
C:\Meno\Projects\MVC.Net\GymMVC\GymBLL\Service\Implementation\Nutrition\DietPlanService.cs(94,55): warning CS8625: Cannot convert null literal to non-nullable reference type. [C:\Meno\Projects\MVC.Net\GymMVC\GymBLL\GymBLL.csproj]
C:\Meno\Projects\MVC.Net\GymMVC\GymBLL\Service\Implementation\Workout\WorkoutAssignmentService.cs(76,64): warning CS8625: Cannot convert null literal to non-nullable reference type. [C:\Meno\Projects\MVC.Net\GymMVC\GymBLL\GymBLL.csproj]
C:\Meno\Projects\MVC.Net\GymMVC\GymBLL\Service\Implementation\Identity\RoleService.cs(31,30): warning CS0168: The variable 'ex' is declared but never used [C:\Meno\Projects\MVC.Net\GymMVC\GymBLL\GymBLL.csproj]
C:\Meno\Projects\MVC.Net\GymMVC\GymBLL\Service\Implementation\Nutrition\DietPlanService.cs(107,55): warning CS8625: Cannot convert null literal to non-nullable reference type. [C:\Meno\Projects\MVC.Net\GymMVC\GymBLL\GymBLL.csproj]
C:\Meno\Projects\MVC.Net\GymMVC\GymBLL\Service\Implementation\Trainer\TrainerReviewService.cs(86,60): warning CS8625: Cannot convert null literal to non-nullable reference type. [C:\Meno\Projects\MVC.Net\GymMVC\GymBLL\GymBLL.csproj]
C:\Meno\Projects\MVC.Net\GymMVC\GymBLL\Service\Implementation\Workout\WorkoutAssignmentService.cs(91,64): warning CS8625: Cannot convert null literal to non-nullable reference type. [C:\Meno\Projects\MVC.Net\GymMVC\GymBLL\GymBLL.csproj]
C:\Meno\Projects\MVC.Net\GymMVC\GymBLL\Service\Implementation\Trainer\TrainerReviewService.cs(97,58): warning CS8625: Cannot convert null literal to non-nullable reference type. [C:\Meno\Projects\MVC.Net\GymMVC\GymBLL\GymBLL.csproj]
C:\Meno\Projects\MVC.Net\GymMVC\GymBLL\Service\Implementation\Trainer\TrainerReviewService.cs(113,54): warning CS8625: Cannot convert null literal to non-nullable reference type. [C:\Meno\Projects\MVC.Net\GymMVC\GymBLL\GymBLL.csproj]
C:\Meno\Projects\MVC.Net\GymMVC\GymBLL\Service\Implementation\Workout\WorkoutAssignmentService.cs(100,82): warning CS8625: Cannot convert null literal to non-nullable reference type. [C:\Meno\Projects\MVC.Net\GymMVC\GymBLL\GymBLL.csproj]
C:\Meno\Projects\MVC.Net\GymMVC\GymBLL\Service\Implementation\Workout\WorkoutAssignmentService.cs(111,58): warning CS8625: Cannot convert null literal to non-nullable reference type. [C:\Meno\Projects\MVC.Net\GymMVC\GymBLL\GymBLL.csproj]
C:\Meno\Projects\MVC.Net\GymMVC\GymBLL\Service\Implementation\Workout\WorkoutAssignmentService.cs(115,58): warning CS8625: Cannot convert null literal to non-nullable reference type. [C:\Meno\Projects\MVC.Net\GymMVC\GymBLL\GymBLL.csproj]
C:\Meno\Projects\MVC.Net\GymMVC\GymBLL\Service\Implementation\Nutrition\DietPlanService.cs(117,53): warning CS8625: Cannot convert null literal to non-nullable reference type. [C:\Meno\Projects\MVC.Net\GymMVC\GymBLL\GymBLL.csproj]
C:\Meno\Projects\MVC.Net\GymMVC\GymBLL\Service\Implementation\Nutrition\DietPlanService.cs(135,53): warning CS8625: Cannot convert null literal to non-nullable reference type. [C:\Meno\Projects\MVC.Net\GymMVC\GymBLL\GymBLL.csproj]
C:\Meno\Projects\MVC.Net\GymMVC\GymBLL\Service\Implementation\Nutrition\DietPlanService.cs(140,49): warning CS8625: Cannot convert null literal to non-nullable reference type. [C:\Meno\Projects\MVC.Net\GymMVC\GymBLL\GymBLL.csproj]
C:\Meno\Projects\MVC.Net\GymMVC\GymBLL\Service\Implementation\Identity\AccountService.cs(41,53): warning CS8625: Cannot convert null literal to non-nullable reference type. [C:\Meno\Projects\MVC.Net\GymMVC\GymBLL\GymBLL.csproj]
C:\Meno\Projects\MVC.Net\GymMVC\GymBLL\Service\Implementation\Identity\AccountService.cs(48,49): warning CS8625: Cannot convert null literal to non-nullable reference type. [C:\Meno\Projects\MVC.Net\GymMVC\GymBLL\GymBLL.csproj]
C:\Meno\Projects\MVC.Net\GymMVC\GymBLL\Service\Implementation\TempRegistrationService.cs(90,75): warning CS8625: Cannot convert null literal to non-nullable reference type. [C:\Meno\Projects\MVC.Net\GymMVC\GymBLL\GymBLL.csproj]
C:\Meno\Projects\MVC.Net\GymMVC\GymBLL\Service\Implementation\Identity\AccountService.cs(70,30): warning CS0168: The variable 'ex' is declared but never used [C:\Meno\Projects\MVC.Net\GymMVC\GymBLL\GymBLL.csproj]
C:\Meno\Projects\MVC.Net\GymMVC\GymBLL\Service\Implementation\TempRegistrationService.cs(113,76): warning CS8625: Cannot convert null literal to non-nullable reference type. [C:\Meno\Projects\MVC.Net\GymMVC\GymBLL\GymBLL.csproj]
C:\Meno\Projects\MVC.Net\GymMVC\GymBLL\Service\Implementation\Identity\AccountService.cs(82,30): warning CS0168: The variable 'ex' is declared but never used [C:\Meno\Projects\MVC.Net\GymMVC\GymBLL\GymBLL.csproj]
C:\Meno\Projects\MVC.Net\GymMVC\GymBLL\Service\Implementation\Nutrition\DietPlanService.cs(206,62): warning CS8625: Cannot convert null literal to non-nullable reference type. [C:\Meno\Projects\MVC.Net\GymMVC\GymBLL\GymBLL.csproj]
C:\Meno\Projects\MVC.Net\GymMVC\GymBLL\Service\Implementation\TempRegistrationService.cs(133,76): warning CS8625: Cannot convert null literal to non-nullable reference type. [C:\Meno\Projects\MVC.Net\GymMVC\GymBLL\GymBLL.csproj]
C:\Meno\Projects\MVC.Net\GymMVC\GymBLL\Service\Implementation\Identity\AccountService.cs(94,75): warning CS8625: Cannot convert null literal to non-nullable reference type. [C:\Meno\Projects\MVC.Net\GymMVC\GymBLL\GymBLL.csproj]
C:\Meno\Projects\MVC.Net\GymMVC\GymBLL\Service\Implementation\Identity\AccountService.cs(97,24): warning CS8619: Nullability of reference types in value of type 'Task<(Response<ApplicationUser>, string? role)>' doesn't match target type 'Task<(Response<ApplicationUser>, string Role)>'. [C:\Meno\Projects\MVC.Net\GymMVC\GymBLL\GymBLL.csproj]
C:\Meno\Projects\MVC.Net\GymMVC\GymBLL\Service\Implementation\Identity\AccountService.cs(99,30): warning CS0168: The variable 'ex' is declared but never used [C:\Meno\Projects\MVC.Net\GymMVC\GymBLL\GymBLL.csproj]
C:\Meno\Projects\MVC.Net\GymMVC\GymBLL\Service\Implementation\Trainer\TrainerReviewService.cs(163,60): warning CS8625: Cannot convert null literal to non-nullable reference type. [C:\Meno\Projects\MVC.Net\GymMVC\GymBLL\GymBLL.csproj]
C:\Meno\Projects\MVC.Net\GymMVC\GymBLL\Service\Implementation\Financial\SubscriptionService.cs(440,53): warning CS8602: Dereference of a possibly null reference. [C:\Meno\Projects\MVC.Net\GymMVC\GymBLL\GymBLL.csproj]
C:\Meno\Projects\MVC.Net\GymMVC\GymBLL\Service\Implementation\Financial\SubscriptionService.cs(440,84): warning CS8602: Dereference of a possibly null reference. [C:\Meno\Projects\MVC.Net\GymMVC\GymBLL\GymBLL.csproj]
C:\Meno\Projects\MVC.Net\GymMVC\GymBLL\Service\Implementation\Financial\SubscriptionService.cs(448,64): warning CS8625: Cannot convert null literal to non-nullable reference type. [C:\Meno\Projects\MVC.Net\GymMVC\GymBLL\GymBLL.csproj]
C:\Meno\Projects\MVC.Net\GymMVC\GymBLL\Service\Implementation\Financial\SubscriptionService.cs(464,60): warning CS8625: Cannot convert null literal to non-nullable reference type. [C:\Meno\Projects\MVC.Net\GymMVC\GymBLL\GymBLL.csproj]
C:\Meno\Projects\MVC.Net\GymMVC\GymBLL\Service\Implementation\Trainer\TrainerReviewService.cs(195,60): warning CS8625: Cannot convert null literal to non-nullable reference type. [C:\Meno\Projects\MVC.Net\GymMVC\GymBLL\GymBLL.csproj]
C:\Meno\Projects\MVC.Net\GymMVC\GymBLL\Service\Implementation\Identity\AccountService.cs(130,100): warning CS8604: Possible null reference argument for parameter 'stringToEscape' in 'string Uri.EscapeDataString(string stringToEscape)'. [C:\Meno\Projects\MVC.Net\GymMVC\GymBLL\GymBLL.csproj]
C:\Meno\Projects\MVC.Net\GymMVC\GymBLL\Service\Implementation\Financial\SubscriptionService.cs(479,52): warning CS8602: Dereference of a possibly null reference. [C:\Meno\Projects\MVC.Net\GymMVC\GymBLL\GymBLL.csproj]
C:\Meno\Projects\MVC.Net\GymMVC\GymBLL\Service\Implementation\Financial\SubscriptionService.cs(488,64): warning CS8625: Cannot convert null literal to non-nullable reference type. [C:\Meno\Projects\MVC.Net\GymMVC\GymBLL\GymBLL.csproj]
C:\Meno\Projects\MVC.Net\GymMVC\GymBLL\Service\Implementation\Financial\SubscriptionService.cs(502,60): warning CS8625: Cannot convert null literal to non-nullable reference type. [C:\Meno\Projects\MVC.Net\GymMVC\GymBLL\GymBLL.csproj]

Build FAILED.

C:\Meno\Projects\MVC.Net\GymMVC\GymBLL\Common\ModularBusinessAccessLayer.cs(15,7): warning CS0105: The using directive for 'GymBLL.Service.Implementation.Trainer' appeared previously in this namespace [C:\Meno\Projects\MVC.Net\GymMVC\GymBLL\GymBLL.csproj]
C:\Meno\Projects\MVC.Net\GymMVC\GymBLL\Global\Global.cs(9,14): warning CS0105: The using directive for 'System.Threading.Tasks' appeared previously in this namespace [C:\Meno\Projects\MVC.Net\GymMVC\GymBLL\GymBLL.csproj]
C:\Meno\Projects\MVC.Net\GymMVC\GymBLL\Service\Abstract\Financial\IMembershipService.cs(4,7): warning CS0105: The using directive for 'GymBLL.ModelVM.Financial' appeared previously in this namespace [C:\Meno\Projects\MVC.Net\GymMVC\GymBLL\GymBLL.csproj]
C:\Meno\Projects\MVC.Net\GymMVC\GymBLL\Service\Abstract\Financial\IPaymentService.cs(4,7): warning CS0105: The using directive for 'GymBLL.ModelVM.Financial' appeared previously in this namespace [C:\Meno\Projects\MVC.Net\GymMVC\GymBLL\GymBLL.csproj]
C:\Meno\Projects\MVC.Net\GymMVC\GymBLL\Service\Abstract\Financial\ISubscriptionService.cs(4,7): warning CS0105: The using directive for 'GymBLL.ModelVM.Financial' appeared previously in this namespace [C:\Meno\Projects\MVC.Net\GymMVC\GymBLL\GymBLL.csproj]
C:\Meno\Projects\MVC.Net\GymMVC\GymBLL\Service\Abstract\Nutrition\IDietPlanItemService.cs(4,7): warning CS0105: The using directive for 'GymBLL.ModelVM.Nutrition' appeared previously in this namespace [C:\Meno\Projects\MVC.Net\GymMVC\GymBLL\GymBLL.csproj]
C:\Meno\Projects\MVC.Net\GymMVC\GymBLL\Service\Abstract\Nutrition\IMealLogService.cs(4,7): warning CS0105: The using directive for 'GymBLL.ModelVM.Nutrition' appeared previously in this namespace [C:\Meno\Projects\MVC.Net\GymMVC\GymBLL\GymBLL.csproj]
C:\Meno\Projects\MVC.Net\GymMVC\GymBLL\Service\Abstract\Trainer\ITrainerService.cs(5,7): warning CS0105: The using directive for 'GymBLL.ModelVM.Trainer' appeared previously in this namespace [C:\Meno\Projects\MVC.Net\GymMVC\GymBLL\GymBLL.csproj]
C:\Meno\Projects\MVC.Net\GymMVC\GymBLL\Service\Abstract\Workout\IWorkoutAssignmentService.cs(4,7): warning CS0105: The using directive for 'GymBLL.ModelVM.Workout' appeared previously in this namespace [C:\Meno\Projects\MVC.Net\GymMVC\GymBLL\GymBLL.csproj]
C:\Meno\Projects\MVC.Net\GymMVC\GymBLL\Service\Abstract\Workout\IWorkoutPlanItemService.cs(4,7): warning CS0105: The using directive for 'GymBLL.ModelVM.Workout' appeared previously in this namespace [C:\Meno\Projects\MVC.Net\GymMVC\GymBLL\GymBLL.csproj]
C:\Meno\Projects\MVC.Net\GymMVC\GymBLL\Service\Implementation\Communication\EmailService.cs(12,7): warning CS0105: The using directive for 'GymBLL.Service.Abstract.Communication' appeared previously in this namespace [C:\Meno\Projects\MVC.Net\GymMVC\GymBLL\GymBLL.csproj]
C:\Meno\Projects\MVC.Net\GymMVC\GymBLL\Common\StripeSettings.cs(5,23): warning CS8618: Non-nullable property 'PublishableKey' must contain a non-null value when exiting constructor. Consider adding the 'required' modifier or declaring the property as nullable. [C:\Meno\Projects\MVC.Net\GymMVC\GymBLL\GymBLL.csproj]
C:\Meno\Projects\MVC.Net\GymMVC\GymBLL\Common\StripeSettings.cs(6,23): warning CS8618: Non-nullable property 'SecretKey' must contain a non-null value when exiting constructor. Consider adding the 'required' modifier or declaring the property as nullable. [C:\Meno\Projects\MVC.Net\GymMVC\GymBLL\GymBLL.csproj]
C:\Meno\Projects\MVC.Net\GymMVC\GymBLL\Common\StripeSettings.cs(7,23): warning CS8618: Non-nullable property 'WebhookSecret' must contain a non-null value when exiting constructor. Consider adding the 'required' modifier or declaring the property as nullable. [C:\Meno\Projects\MVC.Net\GymMVC\GymBLL\GymBLL.csproj]
C:\Meno\Projects\MVC.Net\GymMVC\GymBLL\ModelVM\Workout\WorkoutPlanVM.cs(12,23): warning CS8618: Non-nullable property 'Name' must contain a non-null value when exiting constructor. Consider adding the 'required' modifier or declaring the property as nullable. [C:\Meno\Projects\MVC.Net\GymMVC\GymBLL\GymBLL.csproj]
C:\Meno\Projects\MVC.Net\GymMVC\GymBLL\ModelVM\Workout\WorkoutPlanItemVM.cs(20,23): warning CS8618: Non-nullable property 'ExerciseName' must contain a non-null value when exiting constructor. Consider adding the 'required' modifier or declaring the property as nullable. [C:\Meno\Projects\MVC.Net\GymMVC\GymBLL\GymBLL.csproj]
C:\Meno\Projects\MVC.Net\GymMVC\GymBLL\ModelVM\Workout\WorkoutLogVM.cs(24,23): warning CS8618: Non-nullable property 'ExerciseName' must contain a non-null value when exiting constructor. Consider adding the 'required' modifier or declaring the property as nullable. [C:\Meno\Projects\MVC.Net\GymMVC\GymBLL\GymBLL.csproj]
C:\Meno\Projects\MVC.Net\GymMVC\GymBLL\ModelVM\Workout\WorkoutLogVM.cs(9,23): warning CS8618: Non-nullable property 'MemberId' must contain a non-null value when exiting constructor. Consider adding the 'required' modifier or declaring the property as nullable. [C:\Meno\Projects\MVC.Net\GymMVC\GymBLL\GymBLL.csproj]
C:\Meno\Projects\MVC.Net\GymMVC\GymBLL\ModelVM\Workout\WorkoutLogVM.cs(11,23): warning CS8618: Non-nullable property 'WorkoutPlanName' must contain a non-null value when exiting constructor. Consider adding the 'required' modifier or declaring the property as nullable. [C:\Meno\Projects\MVC.Net\GymMVC\GymBLL\GymBLL.csproj]
C:\Meno\Projects\MVC.Net\GymMVC\GymBLL\ModelVM\AI\AIChatModels.cs(13,23): warning CS8618: Non-nullable property 'Reply' must contain a non-null value when exiting constructor. Consider adding the 'required' modifier or declaring the property as nullable. [C:\Meno\Projects\MVC.Net\GymMVC\GymBLL\GymBLL.csproj]
C:\Meno\Projects\MVC.Net\GymMVC\GymBLL\ModelVM\Trainer\TrainerReviewVM.cs(10,23): warning CS8618: Non-nullable property 'TrainerId' must contain a non-null value when exiting constructor. Consider adding the 'required' modifier or declaring the property as nullable. [C:\Meno\Projects\MVC.Net\GymMVC\GymBLL\GymBLL.csproj]
C:\Meno\Projects\MVC.Net\GymMVC\GymBLL\ModelVM\Trainer\TrainerReviewVM.cs(13,23): warning CS8618: Non-nullable property 'MemberId' must contain a non-null value when exiting constructor. Consider adding the 'required' modifier or declaring the property as nullable. [C:\Meno\Projects\MVC.Net\GymMVC\GymBLL\GymBLL.csproj]
C:\Meno\Projects\MVC.Net\GymMVC\GymBLL\ModelVM\AI\AIChatModels.cs(7,23): warning CS8618: Non-nullable property 'Message' must contain a non-null value when exiting constructor. Consider adding the 'required' modifier or declaring the property as nullable. [C:\Meno\Projects\MVC.Net\GymMVC\GymBLL\GymBLL.csproj]
C:\Meno\Projects\MVC.Net\GymMVC\GymBLL\ModelVM\Trainer\TrainerProfileVM.cs(8,23): warning CS8618: Non-nullable property 'Id' must contain a non-null value when exiting constructor. Consider adding the 'required' modifier or declaring the property as nullable. [C:\Meno\Projects\MVC.Net\GymMVC\GymBLL\GymBLL.csproj]
C:\Meno\Projects\MVC.Net\GymMVC\GymBLL\ModelVM\Trainer\TrainerProfileVM.cs(11,23): warning CS8618: Non-nullable property 'FullName' must contain a non-null value when exiting constructor. Consider adding the 'required' modifier or declaring the property as nullable. [C:\Meno\Projects\MVC.Net\GymMVC\GymBLL\GymBLL.csproj]
C:\Meno\Projects\MVC.Net\GymMVC\GymBLL\ModelVM\Trainer\TrainerProfileVM.cs(14,23): warning CS8618: Non-nullable property 'Email' must contain a non-null value when exiting constructor. Consider adding the 'required' modifier or declaring the property as nullable. [C:\Meno\Projects\MVC.Net\GymMVC\GymBLL\GymBLL.csproj]
C:\Meno\Projects\MVC.Net\GymMVC\GymBLL\ModelVM\Trainer\TrainerProfileVM.cs(16,23): warning CS8618: Non-nullable property 'Phone' must contain a non-null value when exiting constructor. Consider adding the 'required' modifier or declaring the property as nullable. [C:\Meno\Projects\MVC.Net\GymMVC\GymBLL\GymBLL.csproj]
C:\Meno\Projects\MVC.Net\GymMVC\GymBLL\ModelVM\Trainer\TrainerProfileVM.cs(17,23): warning CS8618: Non-nullable property 'ProfilePicture' must contain a non-null value when exiting constructor. Consider adding the 'required' modifier or declaring the property as nullable. [C:\Meno\Projects\MVC.Net\GymMVC\GymBLL\GymBLL.csproj]
C:\Meno\Projects\MVC.Net\GymMVC\GymBLL\ModelVM\Trainer\TrainerProfileVM.cs(19,23): warning CS8618: Non-nullable property 'Bio' must contain a non-null value when exiting constructor. Consider adding the 'required' modifier or declaring the property as nullable. [C:\Meno\Projects\MVC.Net\GymMVC\GymBLL\GymBLL.csproj]
C:\Meno\Projects\MVC.Net\GymMVC\GymBLL\ModelVM\Trainer\TrainerProfileVM.cs(24,26): warning CS8618: Non-nullable property 'ProfileImageFile' must contain a non-null value when exiting constructor. Consider adding the 'required' modifier or declaring the property as nullable. [C:\Meno\Projects\MVC.Net\GymMVC\GymBLL\GymBLL.csproj]
C:\Meno\Projects\MVC.Net\GymMVC\GymBLL\ModelVM\Communication\NotificationVM.cs(11,23): warning CS8618: Non-nullable property 'UserId' must contain a non-null value when exiting constructor. Consider adding the 'required' modifier or declaring the property as nullable. [C:\Meno\Projects\MVC.Net\GymMVC\GymBLL\GymBLL.csproj]
C:\Meno\Projects\MVC.Net\GymMVC\GymBLL\ModelVM\Communication\NotificationVM.cs(19,23): warning CS8618: Non-nullable property 'Message' must contain a non-null value when exiting constructor. Consider adding the 'required' modifier or declaring the property as nullable. [C:\Meno\Projects\MVC.Net\GymMVC\GymBLL\GymBLL.csproj]
C:\Meno\Projects\MVC.Net\GymMVC\GymBLL\ModelVM\Communication\ConversationVM.cs(7,23): warning CS8618: Non-nullable property 'OtherUserId' must contain a non-null value when exiting constructor. Consider adding the 'required' modifier or declaring the property as nullable. [C:\Meno\Projects\MVC.Net\GymMVC\GymBLL\GymBLL.csproj]
C:\Meno\Projects\MVC.Net\GymMVC\GymBLL\ModelVM\Communication\ConversationVM.cs(8,23): warning CS8618: Non-nullable property 'OtherUserName' must contain a non-null value when exiting constructor. Consider adding the 'required' modifier or declaring the property as nullable. [C:\Meno\Projects\MVC.Net\GymMVC\GymBLL\GymBLL.csproj]
C:\Meno\Projects\MVC.Net\GymMVC\GymBLL\ModelVM\Communication\ConversationVM.cs(10,23): warning CS8618: Non-nullable property 'LastMessage' must contain a non-null value when exiting constructor. Consider adding the 'required' modifier or declaring the property as nullable. [C:\Meno\Projects\MVC.Net\GymMVC\GymBLL\GymBLL.csproj]
C:\Meno\Projects\MVC.Net\GymMVC\GymBLL\ModelVM\TempRegistrationVM.cs(9,23): warning CS8618: Non-nullable property 'Email' must contain a non-null value when exiting constructor. Consider adding the 'required' modifier or declaring the property as nullable. [C:\Meno\Projects\MVC.Net\GymMVC\GymBLL\GymBLL.csproj]
C:\Meno\Projects\MVC.Net\GymMVC\GymBLL\ModelVM\Financial\UpgradeSubscriptionVM.cs(12,23): warning CS8618: Non-nullable property 'MemberId' must contain a non-null value when exiting constructor. Consider adding the 'required' modifier or declaring the property as nullable. [C:\Meno\Projects\MVC.Net\GymMVC\GymBLL\GymBLL.csproj]
C:\Meno\Projects\MVC.Net\GymMVC\GymBLL\ModelVM\Financial\UpgradeSubscriptionVM.cs(18,23): warning CS8618: Non-nullable property 'CurrentMembershipType' must contain a non-null value when exiting constructor. Consider adding the 'required' modifier or declaring the property as nullable. [C:\Meno\Projects\MVC.Net\GymMVC\GymBLL\GymBLL.csproj]
C:\Meno\Projects\MVC.Net\GymMVC\GymBLL\ModelVM\Financial\UpgradeSubscriptionVM.cs(25,23): warning CS8618: Non-nullable property 'NewMembershipType' must contain a non-null value when exiting constructor. Consider adding the 'required' modifier or declaring the property as nullable. [C:\Meno\Projects\MVC.Net\GymMVC\GymBLL\GymBLL.csproj]
C:\Meno\Projects\MVC.Net\GymMVC\GymBLL\ModelVM\Financial\UpgradeSubscriptionVM.cs(33,23): warning CS8618: Non-nullable property 'PaymentMethod' must contain a non-null value when exiting constructor. Consider adding the 'required' modifier or declaring the property as nullable. [C:\Meno\Projects\MVC.Net\GymMVC\GymBLL\GymBLL.csproj]
C:\Meno\Projects\MVC.Net\GymMVC\GymBLL\ModelVM\Financial\UpgradeSubscriptionVM.cs(47,23): warning CS8618: Non-nullable property 'BillingName' must contain a non-null value when exiting constructor. Consider adding the 'required' modifier or declaring the property as nullable. [C:\Meno\Projects\MVC.Net\GymMVC\GymBLL\GymBLL.csproj]
C:\Meno\Projects\MVC.Net\GymMVC\GymBLL\ModelVM\Financial\UpgradeSubscriptionVM.cs(50,23): warning CS8618: Non-nullable property 'BillingAddress' must contain a non-null value when exiting constructor. Consider adding the 'required' modifier or declaring the property as nullable. [C:\Meno\Projects\MVC.Net\GymMVC\GymBLL\GymBLL.csproj]
C:\Meno\Projects\MVC.Net\GymMVC\GymBLL\ModelVM\Financial\UpgradeSubscriptionVM.cs(54,23): warning CS8618: Non-nullable property 'BillingEmail' must contain a non-null value when exiting constructor. Consider adding the 'required' modifier or declaring the property as nullable. [C:\Meno\Projects\MVC.Net\GymMVC\GymBLL\GymBLL.csproj]
C:\Meno\Projects\MVC.Net\GymMVC\GymBLL\ModelVM\Report\WeightLogVM.cs(10,23): warning CS8618: Non-nullable property 'Notes' must contain a non-null value when exiting constructor. Consider adding the 'required' modifier or declaring the property as nullable. [C:\Meno\Projects\MVC.Net\GymMVC\GymBLL\GymBLL.csproj]
C:\Meno\Projects\MVC.Net\GymMVC\GymBLL\ModelVM\Financial\SubscriptionVM.cs(11,23): warning CS8618: Non-nullable property 'MemberId' must contain a non-null value when exiting constructor. Consider adding the 'required' modifier or declaring the property as nullable. [C:\Meno\Projects\MVC.Net\GymMVC\GymBLL\GymBLL.csproj]
C:\Meno\Projects\MVC.Net\GymMVC\GymBLL\ModelVM\Communication\ChatMessageVM.cs(8,23): warning CS8618: Non-nullable property 'SenderId' must contain a non-null value when exiting constructor. Consider adding the 'required' modifier or declaring the property as nullable. [C:\Meno\Projects\MVC.Net\GymMVC\GymBLL\GymBLL.csproj]
C:\Meno\Projects\MVC.Net\GymMVC\GymBLL\ModelVM\Communication\ChatMessageVM.cs(9,23): warning CS8618: Non-nullable property 'SenderName' must contain a non-null value when exiting constructor. Consider adding the 'required' modifier or declaring the property as nullable. [C:\Meno\Projects\MVC.Net\GymMVC\GymBLL\GymBLL.csproj]
C:\Meno\Projects\MVC.Net\GymMVC\GymBLL\ModelVM\Communication\ChatMessageVM.cs(10,23): warning CS8618: Non-nullable property 'ReceiverId' must contain a non-null value when exiting constructor. Consider adding the 'required' modifier or declaring the property as nullable. [C:\Meno\Projects\MVC.Net\GymMVC\GymBLL\GymBLL.csproj]
C:\Meno\Projects\MVC.Net\GymMVC\GymBLL\ModelVM\Communication\ChatMessageVM.cs(11,23): warning CS8618: Non-nullable property 'ReceiverName' must contain a non-null value when exiting constructor. Consider adding the 'required' modifier or declaring the property as nullable. [C:\Meno\Projects\MVC.Net\GymMVC\GymBLL\GymBLL.csproj]
C:\Meno\Projects\MVC.Net\GymMVC\GymBLL\ModelVM\Report\MemberReportVM.cs(11,25): warning CS8618: Non-nullable property 'Member' must contain a non-null value when exiting constructor. Consider adding the 'required' modifier or declaring the property as nullable. [C:\Meno\Projects\MVC.Net\GymMVC\GymBLL\GymBLL.csproj]
C:\Meno\Projects\MVC.Net\GymMVC\GymBLL\ModelVM\Report\MemberReportVM.cs(12,23): warning CS8618: Non-nullable property 'MembershipType' must contain a non-null value when exiting constructor. Consider adding the 'required' modifier or declaring the property as nullable. [C:\Meno\Projects\MVC.Net\GymMVC\GymBLL\GymBLL.csproj]
C:\Meno\Projects\MVC.Net\GymMVC\GymBLL\ModelVM\Financial\SubscriptionStatusVM.cs(9,23): warning CS8618: Non-nullable property 'MemberId' must contain a non-null value when exiting constructor. Consider adding the 'required' modifier or declaring the property as nullable. [C:\Meno\Projects\MVC.Net\GymMVC\GymBLL\GymBLL.csproj]
C:\Meno\Projects\MVC.Net\GymMVC\GymBLL\ModelVM\Financial\SubscriptionStatusVM.cs(10,23): warning CS8618: Non-nullable property 'MembershipType' must contain a non-null value when exiting constructor. Consider adding the 'required' modifier or declaring the property as nullable. [C:\Meno\Projects\MVC.Net\GymMVC\GymBLL\GymBLL.csproj]
C:\Meno\Projects\MVC.Net\GymMVC\GymBLL\ModelVM\Financial\SubscriptionStatusVM.cs(11,23): warning CS8618: Non-nullable property 'Status' must contain a non-null value when exiting constructor. Consider adding the 'required' modifier or declaring the property as nullable. [C:\Meno\Projects\MVC.Net\GymMVC\GymBLL\GymBLL.csproj]
C:\Meno\Projects\MVC.Net\GymMVC\GymBLL\ModelVM\Financial\SubscriptionStatusVM.cs(20,23): warning CS8618: Non-nullable property 'StatusBadgeClass' must contain a non-null value when exiting constructor. Consider adding the 'required' modifier or declaring the property as nullable. [C:\Meno\Projects\MVC.Net\GymMVC\GymBLL\GymBLL.csproj]
C:\Meno\Projects\MVC.Net\GymMVC\GymBLL\ModelVM\Financial\SubscriptionStatusVM.cs(21,23): warning CS8618: Non-nullable property 'ProgressPercentage' must contain a non-null value when exiting constructor. Consider adding the 'required' modifier or declaring the property as nullable. [C:\Meno\Projects\MVC.Net\GymMVC\GymBLL\GymBLL.csproj]
C:\Meno\Projects\MVC.Net\GymMVC\GymBLL\ModelVM\Report\MealLogVM.cs(10,23): warning CS8618: Non-nullable property 'Notes' must contain a non-null value when exiting constructor. Consider adding the 'required' modifier or declaring the property as nullable. [C:\Meno\Projects\MVC.Net\GymMVC\GymBLL\GymBLL.csproj]
C:\Meno\Projects\MVC.Net\GymMVC\GymBLL\ModelVM\Dashboard\DashboardVM.cs(25,23): warning CS8618: Non-nullable property 'MemberName' must contain a non-null value when exiting constructor. Consider adding the 'required' modifier or declaring the property as nullable. [C:\Meno\Projects\MVC.Net\GymMVC\GymBLL\GymBLL.csproj]
C:\Meno\Projects\MVC.Net\GymMVC\GymBLL\ModelVM\Dashboard\DashboardVM.cs(26,46): warning CS8618: Non-nullable property 'SubscriptionStatus' must contain a non-null value when exiting constructor. Consider adding the 'required' modifier or declaring the property as nullable. [C:\Meno\Projects\MVC.Net\GymMVC\GymBLL\GymBLL.csproj]
C:\Meno\Projects\MVC.Net\GymMVC\GymBLL\ModelVM\Dashboard\DashboardVM.cs(28,23): warning CS8618: Non-nullable property 'TodayWorkoutName' must contain a non-null value when exiting constructor. Consider adding the 'required' modifier or declaring the property as nullable. [C:\Meno\Projects\MVC.Net\GymMVC\GymBLL\GymBLL.csproj]
C:\Meno\Projects\MVC.Net\GymMVC\GymBLL\ModelVM\Dashboard\DashboardVM.cs(30,23): warning CS8618: Non-nullable property 'TodayDietName' must contain a non-null value when exiting constructor. Consider adding the 'required' modifier or declaring the property as nullable. [C:\Meno\Projects\MVC.Net\GymMVC\GymBLL\GymBLL.csproj]
C:\Meno\Projects\MVC.Net\GymMVC\GymBLL\ModelVM\Dashboard\DashboardVM.cs(31,23): warning CS8618: Non-nullable property 'TrainerId' must contain a non-null value when exiting constructor. Consider adding the 'required' modifier or declaring the property as nullable. [C:\Meno\Projects\MVC.Net\GymMVC\GymBLL\GymBLL.csproj]
C:\Meno\Projects\MVC.Net\GymMVC\GymBLL\ModelVM\Dashboard\DashboardVM.cs(32,23): warning CS8618: Non-nullable property 'TrainerName' must contain a non-null value when exiting constructor. Consider adding the 'required' modifier or declaring the property as nullable. [C:\Meno\Projects\MVC.Net\GymMVC\GymBLL\GymBLL.csproj]
C:\Meno\Projects\MVC.Net\GymMVC\GymBLL\ModelVM\Dashboard\DashboardVM.cs(35,40): warning CS8618: Non-nullable property 'TodayExercises' must contain a non-null value when exiting constructor. Consider adding the 'required' modifier or declaring the property as nullable. [C:\Meno\Projects\MVC.Net\GymMVC\GymBLL\GymBLL.csproj]
C:\Meno\Projects\MVC.Net\GymMVC\GymBLL\ModelVM\Dashboard\DashboardVM.cs(36,37): warning CS8618: Non-nullable property 'TodayMeals' must contain a non-null value when exiting constructor. Consider adding the 'required' modifier or declaring the property as nullable. [C:\Meno\Projects\MVC.Net\GymMVC\GymBLL\GymBLL.csproj]
C:\Meno\Projects\MVC.Net\GymMVC\GymBLL\ModelVM\Financial\RenewSubscriptionVM.cs(11,23): warning CS8618: Non-nullable property 'MemberId' must contain a non-null value when exiting constructor. Consider adding the 'required' modifier or declaring the property as nullable. [C:\Meno\Projects\MVC.Net\GymMVC\GymBLL\GymBLL.csproj]
C:\Meno\Projects\MVC.Net\GymMVC\GymBLL\ModelVM\Financial\RenewSubscriptionVM.cs(13,23): warning CS8618: Non-nullable property 'MemberName' must contain a non-null value when exiting constructor. Consider adding the 'required' modifier or declaring the property as nullable. [C:\Meno\Projects\MVC.Net\GymMVC\GymBLL\GymBLL.csproj]
C:\Meno\Projects\MVC.Net\GymMVC\GymBLL\ModelVM\Financial\RenewSubscriptionVM.cs(17,23): warning CS8618: Non-nullable property 'MembershipType' must contain a non-null value when exiting constructor. Consider adding the 'required' modifier or declaring the property as nullable. [C:\Meno\Projects\MVC.Net\GymMVC\GymBLL\GymBLL.csproj]
C:\Meno\Projects\MVC.Net\GymMVC\GymBLL\ModelVM\Financial\RenewSubscriptionVM.cs(21,23): warning CS8618: Non-nullable property 'PaymentMethod' must contain a non-null value when exiting constructor. Consider adding the 'required' modifier or declaring the property as nullable. [C:\Meno\Projects\MVC.Net\GymMVC\GymBLL\GymBLL.csproj]
C:\Meno\Projects\MVC.Net\GymMVC\GymBLL\ModelVM\Financial\RenewSubscriptionVM.cs(34,23): warning CS8618: Non-nullable property 'Notes' must contain a non-null value when exiting constructor. Consider adding the 'required' modifier or declaring the property as nullable. [C:\Meno\Projects\MVC.Net\GymMVC\GymBLL\GymBLL.csproj]
C:\Meno\Projects\MVC.Net\GymMVC\GymBLL\ModelVM\Financial\RenewSubscriptionVM.cs(38,23): warning CS8618: Non-nullable property 'BillingName' must contain a non-null value when exiting constructor. Consider adding the 'required' modifier or declaring the property as nullable. [C:\Meno\Projects\MVC.Net\GymMVC\GymBLL\GymBLL.csproj]
C:\Meno\Projects\MVC.Net\GymMVC\GymBLL\ModelVM\Financial\RenewSubscriptionVM.cs(41,23): warning CS8618: Non-nullable property 'BillingAddress' must contain a non-null value when exiting constructor. Consider adding the 'required' modifier or declaring the property as nullable. [C:\Meno\Projects\MVC.Net\GymMVC\GymBLL\GymBLL.csproj]
C:\Meno\Projects\MVC.Net\GymMVC\GymBLL\ModelVM\Financial\RenewSubscriptionVM.cs(45,23): warning CS8618: Non-nullable property 'BillingEmail' must contain a non-null value when exiting constructor. Consider adding the 'required' modifier or declaring the property as nullable. [C:\Meno\Projects\MVC.Net\GymMVC\GymBLL\GymBLL.csproj]
C:\Meno\Projects\MVC.Net\GymMVC\GymBLL\ModelVM\Dashboard\DashboardVM.cs(60,26): warning CS8618: Non-nullable property 'ProfilePictureFile' must contain a non-null value when exiting constructor. Consider adding the 'required' modifier or declaring the property as nullable. [C:\Meno\Projects\MVC.Net\GymMVC\GymBLL\GymBLL.csproj]
C:\Meno\Projects\MVC.Net\GymMVC\GymBLL\ModelVM\Dashboard\DashboardVM.cs(61,23): warning CS8618: Non-nullable property 'ProfilePicture' must contain a non-null value when exiting constructor. Consider adding the 'required' modifier or declaring the property as nullable. [C:\Meno\Projects\MVC.Net\GymMVC\GymBLL\GymBLL.csproj]
C:\Meno\Projects\MVC.Net\GymMVC\GymBLL\ModelVM\Dashboard\DashboardVM.cs(62,23): warning CS8618: Non-nullable property 'MemberId' must contain a non-null value when exiting constructor. Consider adding the 'required' modifier or declaring the property as nullable. [C:\Meno\Projects\MVC.Net\GymMVC\GymBLL\GymBLL.csproj]
C:\Meno\Projects\MVC.Net\GymMVC\GymBLL\ModelVM\Dashboard\DashboardVM.cs(63,23): warning CS8618: Non-nullable property 'FullName' must contain a non-null value when exiting constructor. Consider adding the 'required' modifier or declaring the property as nullable. [C:\Meno\Projects\MVC.Net\GymMVC\GymBLL\GymBLL.csproj]
C:\Meno\Projects\MVC.Net\GymMVC\GymBLL\ModelVM\Dashboard\DashboardVM.cs(64,23): warning CS8618: Non-nullable property 'Email' must contain a non-null value when exiting constructor. Consider adding the 'required' modifier or declaring the property as nullable. [C:\Meno\Projects\MVC.Net\GymMVC\GymBLL\GymBLL.csproj]
C:\Meno\Projects\MVC.Net\GymMVC\GymBLL\ModelVM\Dashboard\DashboardVM.cs(68,23): warning CS8618: Non-nullable property 'FitnessGoal' must contain a non-null value when exiting constructor. Consider adding the 'required' modifier or declaring the property as nullable. [C:\Meno\Projects\MVC.Net\GymMVC\GymBLL\GymBLL.csproj]
C:\Meno\Projects\MVC.Net\GymMVC\GymBLL\ModelVM\Dashboard\DashboardVM.cs(69,23): warning CS8618: Non-nullable property 'Gender' must contain a non-null value when exiting constructor. Consider adding the 'required' modifier or declaring the property as nullable. [C:\Meno\Projects\MVC.Net\GymMVC\GymBLL\GymBLL.csproj]
C:\Meno\Projects\MVC.Net\GymMVC\GymBLL\ModelVM\Dashboard\DashboardVM.cs(72,46): warning CS8618: Non-nullable property 'SubscriptionStatus' must contain a non-null value when exiting constructor. Consider adding the 'required' modifier or declaring the property as nullable. [C:\Meno\Projects\MVC.Net\GymMVC\GymBLL\GymBLL.csproj]
C:\Meno\Projects\MVC.Net\GymMVC\GymBLL\ModelVM\Nutrition\MealLogVM.cs(17,23): warning CS8618: Non-nullable property 'MealsConsumed' must contain a non-null value when exiting constructor. Consider adding the 'required' modifier or declaring the property as nullable. [C:\Meno\Projects\MVC.Net\GymMVC\GymBLL\GymBLL.csproj]
C:\Meno\Projects\MVC.Net\GymMVC\GymBLL\ModelVM\Financial\MembershipVM.cs(12,23): warning CS8618: Non-nullable property 'MembershipType' must contain a non-null value when exiting constructor. Consider adding the 'required' modifier or declaring the property as nullable. [C:\Meno\Projects\MVC.Net\GymMVC\GymBLL\GymBLL.csproj]
C:\Meno\Projects\MVC.Net\GymMVC\GymBLL\ModelVM\Financial\PaymentVM.cs(11,23): warning CS8618: Non-nullable property 'MemberId' must contain a non-null value when exiting constructor. Consider adding the 'required' modifier or declaring the property as nullable. [C:\Meno\Projects\MVC.Net\GymMVC\GymBLL\GymBLL.csproj]
C:\Meno\Projects\MVC.Net\GymMVC\GymBLL\ModelVM\Financial\PaymentVM.cs(15,23): warning CS8618: Non-nullable property 'PaymentType' must contain a non-null value when exiting constructor. Consider adding the 'required' modifier or declaring the property as nullable. [C:\Meno\Projects\MVC.Net\GymMVC\GymBLL\GymBLL.csproj]
C:\Meno\Projects\MVC.Net\GymMVC\GymBLL\ModelVM\Financial\PaymentVM.cs(30,23): warning CS8618: Non-nullable property 'PaymentMethod' must contain a non-null value when exiting constructor. Consider adding the 'required' modifier or declaring the property as nullable. [C:\Meno\Projects\MVC.Net\GymMVC\GymBLL\GymBLL.csproj]
C:\Meno\Projects\MVC.Net\GymMVC\GymBLL\ModelVM\Nutrition\DietPlanVM.cs(12,23): warning CS8618: Non-nullable property 'Name' must contain a non-null value when exiting constructor. Consider adding the 'required' modifier or declaring the property as nullable. [C:\Meno\Projects\MVC.Net\GymMVC\GymBLL\GymBLL.csproj]
C:\Meno\Projects\MVC.Net\GymMVC\GymBLL\ModelVM\Dashboard\DashboardVM.cs(42,23): warning CS8618: Non-nullable property 'SubscriptionId' must contain a non-null value when exiting constructor. Consider adding the 'required' modifier or declaring the property as nullable. [C:\Meno\Projects\MVC.Net\GymMVC\GymBLL\GymBLL.csproj]
C:\Meno\Projects\MVC.Net\GymMVC\GymBLL\ModelVM\Dashboard\DashboardVM.cs(43,23): warning CS8618: Non-nullable property 'MemberId' must contain a non-null value when exiting constructor. Consider adding the 'required' modifier or declaring the property as nullable. [C:\Meno\Projects\MVC.Net\GymMVC\GymBLL\GymBLL.csproj]
C:\Meno\Projects\MVC.Net\GymMVC\GymBLL\ModelVM\Dashboard\DashboardVM.cs(44,23): warning CS8618: Non-nullable property 'MembershipType' must contain a non-null value when exiting constructor. Consider adding the 'required' modifier or declaring the property as nullable. [C:\Meno\Projects\MVC.Net\GymMVC\GymBLL\GymBLL.csproj]
C:\Meno\Projects\MVC.Net\GymMVC\GymBLL\ModelVM\Dashboard\DashboardVM.cs(45,23): warning CS8618: Non-nullable property 'Status' must contain a non-null value when exiting constructor. Consider adding the 'required' modifier or declaring the property as nullable. [C:\Meno\Projects\MVC.Net\GymMVC\GymBLL\GymBLL.csproj]
C:\Meno\Projects\MVC.Net\GymMVC\GymBLL\ModelVM\Dashboard\DashboardVM.cs(54,23): warning CS8618: Non-nullable property 'StatusBadgeClass' must contain a non-null value when exiting constructor. Consider adding the 'required' modifier or declaring the property as nullable. [C:\Meno\Projects\MVC.Net\GymMVC\GymBLL\GymBLL.csproj]
C:\Meno\Projects\MVC.Net\GymMVC\GymBLL\ModelVM\Dashboard\DashboardVM.cs(55,23): warning CS8618: Non-nullable property 'ProgressPercentage' must contain a non-null value when exiting constructor. Consider adding the 'required' modifier or declaring the property as nullable. [C:\Meno\Projects\MVC.Net\GymMVC\GymBLL\GymBLL.csproj]
C:\Meno\Projects\MVC.Net\GymMVC\GymBLL\ModelVM\Nutrition\DietPlanItemVM.cs(18,23): warning CS8618: Non-nullable property 'MealType' must contain a non-null value when exiting constructor. Consider adding the 'required' modifier or declaring the property as nullable. [C:\Meno\Projects\MVC.Net\GymMVC\GymBLL\GymBLL.csproj]
C:\Meno\Projects\MVC.Net\GymMVC\GymBLL\ModelVM\Nutrition\DietPlanItemVM.cs(22,23): warning CS8618: Non-nullable property 'MealName' must contain a non-null value when exiting constructor. Consider adding the 'required' modifier or declaring the property as nullable. [C:\Meno\Projects\MVC.Net\GymMVC\GymBLL\GymBLL.csproj]
C:\Meno\Projects\MVC.Net\GymMVC\GymBLL\ModelVM\Identity\UserVM.cs(12,23): warning CS8618: Non-nullable property 'Id' must contain a non-null value when exiting constructor. Consider adding the 'required' modifier or declaring the property as nullable. [C:\Meno\Projects\MVC.Net\GymMVC\GymBLL\GymBLL.csproj]
C:\Meno\Projects\MVC.Net\GymMVC\GymBLL\ModelVM\Identity\RoleVM.cs(11,23): warning CS8618: Non-nullable property 'Name' must contain a non-null value when exiting constructor. Consider adding the 'required' modifier or declaring the property as nullable. [C:\Meno\Projects\MVC.Net\GymMVC\GymBLL\GymBLL.csproj]
C:\Meno\Projects\MVC.Net\GymMVC\GymBLL\ModelVM\Member\WeightLogVM.cs(8,23): warning CS8618: Non-nullable property 'MemberId' must contain a non-null value when exiting constructor. Consider adding the 'required' modifier or declaring the property as nullable. [C:\Meno\Projects\MVC.Net\GymMVC\GymBLL\GymBLL.csproj]
C:\Meno\Projects\MVC.Net\GymMVC\GymBLL\ModelVM\Identity\RegisterUserVM.cs(11,23): warning CS8618: Non-nullable property 'FullName' must contain a non-null value when exiting constructor. Consider adding the 'required' modifier or declaring the property as nullable. [C:\Meno\Projects\MVC.Net\GymMVC\GymBLL\GymBLL.csproj]
C:\Meno\Projects\MVC.Net\GymMVC\GymBLL\ModelVM\Identity\RegisterUserVM.cs(12,23): warning CS8618: Non-nullable property 'Password' must contain a non-null value when exiting constructor. Consider adding the 'required' modifier or declaring the property as nullable. [C:\Meno\Projects\MVC.Net\GymMVC\GymBLL\GymBLL.csproj]
C:\Meno\Projects\MVC.Net\GymMVC\GymBLL\ModelVM\Identity\RegisterUserVM.cs(13,23): warning CS8618: Non-nullable property 'ConfirmPassword' must contain a non-null value when exiting constructor. Consider adding the 'required' modifier or declaring the property as nullable. [C:\Meno\Projects\MVC.Net\GymMVC\GymBLL\GymBLL.csproj]
C:\Meno\Projects\MVC.Net\GymMVC\GymBLL\ModelVM\Identity\RegisterUserVM.cs(14,23): warning CS8618: Non-nullable property 'Email' must contain a non-null value when exiting constructor. Consider adding the 'required' modifier or declaring the property as nullable. [C:\Meno\Projects\MVC.Net\GymMVC\GymBLL\GymBLL.csproj]
C:\Meno\Projects\MVC.Net\GymMVC\GymBLL\ModelVM\Identity\RegisterEmployeeVM.cs(11,23): warning CS8618: Non-nullable property 'Name' must contain a non-null value when exiting constructor. Consider adding the 'required' modifier or declaring the property as nullable. [C:\Meno\Projects\MVC.Net\GymMVC\GymBLL\GymBLL.csproj]
C:\Meno\Projects\MVC.Net\GymMVC\GymBLL\ModelVM\Identity\RegisterEmployeeVM.cs(13,23): warning CS8618: Non-nullable property 'UserName' must contain a non-null value when exiting constructor. Consider adding the 'required' modifier or declaring the property as nullable. [C:\Meno\Projects\MVC.Net\GymMVC\GymBLL\GymBLL.csproj]
C:\Meno\Projects\MVC.Net\GymMVC\GymBLL\ModelVM\Identity\RegisterEmployeeVM.cs(14,23): warning CS8618: Non-nullable property 'Password' must contain a non-null value when exiting constructor. Consider adding the 'required' modifier or declaring the property as nullable. [C:\Meno\Projects\MVC.Net\GymMVC\GymBLL\GymBLL.csproj]
C:\Meno\Projects\MVC.Net\GymMVC\GymBLL\ModelVM\Identity\PasswordVM.cs(38,23): warning CS8618: Non-nullable property 'Message' must contain a non-null value when exiting constructor. Consider adding the 'required' modifier or declaring the property as nullable. [C:\Meno\Projects\MVC.Net\GymMVC\GymBLL\GymBLL.csproj]
C:\Meno\Projects\MVC.Net\GymMVC\GymBLL\ModelVM\Identity\GetAccountVM.cs(11,23): warning CS8618: Non-nullable property 'FullName' must contain a non-null value when exiting constructor. Consider adding the 'required' modifier or declaring the property as nullable. [C:\Meno\Projects\MVC.Net\GymMVC\GymBLL\GymBLL.csproj]
C:\Meno\Projects\MVC.Net\GymMVC\GymBLL\ModelVM\Identity\GetAccountVM.cs(12,23): warning CS8618: Non-nullable property 'Password' must contain a non-null value when exiting constructor. Consider adding the 'required' modifier or declaring the property as nullable. [C:\Meno\Projects\MVC.Net\GymMVC\GymBLL\GymBLL.csproj]
C:\Meno\Projects\MVC.Net\GymMVC\GymBLL\ModelVM\Identity\GetAccountVM.cs(13,23): warning CS8618: Non-nullable property 'Email' must contain a non-null value when exiting constructor. Consider adding the 'required' modifier or declaring the property as nullable. [C:\Meno\Projects\MVC.Net\GymMVC\GymBLL\GymBLL.csproj]
C:\Meno\Projects\MVC.Net\GymMVC\GymBLL\ModelVM\Identity\LoginEmployeeVM.cs(12,23): warning CS8618: Non-nullable property 'UserName' must contain a non-null value when exiting constructor. Consider adding the 'required' modifier or declaring the property as nullable. [C:\Meno\Projects\MVC.Net\GymMVC\GymBLL\GymBLL.csproj]
C:\Meno\Projects\MVC.Net\GymMVC\GymBLL\ModelVM\Identity\LoginEmployeeVM.cs(13,23): warning CS8618: Non-nullable property 'Password' must contain a non-null value when exiting constructor. Consider adding the 'required' modifier or declaring the property as nullable. [C:\Meno\Projects\MVC.Net\GymMVC\GymBLL\GymBLL.csproj]
C:\Meno\Projects\MVC.Net\GymMVC\GymBLL\Service\Implementation\Workout\WorkoutPlanService.cs(52,56): warning CS8625: Cannot convert null literal to non-nullable reference type. [C:\Meno\Projects\MVC.Net\GymMVC\GymBLL\GymBLL.csproj]
C:\Meno\Projects\MVC.Net\GymMVC\GymBLL\Service\Implementation\Workout\WorkoutPlanService.cs(58,52): warning CS8625: Cannot convert null literal to non-nullable reference type. [C:\Meno\Projects\MVC.Net\GymMVC\GymBLL\GymBLL.csproj]
C:\Meno\Projects\MVC.Net\GymMVC\GymBLL\ModelVM\Identity\LoginUserVM.cs(11,23): warning CS8618: Non-nullable property 'Email' must contain a non-null value when exiting constructor. Consider adding the 'required' modifier or declaring the property as nullable. [C:\Meno\Projects\MVC.Net\GymMVC\GymBLL\GymBLL.csproj]
C:\Meno\Projects\MVC.Net\GymMVC\GymBLL\ModelVM\Identity\LoginUserVM.cs(12,23): warning CS8618: Non-nullable property 'Password' must contain a non-null value when exiting constructor. Consider adding the 'required' modifier or declaring the property as nullable. [C:\Meno\Projects\MVC.Net\GymMVC\GymBLL\GymBLL.csproj]
C:\Meno\Projects\MVC.Net\GymMVC\GymBLL\ModelVM\Identity\PasswordVM.cs(32,23): warning CS8618: Non-nullable property 'Message' must contain a non-null value when exiting constructor. Consider adding the 'required' modifier or declaring the property as nullable. [C:\Meno\Projects\MVC.Net\GymMVC\GymBLL\GymBLL.csproj]
C:\Meno\Projects\MVC.Net\GymMVC\GymBLL\ModelVM\Identity\PasswordVM.cs(23,23): warning CS8618: Non-nullable property 'Email' must contain a non-null value when exiting constructor. Consider adding the 'required' modifier or declaring the property as nullable. [C:\Meno\Projects\MVC.Net\GymMVC\GymBLL\GymBLL.csproj]
C:\Meno\Projects\MVC.Net\GymMVC\GymBLL\ModelVM\Identity\PasswordVM.cs(24,23): warning CS8618: Non-nullable property 'Password' must contain a non-null value when exiting constructor. Consider adding the 'required' modifier or declaring the property as nullable. [C:\Meno\Projects\MVC.Net\GymMVC\GymBLL\GymBLL.csproj]
C:\Meno\Projects\MVC.Net\GymMVC\GymBLL\ModelVM\Identity\PasswordVM.cs(25,23): warning CS8618: Non-nullable property 'ConfirmPassword' must contain a non-null value when exiting constructor. Consider adding the 'required' modifier or declaring the property as nullable. [C:\Meno\Projects\MVC.Net\GymMVC\GymBLL\GymBLL.csproj]
C:\Meno\Projects\MVC.Net\GymMVC\GymBLL\ModelVM\Identity\PasswordVM.cs(26,23): warning CS8618: Non-nullable property 'Token' must contain a non-null value when exiting constructor. Consider adding the 'required' modifier or declaring the property as nullable. [C:\Meno\Projects\MVC.Net\GymMVC\GymBLL\GymBLL.csproj]
C:\Meno\Projects\MVC.Net\GymMVC\GymBLL\ModelVM\Identity\PasswordVM.cs(7,23): warning CS8618: Non-nullable property 'Email' must contain a non-null value when exiting constructor. Consider adding the 'required' modifier or declaring the property as nullable. [C:\Meno\Projects\MVC.Net\GymMVC\GymBLL\GymBLL.csproj]
C:\Meno\Projects\MVC.Net\GymMVC\GymBLL\ModelVM\Identity\PasswordVM.cs(8,23): warning CS8618: Non-nullable property 'CurrentPassword' must contain a non-null value when exiting constructor. Consider adding the 'required' modifier or declaring the property as nullable. [C:\Meno\Projects\MVC.Net\GymMVC\GymBLL\GymBLL.csproj]
C:\Meno\Projects\MVC.Net\GymMVC\GymBLL\ModelVM\Identity\PasswordVM.cs(9,23): warning CS8618: Non-nullable property 'NewPassword' must contain a non-null value when exiting constructor. Consider adding the 'required' modifier or declaring the property as nullable. [C:\Meno\Projects\MVC.Net\GymMVC\GymBLL\GymBLL.csproj]
C:\Meno\Projects\MVC.Net\GymMVC\GymBLL\ModelVM\Identity\PasswordVM.cs(10,23): warning CS8618: Non-nullable property 'ConfirmPassword' must contain a non-null value when exiting constructor. Consider adding the 'required' modifier or declaring the property as nullable. [C:\Meno\Projects\MVC.Net\GymMVC\GymBLL\GymBLL.csproj]
C:\Meno\Projects\MVC.Net\GymMVC\GymBLL\ModelVM\Identity\PasswordVM.cs(18,23): warning CS8618: Non-nullable property 'ResetLink' must contain a non-null value when exiting constructor. Consider adding the 'required' modifier or declaring the property as nullable. [C:\Meno\Projects\MVC.Net\GymMVC\GymBLL\GymBLL.csproj]
C:\Meno\Projects\MVC.Net\GymMVC\GymBLL\ModelVM\Identity\PasswordVM.cs(19,23): warning CS8618: Non-nullable property 'UserName' must contain a non-null value when exiting constructor. Consider adding the 'required' modifier or declaring the property as nullable. [C:\Meno\Projects\MVC.Net\GymMVC\GymBLL\GymBLL.csproj]
C:\Meno\Projects\MVC.Net\GymMVC\GymBLL\ModelVM\Identity\PasswordVM.cs(14,23): warning CS8618: Non-nullable property 'Email' must contain a non-null value when exiting constructor. Consider adding the 'required' modifier or declaring the property as nullable. [C:\Meno\Projects\MVC.Net\GymMVC\GymBLL\GymBLL.csproj]
C:\Meno\Projects\MVC.Net\GymMVC\GymBLL\Service\Implementation\Financial\SubscriptionService.cs(48,53): warning CS8625: Cannot convert null literal to non-nullable reference type. [C:\Meno\Projects\MVC.Net\GymMVC\GymBLL\GymBLL.csproj]
C:\Meno\Projects\MVC.Net\GymMVC\GymBLL\Service\Implementation\Financial\SubscriptionService.cs(52,53): warning CS8625: Cannot convert null literal to non-nullable reference type. [C:\Meno\Projects\MVC.Net\GymMVC\GymBLL\GymBLL.csproj]
C:\Meno\Projects\MVC.Net\GymMVC\GymBLL\Service\Implementation\Workout\WorkoutPlanService.cs(74,56): warning CS8625: Cannot convert null literal to non-nullable reference type. [C:\Meno\Projects\MVC.Net\GymMVC\GymBLL\GymBLL.csproj]
C:\Meno\Projects\MVC.Net\GymMVC\GymBLL\Service\Implementation\Workout\WorkoutPlanService.cs(79,52): warning CS8625: Cannot convert null literal to non-nullable reference type. [C:\Meno\Projects\MVC.Net\GymMVC\GymBLL\GymBLL.csproj]
C:\Meno\Projects\MVC.Net\GymMVC\GymBLL\Service\Implementation\Financial\MembershipService.cs(42,51): warning CS8625: Cannot convert null literal to non-nullable reference type. [C:\Meno\Projects\MVC.Net\GymMVC\GymBLL\GymBLL.csproj]
C:\Meno\Projects\MVC.Net\GymMVC\GymBLL\Service\Implementation\Financial\MembershipService.cs(46,51): warning CS8625: Cannot convert null literal to non-nullable reference type. [C:\Meno\Projects\MVC.Net\GymMVC\GymBLL\GymBLL.csproj]
C:\Meno\Projects\MVC.Net\GymMVC\GymBLL\Service\Implementation\Communication\ChatService.cs(67,52): warning CS8625: Cannot convert null literal to non-nullable reference type. [C:\Meno\Projects\MVC.Net\GymMVC\GymBLL\GymBLL.csproj]
C:\Meno\Projects\MVC.Net\GymMVC\GymBLL\Service\Implementation\Communication\ChatService.cs(71,52): warning CS8625: Cannot convert null literal to non-nullable reference type. [C:\Meno\Projects\MVC.Net\GymMVC\GymBLL\GymBLL.csproj]
C:\Meno\Projects\MVC.Net\GymMVC\GymBLL\Service\Implementation\Financial\SubscriptionService.cs(69,60): warning CS8625: Cannot convert null literal to non-nullable reference type. [C:\Meno\Projects\MVC.Net\GymMVC\GymBLL\GymBLL.csproj]
C:\Meno\Projects\MVC.Net\GymMVC\GymBLL\Service\Implementation\Financial\SubscriptionService.cs(73,60): warning CS8625: Cannot convert null literal to non-nullable reference type. [C:\Meno\Projects\MVC.Net\GymMVC\GymBLL\GymBLL.csproj]
C:\Meno\Projects\MVC.Net\GymMVC\GymBLL\Service\Implementation\Workout\WorkoutPlanService.cs(92,58): warning CS8625: Cannot convert null literal to non-nullable reference type. [C:\Meno\Projects\MVC.Net\GymMVC\GymBLL\GymBLL.csproj]
C:\Meno\Projects\MVC.Net\GymMVC\GymBLL\Service\Implementation\Financial\MembershipService.cs(59,51): warning CS8625: Cannot convert null literal to non-nullable reference type. [C:\Meno\Projects\MVC.Net\GymMVC\GymBLL\GymBLL.csproj]
C:\Meno\Projects\MVC.Net\GymMVC\GymBLL\Service\Implementation\Financial\MembershipService.cs(63,51): warning CS8625: Cannot convert null literal to non-nullable reference type. [C:\Meno\Projects\MVC.Net\GymMVC\GymBLL\GymBLL.csproj]
C:\Meno\Projects\MVC.Net\GymMVC\GymBLL\Service\Implementation\Financial\PaymentService.cs(52,48): warning CS8625: Cannot convert null literal to non-nullable reference type. [C:\Meno\Projects\MVC.Net\GymMVC\GymBLL\GymBLL.csproj]
C:\Meno\Projects\MVC.Net\GymMVC\GymBLL\Service\Implementation\Financial\PaymentService.cs(56,48): warning CS8625: Cannot convert null literal to non-nullable reference type. [C:\Meno\Projects\MVC.Net\GymMVC\GymBLL\GymBLL.csproj]
C:\Meno\Projects\MVC.Net\GymMVC\GymBLL\Service\Implementation\Communication\NotificationService.cs(70,53): warning CS8625: Cannot convert null literal to non-nullable reference type. [C:\Meno\Projects\MVC.Net\GymMVC\GymBLL\GymBLL.csproj]
C:\Meno\Projects\MVC.Net\GymMVC\GymBLL\Service\Implementation\Communication\NotificationService.cs(74,53): warning CS8625: Cannot convert null literal to non-nullable reference type. [C:\Meno\Projects\MVC.Net\GymMVC\GymBLL\GymBLL.csproj]
C:\Meno\Projects\MVC.Net\GymMVC\GymBLL\Service\Implementation\Communication\ChatService.cs(85,58): warning CS8625: Cannot convert null literal to non-nullable reference type. [C:\Meno\Projects\MVC.Net\GymMVC\GymBLL\GymBLL.csproj]
C:\Meno\Projects\MVC.Net\GymMVC\GymBLL\Service\Implementation\Financial\PaymentService.cs(69,48): warning CS8625: Cannot convert null literal to non-nullable reference type. [C:\Meno\Projects\MVC.Net\GymMVC\GymBLL\GymBLL.csproj]
C:\Meno\Projects\MVC.Net\GymMVC\GymBLL\Service\Implementation\Financial\PaymentService.cs(73,48): warning CS8625: Cannot convert null literal to non-nullable reference type. [C:\Meno\Projects\MVC.Net\GymMVC\GymBLL\GymBLL.csproj]
C:\Meno\Projects\MVC.Net\GymMVC\GymBLL\Service\Implementation\Workout\WorkoutPlanService.cs(105,58): warning CS8625: Cannot convert null literal to non-nullable reference type. [C:\Meno\Projects\MVC.Net\GymMVC\GymBLL\GymBLL.csproj]
C:\Meno\Projects\MVC.Net\GymMVC\GymBLL\Service\Implementation\Communication\NotificationService.cs(87,53): warning CS8625: Cannot convert null literal to non-nullable reference type. [C:\Meno\Projects\MVC.Net\GymMVC\GymBLL\GymBLL.csproj]
C:\Meno\Projects\MVC.Net\GymMVC\GymBLL\Service\Implementation\Financial\MembershipService.cs(76,57): warning CS8625: Cannot convert null literal to non-nullable reference type. [C:\Meno\Projects\MVC.Net\GymMVC\GymBLL\GymBLL.csproj]
C:\Meno\Projects\MVC.Net\GymMVC\GymBLL\Service\Implementation\Communication\NotificationService.cs(91,53): warning CS8625: Cannot convert null literal to non-nullable reference type. [C:\Meno\Projects\MVC.Net\GymMVC\GymBLL\GymBLL.csproj]
C:\Meno\Projects\MVC.Net\GymMVC\GymBLL\Service\Implementation\Financial\PaymentService.cs(86,54): warning CS8625: Cannot convert null literal to non-nullable reference type. [C:\Meno\Projects\MVC.Net\GymMVC\GymBLL\GymBLL.csproj]
C:\Meno\Projects\MVC.Net\GymMVC\GymBLL\Service\Implementation\Communication\NotificationService.cs(104,59): warning CS8625: Cannot convert null literal to non-nullable reference type. [C:\Meno\Projects\MVC.Net\GymMVC\GymBLL\GymBLL.csproj]
C:\Meno\Projects\MVC.Net\GymMVC\GymBLL\Service\Implementation\Financial\MembershipService.cs(89,57): warning CS8625: Cannot convert null literal to non-nullable reference type. [C:\Meno\Projects\MVC.Net\GymMVC\GymBLL\GymBLL.csproj]
C:\Meno\Projects\MVC.Net\GymMVC\GymBLL\Service\Implementation\AI\AIService.cs(55,30): warning CS0168: The variable 'ex' is declared but never used [C:\Meno\Projects\MVC.Net\GymMVC\GymBLL\GymBLL.csproj]
C:\Meno\Projects\MVC.Net\GymMVC\GymBLL\Service\Implementation\Financial\MembershipService.cs(97,75): warning CS8625: Cannot convert null literal to non-nullable reference type. [C:\Meno\Projects\MVC.Net\GymMVC\GymBLL\GymBLL.csproj]
C:\Meno\Projects\MVC.Net\GymMVC\GymBLL\Service\Implementation\Financial\MembershipService.cs(111,51): warning CS8625: Cannot convert null literal to non-nullable reference type. [C:\Meno\Projects\MVC.Net\GymMVC\GymBLL\GymBLL.csproj]
C:\Meno\Projects\MVC.Net\GymMVC\GymBLL\Service\Implementation\Financial\MembershipService.cs(115,51): warning CS8625: Cannot convert null literal to non-nullable reference type. [C:\Meno\Projects\MVC.Net\GymMVC\GymBLL\GymBLL.csproj]
C:\Meno\Projects\MVC.Net\GymMVC\GymBLL\Service\Implementation\Communication\ChatService.cs(99,58): warning CS8625: Cannot convert null literal to non-nullable reference type. [C:\Meno\Projects\MVC.Net\GymMVC\GymBLL\GymBLL.csproj]
C:\Meno\Projects\MVC.Net\GymMVC\GymBLL\Service\Implementation\AI\AIService.cs(102,51): warning CS8602: Dereference of a possibly null reference. [C:\Meno\Projects\MVC.Net\GymMVC\GymBLL\GymBLL.csproj]
C:\Meno\Projects\MVC.Net\GymMVC\GymBLL\Service\Implementation\AI\AIService.cs(138,44): warning CS1998: This async method lacks 'await' operators and will run synchronously. Consider using the 'await' operator to await non-blocking API calls, or 'await Task.Run(...)' to do CPU-bound work on a background thread. [C:\Meno\Projects\MVC.Net\GymMVC\GymBLL\GymBLL.csproj]
C:\Meno\Projects\MVC.Net\GymMVC\GymBLL\Service\Implementation\Financial\SubscriptionService.cs(87,52): warning CS8602: Dereference of a possibly null reference. [C:\Meno\Projects\MVC.Net\GymMVC\GymBLL\GymBLL.csproj]
C:\Meno\Projects\MVC.Net\GymMVC\GymBLL\Service\Implementation\Financial\SubscriptionService.cs(89,53): warning CS8602: Dereference of a possibly null reference. [C:\Meno\Projects\MVC.Net\GymMVC\GymBLL\GymBLL.csproj]
C:\Meno\Projects\MVC.Net\GymMVC\GymBLL\Service\Implementation\Financial\SubscriptionService.cs(99,64): warning CS8625: Cannot convert null literal to non-nullable reference type. [C:\Meno\Projects\MVC.Net\GymMVC\GymBLL\GymBLL.csproj]
C:\Meno\Projects\MVC.Net\GymMVC\GymBLL\Service\Implementation\Financial\SubscriptionService.cs(126,60): warning CS8625: Cannot convert null literal to non-nullable reference type. [C:\Meno\Projects\MVC.Net\GymMVC\GymBLL\GymBLL.csproj]
C:\Meno\Projects\MVC.Net\GymMVC\GymBLL\Service\Implementation\Financial\PaymentService.cs(99,54): warning CS8625: Cannot convert null literal to non-nullable reference type. [C:\Meno\Projects\MVC.Net\GymMVC\GymBLL\GymBLL.csproj]
C:\Meno\Projects\MVC.Net\GymMVC\GymBLL\Service\Implementation\Financial\SubscriptionService.cs(159,59): warning CS8625: Cannot convert null literal to non-nullable reference type. [C:\Meno\Projects\MVC.Net\GymMVC\GymBLL\GymBLL.csproj]
C:\Meno\Projects\MVC.Net\GymMVC\GymBLL\Service\Implementation\Member\WeightLogService.cs(86,63): warning CS8625: Cannot convert null literal to non-nullable reference type. [C:\Meno\Projects\MVC.Net\GymMVC\GymBLL\GymBLL.csproj]
C:\Meno\Projects\MVC.Net\GymMVC\GymBLL\Service\Implementation\Communication\ChatService.cs(183,41): warning CS8601: Possible null reference assignment. [C:\Meno\Projects\MVC.Net\GymMVC\GymBLL\GymBLL.csproj]
C:\Meno\Projects\MVC.Net\GymMVC\GymBLL\Service\Implementation\Communication\ChatService.cs(185,39): warning CS8601: Possible null reference assignment. [C:\Meno\Projects\MVC.Net\GymMVC\GymBLL\GymBLL.csproj]
C:\Meno\Projects\MVC.Net\GymMVC\GymBLL\Service\Implementation\Communication\ChatService.cs(196,59): warning CS8625: Cannot convert null literal to non-nullable reference type. [C:\Meno\Projects\MVC.Net\GymMVC\GymBLL\GymBLL.csproj]
C:\Meno\Projects\MVC.Net\GymMVC\GymBLL\Service\Implementation\Financial\PaymentService.cs(112,54): warning CS8625: Cannot convert null literal to non-nullable reference type. [C:\Meno\Projects\MVC.Net\GymMVC\GymBLL\GymBLL.csproj]
C:\Meno\Projects\MVC.Net\GymMVC\GymBLL\Service\Implementation\Workout\WorkoutPlanService.cs(115,56): warning CS8625: Cannot convert null literal to non-nullable reference type. [C:\Meno\Projects\MVC.Net\GymMVC\GymBLL\GymBLL.csproj]
C:\Meno\Projects\MVC.Net\GymMVC\GymBLL\Service\Implementation\Workout\WorkoutPlanService.cs(132,56): warning CS8625: Cannot convert null literal to non-nullable reference type. [C:\Meno\Projects\MVC.Net\GymMVC\GymBLL\GymBLL.csproj]
C:\Meno\Projects\MVC.Net\GymMVC\GymBLL\Service\Implementation\Workout\WorkoutPlanService.cs(137,52): warning CS8625: Cannot convert null literal to non-nullable reference type. [C:\Meno\Projects\MVC.Net\GymMVC\GymBLL\GymBLL.csproj]
C:\Meno\Projects\MVC.Net\GymMVC\GymBLL\Service\Implementation\Financial\SubscriptionService.cs(172,59): warning CS8625: Cannot convert null literal to non-nullable reference type. [C:\Meno\Projects\MVC.Net\GymMVC\GymBLL\GymBLL.csproj]
C:\Meno\Projects\MVC.Net\GymMVC\GymBLL\Service\Implementation\Financial\PaymentService.cs(120,69): warning CS8625: Cannot convert null literal to non-nullable reference type. [C:\Meno\Projects\MVC.Net\GymMVC\GymBLL\GymBLL.csproj]
C:\Meno\Projects\MVC.Net\GymMVC\GymBLL\Service\Implementation\Financial\PaymentService.cs(122,39): warning CS8601: Possible null reference assignment. [C:\Meno\Projects\MVC.Net\GymMVC\GymBLL\GymBLL.csproj]
C:\Meno\Projects\MVC.Net\GymMVC\GymBLL\Service\Implementation\Financial\PaymentService.cs(135,48): warning CS8625: Cannot convert null literal to non-nullable reference type. [C:\Meno\Projects\MVC.Net\GymMVC\GymBLL\GymBLL.csproj]
C:\Meno\Projects\MVC.Net\GymMVC\GymBLL\Service\Implementation\Financial\PaymentService.cs(139,48): warning CS8625: Cannot convert null literal to non-nullable reference type. [C:\Meno\Projects\MVC.Net\GymMVC\GymBLL\GymBLL.csproj]
C:\Meno\Projects\MVC.Net\GymMVC\GymBLL\Service\Implementation\Workout\WorkoutPlanService.cs(194,65): warning CS8625: Cannot convert null literal to non-nullable reference type. [C:\Meno\Projects\MVC.Net\GymMVC\GymBLL\GymBLL.csproj]
C:\Meno\Projects\MVC.Net\GymMVC\GymBLL\Service\Implementation\Member\FitnessGoalsService.cs(37,53): warning CS8625: Cannot convert null literal to non-nullable reference type. [C:\Meno\Projects\MVC.Net\GymMVC\GymBLL\GymBLL.csproj]
C:\Meno\Projects\MVC.Net\GymMVC\GymBLL\Service\Implementation\Nutrition\MealLogService.cs(46,48): warning CS8625: Cannot convert null literal to non-nullable reference type. [C:\Meno\Projects\MVC.Net\GymMVC\GymBLL\GymBLL.csproj]
C:\Meno\Projects\MVC.Net\GymMVC\GymBLL\Service\Implementation\Nutrition\MealLogService.cs(50,48): warning CS8625: Cannot convert null literal to non-nullable reference type. [C:\Meno\Projects\MVC.Net\GymMVC\GymBLL\GymBLL.csproj]
C:\Meno\Projects\MVC.Net\GymMVC\GymBLL\Service\Implementation\Member\FitnessGoalsService.cs(50,59): warning CS8625: Cannot convert null literal to non-nullable reference type. [C:\Meno\Projects\MVC.Net\GymMVC\GymBLL\GymBLL.csproj]
C:\Meno\Projects\MVC.Net\GymMVC\GymBLL\Service\Implementation\Communication\NotificationService.cs(117,59): warning CS8625: Cannot convert null literal to non-nullable reference type. [C:\Meno\Projects\MVC.Net\GymMVC\GymBLL\GymBLL.csproj]
C:\Meno\Projects\MVC.Net\GymMVC\GymBLL\Service\Implementation\Member\FitnessGoalsService.cs(64,75): warning CS8625: Cannot convert null literal to non-nullable reference type. [C:\Meno\Projects\MVC.Net\GymMVC\GymBLL\GymBLL.csproj]
C:\Meno\Projects\MVC.Net\GymMVC\GymBLL\Service\Implementation\Workout\WorkoutPlanItemService.cs(42,56): warning CS8625: Cannot convert null literal to non-nullable reference type. [C:\Meno\Projects\MVC.Net\GymMVC\GymBLL\GymBLL.csproj]
C:\Meno\Projects\MVC.Net\GymMVC\GymBLL\Service\Implementation\Workout\WorkoutPlanItemService.cs(46,56): warning CS8625: Cannot convert null literal to non-nullable reference type. [C:\Meno\Projects\MVC.Net\GymMVC\GymBLL\GymBLL.csproj]
C:\Meno\Projects\MVC.Net\GymMVC\GymBLL\Service\Implementation\Member\FitnessGoalsService.cs(73,57): warning CS8625: Cannot convert null literal to non-nullable reference type. [C:\Meno\Projects\MVC.Net\GymMVC\GymBLL\GymBLL.csproj]
C:\Meno\Projects\MVC.Net\GymMVC\GymBLL\Service\Implementation\Member\FitnessGoalsService.cs(80,53): warning CS8625: Cannot convert null literal to non-nullable reference type. [C:\Meno\Projects\MVC.Net\GymMVC\GymBLL\GymBLL.csproj]
C:\Meno\Projects\MVC.Net\GymMVC\GymBLL\Service\Implementation\Workout\WorkoutPlanItemService.cs(59,56): warning CS8625: Cannot convert null literal to non-nullable reference type. [C:\Meno\Projects\MVC.Net\GymMVC\GymBLL\GymBLL.csproj]
C:\Meno\Projects\MVC.Net\GymMVC\GymBLL\Service\Implementation\Workout\WorkoutPlanItemService.cs(63,56): warning CS8625: Cannot convert null literal to non-nullable reference type. [C:\Meno\Projects\MVC.Net\GymMVC\GymBLL\GymBLL.csproj]
C:\Meno\Projects\MVC.Net\GymMVC\GymBLL\Service\Implementation\Communication\NotificationService.cs(130,59): warning CS8625: Cannot convert null literal to non-nullable reference type. [C:\Meno\Projects\MVC.Net\GymMVC\GymBLL\GymBLL.csproj]
C:\Meno\Projects\MVC.Net\GymMVC\GymBLL\Service\Implementation\Workout\WorkoutPlanItemService.cs(76,62): warning CS8625: Cannot convert null literal to non-nullable reference type. [C:\Meno\Projects\MVC.Net\GymMVC\GymBLL\GymBLL.csproj]
C:\Meno\Projects\MVC.Net\GymMVC\GymBLL\Service\Implementation\Communication\NotificationService.cs(138,79): warning CS8625: Cannot convert null literal to non-nullable reference type. [C:\Meno\Projects\MVC.Net\GymMVC\GymBLL\GymBLL.csproj]
C:\Meno\Projects\MVC.Net\GymMVC\GymBLL\Service\Implementation\Communication\NotificationService.cs(145,53): warning CS8625: Cannot convert null literal to non-nullable reference type. [C:\Meno\Projects\MVC.Net\GymMVC\GymBLL\GymBLL.csproj]
C:\Meno\Projects\MVC.Net\GymMVC\GymBLL\Service\Implementation\Communication\NotificationService.cs(149,53): warning CS8625: Cannot convert null literal to non-nullable reference type. [C:\Meno\Projects\MVC.Net\GymMVC\GymBLL\GymBLL.csproj]
C:\Meno\Projects\MVC.Net\GymMVC\GymBLL\Service\Implementation\Nutrition\DietPlanAssignmentService.cs(51,59): warning CS8625: Cannot convert null literal to non-nullable reference type. [C:\Meno\Projects\MVC.Net\GymMVC\GymBLL\GymBLL.csproj]
C:\Meno\Projects\MVC.Net\GymMVC\GymBLL\Service\Implementation\Nutrition\DietPlanAssignmentService.cs(55,59): warning CS8625: Cannot convert null literal to non-nullable reference type. [C:\Meno\Projects\MVC.Net\GymMVC\GymBLL\GymBLL.csproj]
C:\Meno\Projects\MVC.Net\GymMVC\GymBLL\Service\Implementation\Workout\WorkoutPlanItemService.cs(89,62): warning CS8625: Cannot convert null literal to non-nullable reference type. [C:\Meno\Projects\MVC.Net\GymMVC\GymBLL\GymBLL.csproj]
C:\Meno\Projects\MVC.Net\GymMVC\GymBLL\Service\Implementation\Financial\SubscriptionService.cs(185,59): warning CS8625: Cannot convert null literal to non-nullable reference type. [C:\Meno\Projects\MVC.Net\GymMVC\GymBLL\GymBLL.csproj]
C:\Meno\Projects\MVC.Net\GymMVC\GymBLL\Service\Implementation\Nutrition\DietPlanAssignmentService.cs(68,59): warning CS8625: Cannot convert null literal to non-nullable reference type. [C:\Meno\Projects\MVC.Net\GymMVC\GymBLL\GymBLL.csproj]
C:\Meno\Projects\MVC.Net\GymMVC\GymBLL\Service\Implementation\Nutrition\DietPlanAssignmentService.cs(72,59): warning CS8625: Cannot convert null literal to non-nullable reference type. [C:\Meno\Projects\MVC.Net\GymMVC\GymBLL\GymBLL.csproj]
C:\Meno\Projects\MVC.Net\GymMVC\GymBLL\Service\Implementation\Financial\SubscriptionService.cs(193,79): warning CS8625: Cannot convert null literal to non-nullable reference type. [C:\Meno\Projects\MVC.Net\GymMVC\GymBLL\GymBLL.csproj]
C:\Meno\Projects\MVC.Net\GymMVC\GymBLL\Service\Implementation\Financial\SubscriptionService.cs(201,53): warning CS8625: Cannot convert null literal to non-nullable reference type. [C:\Meno\Projects\MVC.Net\GymMVC\GymBLL\GymBLL.csproj]
C:\Meno\Projects\MVC.Net\GymMVC\GymBLL\Service\Implementation\Financial\SubscriptionService.cs(205,53): warning CS8625: Cannot convert null literal to non-nullable reference type. [C:\Meno\Projects\MVC.Net\GymMVC\GymBLL\GymBLL.csproj]
C:\Meno\Projects\MVC.Net\GymMVC\GymBLL\Service\Implementation\Workout\WorkoutPlanItemService.cs(97,74): warning CS8625: Cannot convert null literal to non-nullable reference type. [C:\Meno\Projects\MVC.Net\GymMVC\GymBLL\GymBLL.csproj]
C:\Meno\Projects\MVC.Net\GymMVC\GymBLL\Service\Implementation\Workout\WorkoutPlanItemService.cs(111,56): warning CS8625: Cannot convert null literal to non-nullable reference type. [C:\Meno\Projects\MVC.Net\GymMVC\GymBLL\GymBLL.csproj]
C:\Meno\Projects\MVC.Net\GymMVC\GymBLL\Service\Implementation\Workout\WorkoutPlanItemService.cs(115,56): warning CS8625: Cannot convert null literal to non-nullable reference type. [C:\Meno\Projects\MVC.Net\GymMVC\GymBLL\GymBLL.csproj]
C:\Meno\Projects\MVC.Net\GymMVC\GymBLL\Service\Implementation\Nutrition\DietPlanAssignmentService.cs(85,65): warning CS8625: Cannot convert null literal to non-nullable reference type. [C:\Meno\Projects\MVC.Net\GymMVC\GymBLL\GymBLL.csproj]
C:\Meno\Projects\MVC.Net\GymMVC\GymBLL\Service\Implementation\Financial\SubscriptionService.cs(213,86): warning CS8625: Cannot convert null literal to non-nullable reference type. [C:\Meno\Projects\MVC.Net\GymMVC\GymBLL\GymBLL.csproj]
C:\Meno\Projects\MVC.Net\GymMVC\GymBLL\Service\Implementation\Financial\SubscriptionService.cs(223,60): warning CS8625: Cannot convert null literal to non-nullable reference type. [C:\Meno\Projects\MVC.Net\GymMVC\GymBLL\GymBLL.csproj]
C:\Meno\Projects\MVC.Net\GymMVC\GymBLL\Service\Implementation\Financial\SubscriptionService.cs(227,60): warning CS8625: Cannot convert null literal to non-nullable reference type. [C:\Meno\Projects\MVC.Net\GymMVC\GymBLL\GymBLL.csproj]
C:\Meno\Projects\MVC.Net\GymMVC\GymBLL\Service\Implementation\Nutrition\DietPlanAssignmentService.cs(98,65): warning CS8625: Cannot convert null literal to non-nullable reference type. [C:\Meno\Projects\MVC.Net\GymMVC\GymBLL\GymBLL.csproj]
C:\Meno\Projects\MVC.Net\GymMVC\GymBLL\Service\Implementation\Member\MemberService.cs(56,30): warning CS0168: The variable 'ex' is declared but never used [C:\Meno\Projects\MVC.Net\GymMVC\GymBLL\GymBLL.csproj]
C:\Meno\Projects\MVC.Net\GymMVC\GymBLL\Service\Implementation\Nutrition\DietPlanAssignmentService.cs(106,83): warning CS8625: Cannot convert null literal to non-nullable reference type. [C:\Meno\Projects\MVC.Net\GymMVC\GymBLL\GymBLL.csproj]
C:\Meno\Projects\MVC.Net\GymMVC\GymBLL\Service\Implementation\Nutrition\DietPlanAssignmentService.cs(114,59): warning CS8625: Cannot convert null literal to non-nullable reference type. [C:\Meno\Projects\MVC.Net\GymMVC\GymBLL\GymBLL.csproj]
C:\Meno\Projects\MVC.Net\GymMVC\GymBLL\Service\Implementation\Nutrition\DietPlanAssignmentService.cs(118,59): warning CS8625: Cannot convert null literal to non-nullable reference type. [C:\Meno\Projects\MVC.Net\GymMVC\GymBLL\GymBLL.csproj]
C:\Meno\Projects\MVC.Net\GymMVC\GymBLL\Service\Implementation\Member\MemberService.cs(78,51): warning CS8625: Cannot convert null literal to non-nullable reference type. [C:\Meno\Projects\MVC.Net\GymMVC\GymBLL\GymBLL.csproj]
C:\Meno\Projects\MVC.Net\GymMVC\GymBLL\Service\Implementation\Member\MemberService.cs(83,47): warning CS8625: Cannot convert null literal to non-nullable reference type. [C:\Meno\Projects\MVC.Net\GymMVC\GymBLL\GymBLL.csproj]
C:\Meno\Projects\MVC.Net\GymMVC\GymBLL\Service\Implementation\Member\MemberService.cs(98,51): warning CS8625: Cannot convert null literal to non-nullable reference type. [C:\Meno\Projects\MVC.Net\GymMVC\GymBLL\GymBLL.csproj]
C:\Meno\Projects\MVC.Net\GymMVC\GymBLL\Service\Implementation\Member\MemberService.cs(103,47): warning CS8625: Cannot convert null literal to non-nullable reference type. [C:\Meno\Projects\MVC.Net\GymMVC\GymBLL\GymBLL.csproj]
C:\Meno\Projects\MVC.Net\GymMVC\GymBLL\Service\Implementation\Report\ReportService.cs(34,57): warning CS8625: Cannot convert null literal to non-nullable reference type. [C:\Meno\Projects\MVC.Net\GymMVC\GymBLL\GymBLL.csproj]
C:\Meno\Projects\MVC.Net\GymMVC\GymBLL\Service\Implementation\Report\ReportService.cs(41,60): warning CS8625: Cannot convert null literal to non-nullable reference type. [C:\Meno\Projects\MVC.Net\GymMVC\GymBLL\GymBLL.csproj]
C:\Meno\Projects\MVC.Net\GymMVC\GymBLL\Service\Implementation\Report\ReportService.cs(96,34): warning CS8629: Nullable value type may be null. [C:\Meno\Projects\MVC.Net\GymMVC\GymBLL\GymBLL.csproj]
C:\Meno\Projects\MVC.Net\GymMVC\GymBLL\Service\Implementation\Report\ReportService.cs(133,53): warning CS8625: Cannot convert null literal to non-nullable reference type. [C:\Meno\Projects\MVC.Net\GymMVC\GymBLL\GymBLL.csproj]
C:\Meno\Projects\MVC.Net\GymMVC\GymBLL\Service\Implementation\Member\MemberService.cs(113,51): warning CS8625: Cannot convert null literal to non-nullable reference type. [C:\Meno\Projects\MVC.Net\GymMVC\GymBLL\GymBLL.csproj]
C:\Meno\Projects\MVC.Net\GymMVC\GymBLL\Service\Implementation\Member\MemberService.cs(115,43): warning CS8601: Possible null reference assignment. [C:\Meno\Projects\MVC.Net\GymMVC\GymBLL\GymBLL.csproj]
C:\Meno\Projects\MVC.Net\GymMVC\GymBLL\Service\Implementation\Member\MemberService.cs(118,48): warning CS8629: Nullable value type may be null. [C:\Meno\Projects\MVC.Net\GymMVC\GymBLL\GymBLL.csproj]
C:\Meno\Projects\MVC.Net\GymMVC\GymBLL\Service\Implementation\Member\MemberService.cs(119,41): warning CS8629: Nullable value type may be null. [C:\Meno\Projects\MVC.Net\GymMVC\GymBLL\GymBLL.csproj]
C:\Meno\Projects\MVC.Net\GymMVC\GymBLL\Service\Implementation\Member\MemberService.cs(130,51): warning CS8625: Cannot convert null literal to non-nullable reference type. [C:\Meno\Projects\MVC.Net\GymMVC\GymBLL\GymBLL.csproj]
C:\Meno\Projects\MVC.Net\GymMVC\GymBLL\Service\Implementation\Member\MemberService.cs(135,47): warning CS8625: Cannot convert null literal to non-nullable reference type. [C:\Meno\Projects\MVC.Net\GymMVC\GymBLL\GymBLL.csproj]
C:\Meno\Projects\MVC.Net\GymMVC\GymBLL\Service\Implementation\Financial\SubscriptionService.cs(296,59): warning CS8625: Cannot convert null literal to non-nullable reference type. [C:\Meno\Projects\MVC.Net\GymMVC\GymBLL\GymBLL.csproj]
C:\Meno\Projects\MVC.Net\GymMVC\GymBLL\Service\Implementation\Nutrition\DietPlanItemService.cs(42,53): warning CS8625: Cannot convert null literal to non-nullable reference type. [C:\Meno\Projects\MVC.Net\GymMVC\GymBLL\GymBLL.csproj]
C:\Meno\Projects\MVC.Net\GymMVC\GymBLL\Service\Implementation\Nutrition\DietPlanItemService.cs(46,53): warning CS8625: Cannot convert null literal to non-nullable reference type. [C:\Meno\Projects\MVC.Net\GymMVC\GymBLL\GymBLL.csproj]
C:\Meno\Projects\MVC.Net\GymMVC\GymBLL\Service\Implementation\Nutrition\DietPlanService.cs(51,53): warning CS8625: Cannot convert null literal to non-nullable reference type. [C:\Meno\Projects\MVC.Net\GymMVC\GymBLL\GymBLL.csproj]
C:\Meno\Projects\MVC.Net\GymMVC\GymBLL\Service\Implementation\Nutrition\DietPlanService.cs(57,49): warning CS8625: Cannot convert null literal to non-nullable reference type. [C:\Meno\Projects\MVC.Net\GymMVC\GymBLL\GymBLL.csproj]
C:\Meno\Projects\MVC.Net\GymMVC\GymBLL\Service\Implementation\Nutrition\DietPlanItemService.cs(59,53): warning CS8625: Cannot convert null literal to non-nullable reference type. [C:\Meno\Projects\MVC.Net\GymMVC\GymBLL\GymBLL.csproj]
C:\Meno\Projects\MVC.Net\GymMVC\GymBLL\Service\Implementation\Nutrition\DietPlanItemService.cs(63,53): warning CS8625: Cannot convert null literal to non-nullable reference type. [C:\Meno\Projects\MVC.Net\GymMVC\GymBLL\GymBLL.csproj]
C:\Meno\Projects\MVC.Net\GymMVC\GymBLL\Service\Implementation\Financial\SubscriptionService.cs(309,59): warning CS8625: Cannot convert null literal to non-nullable reference type. [C:\Meno\Projects\MVC.Net\GymMVC\GymBLL\GymBLL.csproj]
C:\Meno\Projects\MVC.Net\GymMVC\GymBLL\Service\Implementation\Nutrition\DietPlanService.cs(76,53): warning CS8625: Cannot convert null literal to non-nullable reference type. [C:\Meno\Projects\MVC.Net\GymMVC\GymBLL\GymBLL.csproj]
C:\Meno\Projects\MVC.Net\GymMVC\GymBLL\Service\Implementation\Nutrition\DietPlanService.cs(81,49): warning CS8625: Cannot convert null literal to non-nullable reference type. [C:\Meno\Projects\MVC.Net\GymMVC\GymBLL\GymBLL.csproj]
C:\Meno\Projects\MVC.Net\GymMVC\GymBLL\Service\Implementation\Nutrition\DietPlanItemService.cs(76,59): warning CS8625: Cannot convert null literal to non-nullable reference type. [C:\Meno\Projects\MVC.Net\GymMVC\GymBLL\GymBLL.csproj]
C:\Meno\Projects\MVC.Net\GymMVC\GymBLL\Service\Implementation\Member\MemberService.cs(191,53): warning CS8625: Cannot convert null literal to non-nullable reference type. [C:\Meno\Projects\MVC.Net\GymMVC\GymBLL\GymBLL.csproj]
C:\Meno\Projects\MVC.Net\GymMVC\GymBLL\Service\Implementation\Financial\SubscriptionService.cs(323,53): warning CS8625: Cannot convert null literal to non-nullable reference type. [C:\Meno\Projects\MVC.Net\GymMVC\GymBLL\GymBLL.csproj]
C:\Meno\Projects\MVC.Net\GymMVC\GymBLL\Service\Implementation\Financial\SubscriptionService.cs(327,53): warning CS8625: Cannot convert null literal to non-nullable reference type. [C:\Meno\Projects\MVC.Net\GymMVC\GymBLL\GymBLL.csproj]
C:\Meno\Projects\MVC.Net\GymMVC\GymBLL\Service\Implementation\Member\MemberService.cs(224,30): warning CS0168: The variable 'ex' is declared but never used [C:\Meno\Projects\MVC.Net\GymMVC\GymBLL\GymBLL.csproj]
C:\Meno\Projects\MVC.Net\GymMVC\GymBLL\Service\Implementation\Trainer\TrainerService.cs(56,30): warning CS0168: The variable 'ex' is declared but never used [C:\Meno\Projects\MVC.Net\GymMVC\GymBLL\GymBLL.csproj]
C:\Meno\Projects\MVC.Net\GymMVC\GymBLL\Service\Implementation\Nutrition\DietPlanItemService.cs(89,59): warning CS8625: Cannot convert null literal to non-nullable reference type. [C:\Meno\Projects\MVC.Net\GymMVC\GymBLL\GymBLL.csproj]
C:\Meno\Projects\MVC.Net\GymMVC\GymBLL\Service\Implementation\TempRegistrationService.cs(67,57): warning CS8625: Cannot convert null literal to non-nullable reference type. [C:\Meno\Projects\MVC.Net\GymMVC\GymBLL\GymBLL.csproj]
C:\Meno\Projects\MVC.Net\GymMVC\GymBLL\Service\Implementation\Trainer\TrainerService.cs(74,52): warning CS8625: Cannot convert null literal to non-nullable reference type. [C:\Meno\Projects\MVC.Net\GymMVC\GymBLL\GymBLL.csproj]
C:\Meno\Projects\MVC.Net\GymMVC\GymBLL\Service\Implementation\Trainer\TrainerService.cs(79,48): warning CS8625: Cannot convert null literal to non-nullable reference type. [C:\Meno\Projects\MVC.Net\GymMVC\GymBLL\GymBLL.csproj]
C:\Meno\Projects\MVC.Net\GymMVC\GymBLL\Service\Implementation\Trainer\TrainerService.cs(77,30): warning CS0168: The variable 'ex' is declared but never used [C:\Meno\Projects\MVC.Net\GymMVC\GymBLL\GymBLL.csproj]
C:\Meno\Projects\MVC.Net\GymMVC\GymBLL\Service\Implementation\Member\MemberService.cs(235,71): warning CS8604: Possible null reference argument for parameter 'email' in 'Task<Member> IMemberRepository.GetByEmailAsync(string email)'. [C:\Meno\Projects\MVC.Net\GymMVC\GymBLL\GymBLL.csproj]
C:\Meno\Projects\MVC.Net\GymMVC\GymBLL\Service\Implementation\Member\MemberService.cs(236,67): warning CS8625: Cannot convert null literal to non-nullable reference type. [C:\Meno\Projects\MVC.Net\GymMVC\GymBLL\GymBLL.csproj]
C:\Meno\Projects\MVC.Net\GymMVC\GymBLL\Service\Implementation\Member\MemberService.cs(254,47): warning CS8625: Cannot convert null literal to non-nullable reference type. [C:\Meno\Projects\MVC.Net\GymMVC\GymBLL\GymBLL.csproj]
C:\Meno\Projects\MVC.Net\GymMVC\GymBLL\Service\Implementation\Financial\SubscriptionService.cs(339,86): warning CS8625: Cannot convert null literal to non-nullable reference type. [C:\Meno\Projects\MVC.Net\GymMVC\GymBLL\GymBLL.csproj]
C:\Meno\Projects\MVC.Net\GymMVC\GymBLL\Service\Implementation\Financial\SubscriptionService.cs(345,80): warning CS8625: Cannot convert null literal to non-nullable reference type. [C:\Meno\Projects\MVC.Net\GymMVC\GymBLL\GymBLL.csproj]
C:\Meno\Projects\MVC.Net\GymMVC\GymBLL\Service\Implementation\Financial\SubscriptionService.cs(382,53): warning CS8625: Cannot convert null literal to non-nullable reference type. [C:\Meno\Projects\MVC.Net\GymMVC\GymBLL\GymBLL.csproj]
C:\Meno\Projects\MVC.Net\GymMVC\GymBLL\Service\Implementation\Financial\SubscriptionService.cs(386,53): warning CS8625: Cannot convert null literal to non-nullable reference type. [C:\Meno\Projects\MVC.Net\GymMVC\GymBLL\GymBLL.csproj]
C:\Meno\Projects\MVC.Net\GymMVC\GymBLL\Service\Implementation\Nutrition\DietPlanAssignmentService.cs(161,35): warning CS8619: Nullability of reference types in value of type 'IIncludableQueryable<DietPlanAssignment, DietPlan?>' doesn't match target type 'IIncludableQueryable<DietPlanAssignment, object>'. [C:\Meno\Projects\MVC.Net\GymMVC\GymBLL\GymBLL.csproj]
C:\Meno\Projects\MVC.Net\GymMVC\GymBLL\Service\Implementation\Nutrition\DietPlanAssignmentService.cs(164,83): warning CS8625: Cannot convert null literal to non-nullable reference type. [C:\Meno\Projects\MVC.Net\GymMVC\GymBLL\GymBLL.csproj]
C:\Meno\Projects\MVC.Net\GymMVC\GymBLL\Service\Implementation\Nutrition\DietPlanAssignmentService.cs(170,59): warning CS8625: Cannot convert null literal to non-nullable reference type. [C:\Meno\Projects\MVC.Net\GymMVC\GymBLL\GymBLL.csproj]
C:\Meno\Projects\MVC.Net\GymMVC\GymBLL\Service\Implementation\Nutrition\DietPlanItemService.cs(97,71): warning CS8625: Cannot convert null literal to non-nullable reference type. [C:\Meno\Projects\MVC.Net\GymMVC\GymBLL\GymBLL.csproj]
C:\Meno\Projects\MVC.Net\GymMVC\GymBLL\Service\Implementation\Nutrition\DietPlanItemService.cs(112,53): warning CS8625: Cannot convert null literal to non-nullable reference type. [C:\Meno\Projects\MVC.Net\GymMVC\GymBLL\GymBLL.csproj]
C:\Meno\Projects\MVC.Net\GymMVC\GymBLL\Service\Implementation\Nutrition\DietPlanItemService.cs(116,53): warning CS8625: Cannot convert null literal to non-nullable reference type. [C:\Meno\Projects\MVC.Net\GymMVC\GymBLL\GymBLL.csproj]
C:\Meno\Projects\MVC.Net\GymMVC\GymBLL\Service\Implementation\TempRegistrationService.cs(75,57): warning CS8625: Cannot convert null literal to non-nullable reference type. [C:\Meno\Projects\MVC.Net\GymMVC\GymBLL\GymBLL.csproj]
C:\Meno\Projects\MVC.Net\GymMVC\GymBLL\Service\Implementation\TempRegistrationService.cs(78,57): warning CS8625: Cannot convert null literal to non-nullable reference type. [C:\Meno\Projects\MVC.Net\GymMVC\GymBLL\GymBLL.csproj]
C:\Meno\Projects\MVC.Net\GymMVC\GymBLL\Service\Implementation\Financial\SubscriptionService.cs(399,53): warning CS8625: Cannot convert null literal to non-nullable reference type. [C:\Meno\Projects\MVC.Net\GymMVC\GymBLL\GymBLL.csproj]
C:\Meno\Projects\MVC.Net\GymMVC\GymBLL\Service\Implementation\Financial\SubscriptionService.cs(403,53): warning CS8625: Cannot convert null literal to non-nullable reference type. [C:\Meno\Projects\MVC.Net\GymMVC\GymBLL\GymBLL.csproj]
C:\Meno\Projects\MVC.Net\GymMVC\GymBLL\Service\Implementation\Trainer\TrainerService.cs(89,52): warning CS8625: Cannot convert null literal to non-nullable reference type. [C:\Meno\Projects\MVC.Net\GymMVC\GymBLL\GymBLL.csproj]
C:\Meno\Projects\MVC.Net\GymMVC\GymBLL\Service\Implementation\Trainer\TrainerService.cs(93,44): warning CS8601: Possible null reference assignment. [C:\Meno\Projects\MVC.Net\GymMVC\GymBLL\GymBLL.csproj]
C:\Meno\Projects\MVC.Net\GymMVC\GymBLL\Service\Implementation\Trainer\TrainerService.cs(106,52): warning CS8625: Cannot convert null literal to non-nullable reference type. [C:\Meno\Projects\MVC.Net\GymMVC\GymBLL\GymBLL.csproj]
C:\Meno\Projects\MVC.Net\GymMVC\GymBLL\Service\Implementation\Trainer\TrainerService.cs(111,48): warning CS8625: Cannot convert null literal to non-nullable reference type. [C:\Meno\Projects\MVC.Net\GymMVC\GymBLL\GymBLL.csproj]
C:\Meno\Projects\MVC.Net\GymMVC\GymBLL\Service\Implementation\Nutrition\MealLogService.cs(63,48): warning CS8625: Cannot convert null literal to non-nullable reference type. [C:\Meno\Projects\MVC.Net\GymMVC\GymBLL\GymBLL.csproj]
C:\Meno\Projects\MVC.Net\GymMVC\GymBLL\Service\Implementation\Nutrition\MealLogService.cs(67,48): warning CS8625: Cannot convert null literal to non-nullable reference type. [C:\Meno\Projects\MVC.Net\GymMVC\GymBLL\GymBLL.csproj]
C:\Meno\Projects\MVC.Net\GymMVC\GymBLL\Service\Implementation\Trainer\TrainerService.cs(126,52): warning CS8625: Cannot convert null literal to non-nullable reference type. [C:\Meno\Projects\MVC.Net\GymMVC\GymBLL\GymBLL.csproj]
C:\Meno\Projects\MVC.Net\GymMVC\GymBLL\Service\Implementation\Trainer\TrainerService.cs(131,48): warning CS8625: Cannot convert null literal to non-nullable reference type. [C:\Meno\Projects\MVC.Net\GymMVC\GymBLL\GymBLL.csproj]
C:\Meno\Projects\MVC.Net\GymMVC\GymBLL\Service\Implementation\Trainer\TrainerService.cs(129,30): warning CS0168: The variable 'ex' is declared but never used [C:\Meno\Projects\MVC.Net\GymMVC\GymBLL\GymBLL.csproj]
C:\Meno\Projects\MVC.Net\GymMVC\GymBLL\Service\Implementation\Member\MemberService.cs(289,53): warning CS8625: Cannot convert null literal to non-nullable reference type. [C:\Meno\Projects\MVC.Net\GymMVC\GymBLL\GymBLL.csproj]
C:\Meno\Projects\MVC.Net\GymMVC\GymBLL\Service\Implementation\Member\FitnessGoalsService.cs(88,90): warning CS8629: Nullable value type may be null. [C:\Meno\Projects\MVC.Net\GymMVC\GymBLL\GymBLL.csproj]
C:\Meno\Projects\MVC.Net\GymMVC\GymBLL\Service\Implementation\Member\FitnessGoalsService.cs(90,57): warning CS8625: Cannot convert null literal to non-nullable reference type. [C:\Meno\Projects\MVC.Net\GymMVC\GymBLL\GymBLL.csproj]
C:\Meno\Projects\MVC.Net\GymMVC\GymBLL\Service\Implementation\Member\FitnessGoalsService.cs(103,53): warning CS8625: Cannot convert null literal to non-nullable reference type. [C:\Meno\Projects\MVC.Net\GymMVC\GymBLL\GymBLL.csproj]
C:\Meno\Projects\MVC.Net\GymMVC\GymBLL\Service\Implementation\Nutrition\MealLogService.cs(77,35): warning CS8619: Nullability of reference types in value of type 'IIncludableQueryable<MealLog, DietPlan?>' doesn't match target type 'IIncludableQueryable<MealLog, object>'. [C:\Meno\Projects\MVC.Net\GymMVC\GymBLL\GymBLL.csproj]
C:\Meno\Projects\MVC.Net\GymMVC\GymBLL\Service\Implementation\Nutrition\MealLogService.cs(82,54): warning CS8625: Cannot convert null literal to non-nullable reference type. [C:\Meno\Projects\MVC.Net\GymMVC\GymBLL\GymBLL.csproj]
C:\Meno\Projects\MVC.Net\GymMVC\GymBLL\Service\Implementation\Nutrition\MealLogService.cs(70,54): warning CS1998: This async method lacks 'await' operators and will run synchronously. Consider using the 'await' operator to await non-blocking API calls, or 'await Task.Run(...)' to do CPU-bound work on a background thread. [C:\Meno\Projects\MVC.Net\GymMVC\GymBLL\GymBLL.csproj]
C:\Meno\Projects\MVC.Net\GymMVC\GymBLL\Service\Implementation\Member\MemberService.cs(319,53): warning CS8625: Cannot convert null literal to non-nullable reference type. [C:\Meno\Projects\MVC.Net\GymMVC\GymBLL\GymBLL.csproj]
C:\Meno\Projects\MVC.Net\GymMVC\GymBLL\Service\Implementation\Workout\WorkoutLogService.cs(92,57): warning CS8625: Cannot convert null literal to non-nullable reference type. [C:\Meno\Projects\MVC.Net\GymMVC\GymBLL\GymBLL.csproj]
C:\Meno\Projects\MVC.Net\GymMVC\GymBLL\Service\Implementation\Nutrition\MealLogService.cs(95,54): warning CS8625: Cannot convert null literal to non-nullable reference type. [C:\Meno\Projects\MVC.Net\GymMVC\GymBLL\GymBLL.csproj]
C:\Meno\Projects\MVC.Net\GymMVC\GymBLL\Service\Implementation\Workout\WorkoutAssignmentService.cs(40,58): warning CS8625: Cannot convert null literal to non-nullable reference type. [C:\Meno\Projects\MVC.Net\GymMVC\GymBLL\GymBLL.csproj]
C:\Meno\Projects\MVC.Net\GymMVC\GymBLL\Service\Implementation\Workout\WorkoutAssignmentService.cs(44,58): warning CS8625: Cannot convert null literal to non-nullable reference type. [C:\Meno\Projects\MVC.Net\GymMVC\GymBLL\GymBLL.csproj]
C:\Meno\Projects\MVC.Net\GymMVC\GymBLL\Service\Implementation\Member\MemberService.cs(354,60): warning CS8625: Cannot convert null literal to non-nullable reference type. [C:\Meno\Projects\MVC.Net\GymMVC\GymBLL\GymBLL.csproj]
C:\Meno\Projects\MVC.Net\GymMVC\GymBLL\Service\Implementation\Nutrition\MealLogService.cs(103,65): warning CS8625: Cannot convert null literal to non-nullable reference type. [C:\Meno\Projects\MVC.Net\GymMVC\GymBLL\GymBLL.csproj]
C:\Meno\Projects\MVC.Net\GymMVC\GymBLL\Service\Implementation\Nutrition\MealLogService.cs(113,48): warning CS8625: Cannot convert null literal to non-nullable reference type. [C:\Meno\Projects\MVC.Net\GymMVC\GymBLL\GymBLL.csproj]
C:\Meno\Projects\MVC.Net\GymMVC\GymBLL\Service\Implementation\Nutrition\MealLogService.cs(117,48): warning CS8625: Cannot convert null literal to non-nullable reference type. [C:\Meno\Projects\MVC.Net\GymMVC\GymBLL\GymBLL.csproj]
C:\Meno\Projects\MVC.Net\GymMVC\GymBLL\Service\Implementation\Workout\WorkoutAssignmentService.cs(58,58): warning CS8625: Cannot convert null literal to non-nullable reference type. [C:\Meno\Projects\MVC.Net\GymMVC\GymBLL\GymBLL.csproj]
C:\Meno\Projects\MVC.Net\GymMVC\GymBLL\Service\Implementation\Workout\WorkoutAssignmentService.cs(62,58): warning CS8625: Cannot convert null literal to non-nullable reference type. [C:\Meno\Projects\MVC.Net\GymMVC\GymBLL\GymBLL.csproj]
C:\Meno\Projects\MVC.Net\GymMVC\GymBLL\Service\Implementation\Nutrition\DietPlanService.cs(94,55): warning CS8625: Cannot convert null literal to non-nullable reference type. [C:\Meno\Projects\MVC.Net\GymMVC\GymBLL\GymBLL.csproj]
C:\Meno\Projects\MVC.Net\GymMVC\GymBLL\Service\Implementation\Workout\WorkoutAssignmentService.cs(76,64): warning CS8625: Cannot convert null literal to non-nullable reference type. [C:\Meno\Projects\MVC.Net\GymMVC\GymBLL\GymBLL.csproj]
C:\Meno\Projects\MVC.Net\GymMVC\GymBLL\Service\Implementation\Identity\RoleService.cs(31,30): warning CS0168: The variable 'ex' is declared but never used [C:\Meno\Projects\MVC.Net\GymMVC\GymBLL\GymBLL.csproj]
C:\Meno\Projects\MVC.Net\GymMVC\GymBLL\Service\Implementation\Nutrition\DietPlanService.cs(107,55): warning CS8625: Cannot convert null literal to non-nullable reference type. [C:\Meno\Projects\MVC.Net\GymMVC\GymBLL\GymBLL.csproj]
C:\Meno\Projects\MVC.Net\GymMVC\GymBLL\Service\Implementation\Trainer\TrainerReviewService.cs(86,60): warning CS8625: Cannot convert null literal to non-nullable reference type. [C:\Meno\Projects\MVC.Net\GymMVC\GymBLL\GymBLL.csproj]
C:\Meno\Projects\MVC.Net\GymMVC\GymBLL\Service\Implementation\Workout\WorkoutAssignmentService.cs(91,64): warning CS8625: Cannot convert null literal to non-nullable reference type. [C:\Meno\Projects\MVC.Net\GymMVC\GymBLL\GymBLL.csproj]
C:\Meno\Projects\MVC.Net\GymMVC\GymBLL\Service\Implementation\Trainer\TrainerReviewService.cs(97,58): warning CS8625: Cannot convert null literal to non-nullable reference type. [C:\Meno\Projects\MVC.Net\GymMVC\GymBLL\GymBLL.csproj]
C:\Meno\Projects\MVC.Net\GymMVC\GymBLL\Service\Implementation\Trainer\TrainerReviewService.cs(113,54): warning CS8625: Cannot convert null literal to non-nullable reference type. [C:\Meno\Projects\MVC.Net\GymMVC\GymBLL\GymBLL.csproj]
C:\Meno\Projects\MVC.Net\GymMVC\GymBLL\Service\Implementation\Workout\WorkoutAssignmentService.cs(100,82): warning CS8625: Cannot convert null literal to non-nullable reference type. [C:\Meno\Projects\MVC.Net\GymMVC\GymBLL\GymBLL.csproj]
C:\Meno\Projects\MVC.Net\GymMVC\GymBLL\Service\Implementation\Workout\WorkoutAssignmentService.cs(111,58): warning CS8625: Cannot convert null literal to non-nullable reference type. [C:\Meno\Projects\MVC.Net\GymMVC\GymBLL\GymBLL.csproj]
C:\Meno\Projects\MVC.Net\GymMVC\GymBLL\Service\Implementation\Workout\WorkoutAssignmentService.cs(115,58): warning CS8625: Cannot convert null literal to non-nullable reference type. [C:\Meno\Projects\MVC.Net\GymMVC\GymBLL\GymBLL.csproj]
C:\Meno\Projects\MVC.Net\GymMVC\GymBLL\Service\Implementation\Nutrition\DietPlanService.cs(117,53): warning CS8625: Cannot convert null literal to non-nullable reference type. [C:\Meno\Projects\MVC.Net\GymMVC\GymBLL\GymBLL.csproj]
C:\Meno\Projects\MVC.Net\GymMVC\GymBLL\Service\Implementation\Nutrition\DietPlanService.cs(135,53): warning CS8625: Cannot convert null literal to non-nullable reference type. [C:\Meno\Projects\MVC.Net\GymMVC\GymBLL\GymBLL.csproj]
C:\Meno\Projects\MVC.Net\GymMVC\GymBLL\Service\Implementation\Nutrition\DietPlanService.cs(140,49): warning CS8625: Cannot convert null literal to non-nullable reference type. [C:\Meno\Projects\MVC.Net\GymMVC\GymBLL\GymBLL.csproj]
C:\Meno\Projects\MVC.Net\GymMVC\GymBLL\Service\Implementation\Identity\AccountService.cs(41,53): warning CS8625: Cannot convert null literal to non-nullable reference type. [C:\Meno\Projects\MVC.Net\GymMVC\GymBLL\GymBLL.csproj]
C:\Meno\Projects\MVC.Net\GymMVC\GymBLL\Service\Implementation\Identity\AccountService.cs(48,49): warning CS8625: Cannot convert null literal to non-nullable reference type. [C:\Meno\Projects\MVC.Net\GymMVC\GymBLL\GymBLL.csproj]
C:\Meno\Projects\MVC.Net\GymMVC\GymBLL\Service\Implementation\TempRegistrationService.cs(90,75): warning CS8625: Cannot convert null literal to non-nullable reference type. [C:\Meno\Projects\MVC.Net\GymMVC\GymBLL\GymBLL.csproj]
C:\Meno\Projects\MVC.Net\GymMVC\GymBLL\Service\Implementation\Identity\AccountService.cs(70,30): warning CS0168: The variable 'ex' is declared but never used [C:\Meno\Projects\MVC.Net\GymMVC\GymBLL\GymBLL.csproj]
C:\Meno\Projects\MVC.Net\GymMVC\GymBLL\Service\Implementation\TempRegistrationService.cs(113,76): warning CS8625: Cannot convert null literal to non-nullable reference type. [C:\Meno\Projects\MVC.Net\GymMVC\GymBLL\GymBLL.csproj]
C:\Meno\Projects\MVC.Net\GymMVC\GymBLL\Service\Implementation\Identity\AccountService.cs(82,30): warning CS0168: The variable 'ex' is declared but never used [C:\Meno\Projects\MVC.Net\GymMVC\GymBLL\GymBLL.csproj]
C:\Meno\Projects\MVC.Net\GymMVC\GymBLL\Service\Implementation\Nutrition\DietPlanService.cs(206,62): warning CS8625: Cannot convert null literal to non-nullable reference type. [C:\Meno\Projects\MVC.Net\GymMVC\GymBLL\GymBLL.csproj]
C:\Meno\Projects\MVC.Net\GymMVC\GymBLL\Service\Implementation\TempRegistrationService.cs(133,76): warning CS8625: Cannot convert null literal to non-nullable reference type. [C:\Meno\Projects\MVC.Net\GymMVC\GymBLL\GymBLL.csproj]
C:\Meno\Projects\MVC.Net\GymMVC\GymBLL\Service\Implementation\Identity\AccountService.cs(94,75): warning CS8625: Cannot convert null literal to non-nullable reference type. [C:\Meno\Projects\MVC.Net\GymMVC\GymBLL\GymBLL.csproj]
C:\Meno\Projects\MVC.Net\GymMVC\GymBLL\Service\Implementation\Identity\AccountService.cs(97,24): warning CS8619: Nullability of reference types in value of type 'Task<(Response<ApplicationUser>, string? role)>' doesn't match target type 'Task<(Response<ApplicationUser>, string Role)>'. [C:\Meno\Projects\MVC.Net\GymMVC\GymBLL\GymBLL.csproj]
C:\Meno\Projects\MVC.Net\GymMVC\GymBLL\Service\Implementation\Identity\AccountService.cs(99,30): warning CS0168: The variable 'ex' is declared but never used [C:\Meno\Projects\MVC.Net\GymMVC\GymBLL\GymBLL.csproj]
C:\Meno\Projects\MVC.Net\GymMVC\GymBLL\Service\Implementation\Trainer\TrainerReviewService.cs(163,60): warning CS8625: Cannot convert null literal to non-nullable reference type. [C:\Meno\Projects\MVC.Net\GymMVC\GymBLL\GymBLL.csproj]
C:\Meno\Projects\MVC.Net\GymMVC\GymBLL\Service\Implementation\Financial\SubscriptionService.cs(440,53): warning CS8602: Dereference of a possibly null reference. [C:\Meno\Projects\MVC.Net\GymMVC\GymBLL\GymBLL.csproj]
C:\Meno\Projects\MVC.Net\GymMVC\GymBLL\Service\Implementation\Financial\SubscriptionService.cs(440,84): warning CS8602: Dereference of a possibly null reference. [C:\Meno\Projects\MVC.Net\GymMVC\GymBLL\GymBLL.csproj]
C:\Meno\Projects\MVC.Net\GymMVC\GymBLL\Service\Implementation\Financial\SubscriptionService.cs(448,64): warning CS8625: Cannot convert null literal to non-nullable reference type. [C:\Meno\Projects\MVC.Net\GymMVC\GymBLL\GymBLL.csproj]
C:\Meno\Projects\MVC.Net\GymMVC\GymBLL\Service\Implementation\Financial\SubscriptionService.cs(464,60): warning CS8625: Cannot convert null literal to non-nullable reference type. [C:\Meno\Projects\MVC.Net\GymMVC\GymBLL\GymBLL.csproj]
C:\Meno\Projects\MVC.Net\GymMVC\GymBLL\Service\Implementation\Trainer\TrainerReviewService.cs(195,60): warning CS8625: Cannot convert null literal to non-nullable reference type. [C:\Meno\Projects\MVC.Net\GymMVC\GymBLL\GymBLL.csproj]
C:\Meno\Projects\MVC.Net\GymMVC\GymBLL\Service\Implementation\Identity\AccountService.cs(130,100): warning CS8604: Possible null reference argument for parameter 'stringToEscape' in 'string Uri.EscapeDataString(string stringToEscape)'. [C:\Meno\Projects\MVC.Net\GymMVC\GymBLL\GymBLL.csproj]
C:\Meno\Projects\MVC.Net\GymMVC\GymBLL\Service\Implementation\Financial\SubscriptionService.cs(479,52): warning CS8602: Dereference of a possibly null reference. [C:\Meno\Projects\MVC.Net\GymMVC\GymBLL\GymBLL.csproj]
C:\Meno\Projects\MVC.Net\GymMVC\GymBLL\Service\Implementation\Financial\SubscriptionService.cs(488,64): warning CS8625: Cannot convert null literal to non-nullable reference type. [C:\Meno\Projects\MVC.Net\GymMVC\GymBLL\GymBLL.csproj]
C:\Meno\Projects\MVC.Net\GymMVC\GymBLL\Service\Implementation\Financial\SubscriptionService.cs(502,60): warning CS8625: Cannot convert null literal to non-nullable reference type. [C:\Meno\Projects\MVC.Net\GymMVC\GymBLL\GymBLL.csproj]
C:\Meno\Projects\MVC.Net\GymMVC\GymBLL\Service\Implementation\Report\ReportService.cs(82,89): error CS1061: 'Member' does not contain a definition for 'Weight' and no accessible extension method 'Weight' accepting a first argument of type 'Member' could be found (are you missing a using directive or an assembly reference?) [C:\Meno\Projects\MVC.Net\GymMVC\GymBLL\GymBLL.csproj]
C:\Meno\Projects\MVC.Net\GymMVC\GymBLL\Service\Implementation\Report\ReportService.cs(84,64): error CS0104: 'WeightLogVM' is an ambiguous reference between 'GymBLL.ModelVM.Member.WeightLogVM' and 'GymBLL.ModelVM.Report.WeightLogVM' [C:\Meno\Projects\MVC.Net\GymMVC\GymBLL\GymBLL.csproj]
C:\Meno\Projects\MVC.Net\GymMVC\GymBLL\Service\Implementation\Report\ReportService.cs(106,60): error CS0104: 'MealLogVM' is an ambiguous reference between 'GymBLL.ModelVM.Nutrition.MealLogVM' and 'GymBLL.ModelVM.Report.MealLogVM' [C:\Meno\Projects\MVC.Net\GymMVC\GymBLL\GymBLL.csproj]
    333 Warning(s)
    3 Error(s)

Time Elapsed 00:00:01.82
